2026-06-19 01:27:40,654 - MainProcess[MainThread]- browser_manager      - INFO    : BROWSER 4140398142: Launching browser...
2026-06-19 01:27:40,655 - MainProcess[MainThread]- browser_manager      - DEBUG   : BROWSER 4140398142: Spawn attempt 0 
2026-06-19 01:27:40,659 - MainProcess[MainThread]- storage_controller   - INFO    : Initializing new handler for TaskManager
2026-06-19 01:27:40,674 - MainProcess[MainThread]- deploy_firefox       - DEBUG   : BROWSER 4140398142: Saved extension config file to: /tmp/firefox_profile_hw7hbegb/browser_params.json
2026-06-19 01:27:40,685 - MainProcess[log-interceptor-4140398142]- selenium_firefox     - DEBUG   : BROWSER 4140398142: driver: 1781825260685	geckodriver	INFO	Listening on 127.0.0.1:37905
2026-06-19 01:27:40,721 - MainProcess[log-interceptor-4140398142]- selenium_firefox     - DEBUG   : BROWSER 4140398142: driver: 1781825260721	mozrunner::runner	INFO	Running command: MOZ_CRASHREPORTER="1" MOZ_CRASHREPORTER_NO_REPORT="1" MOZ_CRASHREPORTER_SHUTDOWN="1" "/home/pedro/Escritorio ...  "--headless" "--width=1366" "--height=768" "--remote-debugging-port" "61943" "--remote-allow-hosts" "localhost" "-no-remote"
2026-06-19 01:27:40,774 - MainProcess[log-interceptor-4140398142]- selenium_firefox     - DEBUG   : BROWSER 4140398142: driver: *** You are running in headless mode.
2026-06-19 01:27:40,916 - MainProcess[log-interceptor-4140398142]- selenium_firefox     - DEBUG   : BROWSER 4140398142: driver: console.warn: services.settings: Ignoring preference override of remote settings server
2026-06-19 01:27:40,917 - MainProcess[log-interceptor-4140398142]- selenium_firefox     - DEBUG   : BROWSER 4140398142: driver: console.warn: services.settings: Allow by setting MOZ_REMOTE_SETTINGS_DEVTOOLS=1 in the environment
2026-06-19 01:27:41,587 - MainProcess[log-interceptor-4140398142]- selenium_firefox     - DEBUG   : BROWSER 4140398142: driver: 1781825261587	Marionette	INFO	Marionette enabled
2026-06-19 01:27:41,838 - MainProcess[log-interceptor-4140398142]- selenium_firefox     - DEBUG   : BROWSER 4140398142: driver: console.error: "Warning: unrecognized command line flag" "-width"
2026-06-19 01:27:41,838 - MainProcess[log-interceptor-4140398142]- selenium_firefox     - DEBUG   : BROWSER 4140398142: driver: console.error: "Warning: unrecognized command line flag" "-height"
2026-06-19 01:27:41,895 - MainProcess[log-interceptor-4140398142]- selenium_firefox     - DEBUG   : BROWSER 4140398142: driver: 1781825261895	Marionette	INFO	Listening on port 32233
2026-06-19 01:27:41,931 - MainProcess[log-interceptor-4140398142]- selenium_firefox     - DEBUG   : BROWSER 4140398142: driver: WebDriver BiDi listening on ws://127.0.0.1:61943
2026-06-19 01:27:41,941 - MainProcess[log-interceptor-4140398142]- selenium_firefox     - DEBUG   : BROWSER 4140398142: driver: Read port: 32233
2026-06-19 01:27:42,202 - MainProcess[log-interceptor-4140398142]- selenium_firefox     - DEBUG   : BROWSER 4140398142: driver: 1781825262202	RemoteAgent	WARN	TLS certificate errors will be ignored for this session
2026-06-19 01:27:45,263 - MainProcess[MainThread]- deploy_firefox       - DEBUG   : BROWSER 4140398142: OpenWPM Firefox extension loaded
2026-06-19 01:27:45,275 - MainProcess[Thread-1 (_start_listener)]- FirefoxExtension     - DEBUG   : Navigation instrumentation enabled
2026-06-19 01:27:45,276 - MainProcess[log-interceptor-4140398142]- selenium_firefox     - DEBUG   : BROWSER 4140398142: driver: console.log: WebExtensions: Wrote to /tmp/firefox_profile_hw7hbegb/extension_port.txt
2026-06-19 01:27:45,277 - MainProcess[MainThread]- browser_manager      - DEBUG   : BROWSER 4140398142: Looking for extension port information in /tmp/firefox_profile_hw7hbegb
2026-06-19 01:27:45,279 - MainProcess[MainThread]- browser_manager      - DEBUG   : BROWSER 4140398142: Connecting to extension on port 11201
2026-06-19 01:27:45,280 - MainProcess[Thread-1 (_start_listener)]- FirefoxExtension     - DEBUG   : Cookie instrumentation enabled
2026-06-19 01:27:45,285 - MainProcess[Thread-1 (_start_listener)]- FirefoxExtension     - DEBUG   : Javascript instrumentation enabled
2026-06-19 01:27:45,289 - MainProcess[MainThread]- storage_controller   - INFO    : Initializing new handler for Browser-4140398142
2026-06-19 01:27:45,315 - MainProcess[Thread-1 (_start_listener)]- FirefoxExtension     - DEBUG   : HTTP Instrumentation enabled
2026-06-19 01:27:45,325 - MainProcess[Thread-1 (_start_listener)]- FirefoxExtension     - DEBUG   : DNS instrumentation enabled
2026-06-19 01:27:45,325 - MainProcess[log-interceptor-4140398142]- selenium_firefox     - DEBUG   : BROWSER 4140398142: driver: console.log: WebExtensions: Wrote to /tmp/firefox_profile_hw7hbegb/OPENWPM_STARTUP_SUCCESS.txt
2026-06-19 01:27:45,387 - MainProcess[MainThread]- browser_manager      - DEBUG   : BROWSER 4140398142: BrowserManager ready.
2026-06-19 01:27:45,394 - MainProcess[MainThread]- browser_manager      - DEBUG   : BROWSER 4140398142: Browser spawn successful!
2026-06-19 01:27:45,540 - MainProcess[MainThread]- storage_controller   - INFO    : Initializing new handler for StorageControllerHandle
2026-06-19 01:27:45,551 - MainProcess[MainThread]- storage_controller   - INFO    : Awaiting all tasks for visit_id -1
2026-06-19 01:27:45,552 - MainProcess[MainThread]- storage_controller   - DEBUG   : Awaited all tasks for visit_id -1 while finalizing
2026-06-19 01:27:45,565 - MainProcess[MainThread]- task_manager         - INFO    : 

OpenWPM Version: b'v0.32.0'
Firefox Version: b'148.0'

========== Manager Configuration ==========
{
  "_failure_limit": null,
  "data_directory": "/home/pedro/Escritorio/UNI/CUARTO/tfg/Herramienta_Priv/output/api_tasks/b07f723f37ce/elmundo.es_20260619_012737/openwpm",
  "log_path": "/home/pedro/Escritorio/UNI/CUARTO/tfg/Herramienta_Priv/output/api_tasks/b07f723f37ce/elmundo.es_20260619_012737/openwpm/openwpm.log",
  "logger_address": [
    "127.0.0.1",
    34889
  ],
  "memory_watchdog": false,
  "num_browsers": 1,
  "process_watchdog": false,
  "screenshot_path": "/home/pedro/Escritorio/UNI/CUARTO/tfg/Herramienta_Priv/output/api_tasks/b07f723f37ce/elmundo.es_20260619_012737/openwpm/screenshots",
  "source_dump_path": "/home/pedro/Escritorio/UNI/CUARTO/tfg/Herramienta_Priv/output/api_tasks/b07f723f37ce/elmundo.es_20260619_012737/openwpm/sources",
  "storage_controller_address": [
    "127.0.0.1",
    9341
  ],
  "testing": false
}

========== Browser Configuration ==========
Keys:
{
  "browser_id": 0,
  "bot_mitigation": 1,
  "browser": 2,
  "callstack_instrument": 3,
  "cookie_instrument": 4,
  "custom_params": 5,
  "display_mode": 6,
  "dns_instrument": 7,
  "donottrack": 8,
  "http_instrument": 9,
  "js_instrument": 10,
  "js_instrument_settings": 11,
  "maximum_profile_size": 12,
  "navigation_instrument": 13,
  "prefs": 14,
  "profile_path": 15,
  "recovery_tar": 16,
  "save_content": 17,
  "tmp_profile_dir": 18,
  "tp_cookies": 19,
  "tracking_protection": 20
}

         0  1      2        3      4     5    6         7     8      9     10    11                             12    13    14    15    16    17     18    19      20
----------  -----  -------  -----  ----  ---  --------  ----  -----  ----  ----  -----------------------------  ----  ----  ----  ----  ----  -----  ----  ------  -----
4140398142  False  firefox  False  True  {}   headless  True  False  True  True  ['collection_fingerprinting']        True  {}                False  /tmp  always  False

========== JS Instrument Settings ==========
{"4140398142":[{"object":"window['ScriptProcessorNode'].prototype","instrumentedName":"ScriptProcessorNode","logSettings":{"propertiesToInstrument":[],"nonExistingPropertiesToInstrument":[],"excludedProperties":[],"logCallStack":false,"logFunctionsAsStrings":false,"logFunctionGets":false,"preventSets":false,"recursive":false,"depth":5}},{"object":"window['GainNode'].prototype","instrumentedName":"GainNode","logSettings":{"propertiesToInstrument":[],"nonExistingPropertiesToInstrument":[],"excludedProperties":[],"logCallStack":false,"logFunctionsAsStrings":false,"logFunctionGets":false,"preventSets":false,"recursive":false,"depth":5}},{"object":"window['AnalyserNode'].prototype","instrumentedName":"AnalyserNode","logSettings":{"propertiesToInstrument":[],"nonExistingPropertiesToInstrument":[],"excludedProperties":[],"logCallStack":false,"logFunctionsAsStrings":false,"logFunctionGets":false,"preventSets":false,"recursive":false,"depth":5}},{"object":"window['OscillatorNode'].prototype","instrumentedName":"OscillatorNode","logSettings":{"propertiesToInstrument":[],"nonExistingPropertiesToInstrument":[],"excludedProperties":[],"logCallStack":false,"logFunctionsAsStrings":false,"logFunctionGets":false,"preventSets":false,"recursive":false,"depth":5}},{"object":"window['OfflineAudioContext'].prototype","instrumentedName":"OfflineAudioContext","logSettings":{"propertiesToInstrument":[],"nonExistingPropertiesToInstrument":[],"excludedProperties":[],"logCallStack":false,"logFunctionsAsStrings":false,"logFunctionGets":false,"preventSets":false,"recursive":false,"depth":5}},{"object":"window['AudioContext'].prototype","instrumentedName":"AudioContext","logSettings":{"propertiesToInstrument":[],"nonExistingPropertiesToInstrument":[],"excludedProperties":[],"logCallStack":false,"logFunctionsAsStrings":false,"logFunctionGets":false,"preventSets":false,"recursive":false,"depth":5}},{"object":"window['RTCPeerConnection'].prototype","instrumentedName":"RTCPeerConnection","logSettings":{"propertiesToInstrument":[],"nonExistingPropertiesToInstrument":[],"excludedProperties":[],"logCallStack":false,"logFunctionsAsStrings":false,"logFunctionGets":false,"preventSets":false,"recursive":false,"depth":5}},{"object":"window['HTMLCanvasElement'].prototype","instrumentedName":"HTMLCanvasElement","logSettings":{"propertiesToInstrument":[],"nonExistingPropertiesToInstrument":[],"excludedProperties":[],"logCallStack":false,"logFunctionsAsStrings":false,"logFunctionGets":false,"preventSets":false,"recursive":false,"depth":5}},{"object":"window['Storage'].prototype","instrumentedName":"Storage","logSettings":{"propertiesToInstrument":[],"nonExistingPropertiesToInstrument":[],"excludedProperties":[],"logCallStack":false,"logFunctionsAsStrings":false,"logFunctionGets":false,"preventSets":false,"recursive":false,"depth":5}},{"object":"window.navigator","instrumentedName":"window.navigator","logSettings":{"propertiesToInstrument":[],"nonExistingPropertiesToInstrument":[],"excludedProperties":[],"logCallStack":false,"logFunctionsAsStrings":false,"logFunctionGets":false,"preventSets":false,"recursive":false,"depth":5}},{"object":"window['CanvasRenderingContext2D'].prototype","instrumentedName":"CanvasRenderingContext2D","logSettings":{"propertiesToInstrument":[],"nonExistingPropertiesToInstrument":[],"excludedProperties":["beginPath","globalAlpha","drawImage","moveTo","canvas","lineTo","quadraticCurveTo","transform","closePath","translate","clearRect","setTransform"],"logCallStack":false,"logFunctionsAsStrings":false,"logFunctionGets":false,"preventSets":false,"recursive":false,"depth":5}},{"object":"window","instrumentedName":"window","logSettings":{"propertiesToInstrument":["sessionStorage","localStorage","name"],"nonExistingPropertiesToInstrument":[],"excludedProperties":[],"logCallStack":false,"logFunctionsAsStrings":false,"logFunctionGets":false,"preventSets":false,"recursive":false,"depth":5}},{"object":"window.document","instrumentedName":"window.document","logSettings":{"propertiesToInstrument":["referrer","cookie"],"nonExistingPropertiesToInstrument":[],"excludedProperties":[],"logCallStack":true,"logFunctionsAsStrings":false,"logFunctionGets":false,"preventSets":false,"recursive":false,"depth":5}},{"object":"window.screen","instrumentedName":"window.screen","logSettings":{"propertiesToInstrument":["colorDepth","pixelDepth"],"nonExistingPropertiesToInstrument":[],"excludedProperties":[],"logCallStack":false,"logFunctionsAsStrings":false,"logFunctionGets":false,"preventSets":false,"recursive":false,"depth":5}}]}

========== Input profile tar files ==========
  No profile tar files specified

========== Output (archive) profile dirs ==========
  No profile archive directories specified


2026-06-19 01:27:45,575 - MainProcess[MainThread]- storage_controller   - INFO    : Terminating handler for StorageControllerHandle, because the underlying socket closed
2026-06-19 01:27:45,656 - MainProcess[MainThread]- storage_controller   - DEBUG   : StorageController status: There are currently 0 scheduled tasks for 0 visit_ids
2026-06-19 01:27:45,659 - MainProcess[MainThread]- task_manager         - DEBUG   : Checking command failure status indicator...
2026-06-19 01:27:45,662 - MainProcess[BrowserManagerHandle-4140398142]- browser_manager      - INFO    : Starting to work on CommandSequence with visit_id 6287292725645910 on browser with id 4140398142
2026-06-19 01:27:45,669 - MainProcess[MainThread]- browser_manager      - INFO    : BROWSER 4140398142: EXECUTING COMMAND: InitializeCommand()
2026-06-19 01:27:45,671 - MainProcess[MainThread]- browser_manager      - INFO    : BROWSER 4140398142: EXECUTING COMMAND: GetCommand(https://www.elmundo.es/,15)
2026-06-19 01:27:45,692 - MainProcess[Thread-1 (_start_listener)]- FirefoxExtension     - DEBUG   : Setting visit_id the legacy way
2026-06-19 01:27:49,914 - MainProcess[log-interceptor-4140398142]- selenium_firefox     - DEBUG   : BROWSER 4140398142: driver: JavaScript warning: https://adtcdn.unidadeditorial.es/gexp/_gam_kv_.js, line 1: unreachable code after return statement
2026-06-19 01:27:49,915 - MainProcess[log-interceptor-4140398142]- selenium_firefox     - DEBUG   : BROWSER 4140398142: driver: JavaScript warning: https://adtcdn.unidadeditorial.es/gexp/_gam_kv_.js, line 1: unreachable code after return statement
2026-06-19 01:27:49,980 - MainProcess[log-interceptor-4140398142]- selenium_firefox     - DEBUG   : BROWSER 4140398142: driver: JavaScript warning: https://www.elmundo.es/, line 949: unreachable code after return statement
2026-06-19 01:27:50,608 - MainProcess[log-interceptor-4140398142]- selenium_firefox     - DEBUG   : BROWSER 4140398142: driver: JavaScript error: https://www.elmundo.es/, line 2227: TypeError: can't access property "mobile", navigator.userAgentData is undefined
2026-06-19 01:27:50,667 - MainProcess[MainThread]- storage_controller   - DEBUG   : StorageController status: There are currently 0 scheduled tasks for 1 visit_ids
2026-06-19 01:27:53,142 - MainProcess[log-interceptor-4140398142]- selenium_firefox     - DEBUG   : BROWSER 4140398142: driver: JavaScript warning: https://tags.tiqcdn.com/utag/unidadeditorial/elmundo/prod/utag.js, line 455: unreachable code after return statement
2026-06-19 01:27:55,709 - MainProcess[MainThread]- storage_controller   - DEBUG   : StorageController status: There are currently 18 scheduled tasks for 1 visit_ids
2026-06-19 01:27:59,325 - MainProcess[log-interceptor-4140398142]- selenium_firefox     - DEBUG   : BROWSER 4140398142: driver: JavaScript warning: https://tags.tiqcdn.com/utag/unidadeditorial/elmundo/prod/utag.js, line 455: unreachable code after return statement
2026-06-19 01:28:00,716 - MainProcess[MainThread]- storage_controller   - DEBUG   : StorageController status: There are currently 0 scheduled tasks for 1 visit_ids
2026-06-19 01:28:05,724 - MainProcess[MainThread]- storage_controller   - DEBUG   : StorageController status: There are currently 0 scheduled tasks for 1 visit_ids
2026-06-19 01:28:07,757 - MainProcess[log-interceptor-4140398142]- selenium_firefox     - DEBUG   : BROWSER 4140398142: driver: JavaScript warning: https://cdn.taboola.com/webpush/tgframe_v2.html, line 28: Script terminated by timeout at:
2026-06-19 01:28:07,758 - MainProcess[log-interceptor-4140398142]- selenium_firefox     - DEBUG   : BROWSER 4140398142: driver: getInstrumentJS/Object.getPropertyDescriptor@https://cdn.taboola.com/webpush/tgframe_v2.html:28:61
2026-06-19 01:28:07,759 - MainProcess[log-interceptor-4140398142]- selenium_firefox     - DEBUG   : BROWSER 4140398142: driver: instrumentObjectProperty@https://cdn.taboola.com/webpush/tgframe_v2.html:379:33
2026-06-19 01:28:07,759 - MainProcess[log-interceptor-4140398142]- selenium_firefox     - DEBUG   : BROWSER 4140398142: driver: instrumentObject@https://cdn.taboola.com/webpush/tgframe_v2.html:530:41
2026-06-19 01:28:07,759 - MainProcess[log-interceptor-4140398142]- selenium_firefox     - DEBUG   : BROWSER 4140398142: driver: getInstrumentJS/instrumentJS/<@https://cdn.taboola.com/webpush/tgframe_v2.html:575:29
2026-06-19 01:28:07,760 - MainProcess[log-interceptor-4140398142]- selenium_firefox     - DEBUG   : BROWSER 4140398142: driver: instrumentJS@https://cdn.taboola.com/webpush/tgframe_v2.html:574:30
2026-06-19 01:28:07,760 - MainProcess[log-interceptor-4140398142]- selenium_firefox     - DEBUG   : BROWSER 4140398142: driver: pageScript@https://cdn.taboola.com/webpush/tgframe_v2.html:604:17
2026-06-19 01:28:07,761 - MainProcess[log-interceptor-4140398142]- selenium_firefox     - DEBUG   : BROWSER 4140398142: driver: @https://cdn.taboola.com/webpush/tgframe_v2.html:611:2
2026-06-19 01:28:07,772 - MainProcess[log-interceptor-4140398142]- selenium_firefox     - DEBUG   : BROWSER 4140398142: driver: 
2026-06-19 01:28:10,829 - MainProcess[MainThread]- storage_controller   - DEBUG   : StorageController status: There are currently 0 scheduled tasks for 1 visit_ids
2026-06-19 01:28:15,868 - MainProcess[MainThread]- storage_controller   - DEBUG   : StorageController status: There are currently 0 scheduled tasks for 1 visit_ids
2026-06-19 01:28:20,872 - MainProcess[MainThread]- storage_controller   - DEBUG   : StorageController status: There are currently 0 scheduled tasks for 1 visit_ids
2026-06-19 01:28:23,153 - MainProcess[MainThread]- browser_manager      - INFO    : BROWSER 4140398142: EXECUTING COMMAND: FinalizeCommand(5)
2026-06-19 01:28:23,975 - MainProcess[log-interceptor-4140398142]- selenium_firefox     - DEBUG   : BROWSER 4140398142: driver: JavaScript warning: https://sdk.mrf.io/statics/marfeel-sdk.js?id=2298, line 2: Script terminated by timeout at:
2026-06-19 01:28:23,975 - MainProcess[log-interceptor-4140398142]- selenium_firefox     - DEBUG   : BROWSER 4140398142: driver: getTimeSinceStart@https://sdk.mrf.io/statics/marfeel-sdk.js?id=2298:2:77541
2026-06-19 01:28:23,976 - MainProcess[log-interceptor-4140398142]- selenium_firefox     - DEBUG   : BROWSER 4140398142: driver: handleEvent@https://sdk.mrf.io/statics/marfeel-sdk.js?id=2298:2:77723
2026-06-19 01:28:23,976 - MainProcess[log-interceptor-4140398142]- selenium_firefox     - DEBUG   : BROWSER 4140398142: driver: eventTriggered@https://sdk.mrf.io/statics/marfeel-sdk.js?id=2298:2:77668
2026-06-19 01:28:23,976 - MainProcess[log-interceptor-4140398142]- selenium_firefox     - DEBUG   : BROWSER 4140398142: driver: 960/listenToEvents/this.removeBeforeLeavingListener<@https://sdk.mrf.io/statics/marfeel-sdk.js?id=2298:2:77106
2026-06-19 01:28:23,977 - MainProcess[log-interceptor-4140398142]- selenium_firefox     - DEBUG   : BROWSER 4140398142: driver: 960/P/<@https://sdk.mrf.io/statics/marfeel-sdk.js?id=2298:2:9348
2026-06-19 01:28:23,977 - MainProcess[log-interceptor-4140398142]- selenium_firefox     - DEBUG   : BROWSER 4140398142: driver: 
2026-06-19 01:28:23,978 - MainProcess[log-interceptor-4140398142]- selenium_firefox     - DEBUG   : BROWSER 4140398142: driver: JavaScript error: moz-extension://571191a8-7854-4fb0-9807-899c078e52e3/feature.js, line 737: TypeError: can't access property "windowId", sender.tab is undefined
2026-06-19 01:28:23,978 - MainProcess[log-interceptor-4140398142]- selenium_firefox     - DEBUG   : BROWSER 4140398142: driver: JavaScript error: moz-extension://571191a8-7854-4fb0-9807-899c078e52e3/feature.js, line 737: TypeError: can't access property "windowId", sender.tab is undefined
2026-06-19 01:28:24,000 - MainProcess[log-interceptor-4140398142]- selenium_firefox     - DEBUG   : BROWSER 4140398142: driver: JavaScript error: moz-extension://571191a8-7854-4fb0-9807-899c078e52e3/feature.js, line 737: TypeError: can't access property "windowId", sender.tab is undefined
2026-06-19 01:28:24,001 - MainProcess[log-interceptor-4140398142]- selenium_firefox     - DEBUG   : BROWSER 4140398142: driver: JavaScript error: moz-extension://571191a8-7854-4fb0-9807-899c078e52e3/feature.js, line 737: TypeError: can't access property "windowId", sender.tab is undefined
2026-06-19 01:28:24,001 - MainProcess[log-interceptor-4140398142]- selenium_firefox     - DEBUG   : BROWSER 4140398142: driver: JavaScript error: moz-extension://571191a8-7854-4fb0-9807-899c078e52e3/feature.js, line 737: TypeError: can't access property "windowId", sender.tab is undefined
2026-06-19 01:28:24,001 - MainProcess[log-interceptor-4140398142]- selenium_firefox     - DEBUG   : BROWSER 4140398142: driver: JavaScript error: moz-extension://571191a8-7854-4fb0-9807-899c078e52e3/feature.js, line 737: TypeError: can't access property "windowId", sender.tab is undefined
2026-06-19 01:28:24,002 - MainProcess[log-interceptor-4140398142]- selenium_firefox     - DEBUG   : BROWSER 4140398142: driver: JavaScript error: moz-extension://571191a8-7854-4fb0-9807-899c078e52e3/feature.js, line 737: TypeError: can't access property "windowId", sender.tab is undefined
2026-06-19 01:28:24,002 - MainProcess[log-interceptor-4140398142]- selenium_firefox     - DEBUG   : BROWSER 4140398142: driver: JavaScript error: undefined, line 0: Error: can't access property "windowId", sender.tab is undefined
2026-06-19 01:28:24,002 - MainProcess[log-interceptor-4140398142]- selenium_firefox     - DEBUG   : BROWSER 4140398142: driver: JavaScript error: undefined, line 0: Error: can't access property "windowId", sender.tab is undefined
2026-06-19 01:28:24,018 - MainProcess[log-interceptor-4140398142]- selenium_firefox     - DEBUG   : BROWSER 4140398142: driver: JavaScript error: undefined, line 0: Error: can't access property "windowId", sender.tab is undefined
2026-06-19 01:28:24,018 - MainProcess[log-interceptor-4140398142]- selenium_firefox     - DEBUG   : BROWSER 4140398142: driver: JavaScript error: undefined, line 0: Error: can't access property "windowId", sender.tab is undefined
2026-06-19 01:28:24,018 - MainProcess[log-interceptor-4140398142]- selenium_firefox     - DEBUG   : BROWSER 4140398142: driver: JavaScript error: moz-extension://571191a8-7854-4fb0-9807-899c078e52e3/feature.js, line 737: TypeError: can't access property "windowId", sender.tab is undefined
2026-06-19 01:28:24,019 - MainProcess[log-interceptor-4140398142]- selenium_firefox     - DEBUG   : BROWSER 4140398142: driver: JavaScript error: undefined, line 0: Error: can't access property "windowId", sender.tab is undefined
2026-06-19 01:28:24,019 - MainProcess[log-interceptor-4140398142]- selenium_firefox     - DEBUG   : BROWSER 4140398142: driver: JavaScript error: undefined, line 0: Error: can't access property "windowId", sender.tab is undefined
2026-06-19 01:28:24,019 - MainProcess[log-interceptor-4140398142]- selenium_firefox     - DEBUG   : BROWSER 4140398142: driver: JavaScript error: undefined, line 0: Error: Invalid tab ID: 1
2026-06-19 01:28:24,046 - MainProcess[log-interceptor-4140398142]- selenium_firefox     - DEBUG   : BROWSER 4140398142: driver: JavaScript error: undefined, line 0: Error: can't access property "windowId", sender.tab is undefined
2026-06-19 01:28:24,047 - MainProcess[log-interceptor-4140398142]- selenium_firefox     - DEBUG   : BROWSER 4140398142: driver: JavaScript error: undefined, line 0: Error: can't access property "windowId", sender.tab is undefined
2026-06-19 01:28:24,073 - MainProcess[log-interceptor-4140398142]- selenium_firefox     - DEBUG   : BROWSER 4140398142: driver: JavaScript error: moz-extension://571191a8-7854-4fb0-9807-899c078e52e3/feature.js, line 737: TypeError: can't access property "windowId", sender.tab is undefined
2026-06-19 01:28:24,074 - MainProcess[log-interceptor-4140398142]- selenium_firefox     - DEBUG   : BROWSER 4140398142: driver: JavaScript error: moz-extension://571191a8-7854-4fb0-9807-899c078e52e3/feature.js, line 737: TypeError: can't access property "windowId", sender.tab is undefined
2026-06-19 01:28:24,074 - MainProcess[log-interceptor-4140398142]- selenium_firefox     - DEBUG   : BROWSER 4140398142: driver: JavaScript error: moz-extension://571191a8-7854-4fb0-9807-899c078e52e3/feature.js, line 737: TypeError: can't access property "windowId", sender.tab is undefined
2026-06-19 01:28:24,075 - MainProcess[log-interceptor-4140398142]- selenium_firefox     - DEBUG   : BROWSER 4140398142: driver: JavaScript error: undefined, line 0: Error: can't access property "windowId", sender.tab is undefined
2026-06-19 01:28:24,075 - MainProcess[log-interceptor-4140398142]- selenium_firefox     - DEBUG   : BROWSER 4140398142: driver: JavaScript error: undefined, line 0: Error: can't access property "windowId", sender.tab is undefined
2026-06-19 01:28:24,076 - MainProcess[log-interceptor-4140398142]- selenium_firefox     - DEBUG   : BROWSER 4140398142: driver: JavaScript error: undefined, line 0: Error: can't access property "windowId", sender.tab is undefined
2026-06-19 01:28:24,085 - MainProcess[log-interceptor-4140398142]- selenium_firefox     - DEBUG   : BROWSER 4140398142: driver: JavaScript error: moz-extension://571191a8-7854-4fb0-9807-899c078e52e3/feature.js, line 737: TypeError: can't access property "windowId", sender.tab is undefined
2026-06-19 01:28:24,089 - MainProcess[log-interceptor-4140398142]- selenium_firefox     - DEBUG   : BROWSER 4140398142: driver: JavaScript error: undefined, line 0: Error: can't access property "windowId", sender.tab is undefined
2026-06-19 01:28:25,884 - MainProcess[MainThread]- storage_controller   - DEBUG   : StorageController status: There are currently 0 scheduled tasks for 1 visit_ids
2026-06-19 01:28:29,197 - MainProcess[BrowserManagerHandle-4140398142]- browser_manager      - INFO    : Finished working on CommandSequence with visit_id 6287292725645910 on browser with id 4140398142
2026-06-19 01:28:29,206 - MainProcess[MainThread]- storage_controller   - INFO    : Awaiting all tasks for visit_id 6287292725645910
2026-06-19 01:28:29,209 - MainProcess[MainThread]- storage_controller   - DEBUG   : Awaited all tasks for visit_id 6287292725645910 while finalizing
2026-06-19 01:28:30,892 - MainProcess[MainThread]- storage_controller   - DEBUG   : StorageController status: There are currently 0 scheduled tasks for 0 visit_ids
2026-06-19 01:28:31,198 - MainProcess[MainThread]- browser_manager      - DEBUG   : BROWSER 4140398142: Closing browser manager...
2026-06-19 01:28:31,199 - MainProcess[MainThread]- browser_manager      - DEBUG   : BROWSER 4140398142: Closing browser...
2026-06-19 01:28:31,199 - MainProcess[MainThread]- browser_manager      - DEBUG   : BROWSER 4140398142: Joining command thread
2026-06-19 01:28:31,200 - MainProcess[MainThread]- browser_manager      - DEBUG   : BROWSER 4140398142: 0.000022 seconds to join command thread
2026-06-19 01:28:31,210 - MainProcess[log-interceptor-4140398142]- selenium_firefox     - DEBUG   : BROWSER 4140398142: driver: 1781825311208	Marionette	INFO	Stopped listening on port 32233
2026-06-19 01:28:33,142 - MainProcess[log-interceptor-4140398142]- selenium_firefox     - DEBUG   : BROWSER 4140398142: driver: console.warn: TopSitesFeed: Failed to fetch data from MARS server: NetworkError when attempting to fetch resource.
2026-06-19 01:28:33,232 - MainProcess[log-interceptor-4140398142]- selenium_firefox     - DEBUG   : BROWSER 4140398142: driver: console.error: services.settings:
2026-06-19 01:28:33,234 - MainProcess[log-interceptor-4140398142]- selenium_firefox     - DEBUG   : BROWSER 4140398142: driver: Object
2026-06-19 01:28:33,238 - MainProcess[log-interceptor-4140398142]- selenium_firefox     - DEBUG   : BROWSER 4140398142: driver: - prototype Object
2026-06-19 01:28:33,240 - MainProcess[log-interceptor-4140398142]- selenium_firefox     - DEBUG   : BROWSER 4140398142: driver: - columnNumber = 11
2026-06-19 01:28:33,240 - MainProcess[log-interceptor-4140398142]- selenium_firefox     - DEBUG   : BROWSER 4140398142: driver: - data = null
2026-06-19 01:28:33,241 - MainProcess[log-interceptor-4140398142]- selenium_firefox     - DEBUG   : BROWSER 4140398142: driver: - filename = resource://gre/modules/ServiceRequest.sys.mjs
2026-06-19 01:28:33,242 - MainProcess[log-interceptor-4140398142]- selenium_firefox     - DEBUG   : BROWSER 4140398142: driver: - lineNumber = 126
2026-06-19 01:28:33,242 - MainProcess[log-interceptor-4140398142]- selenium_firefox     - DEBUG   : BROWSER 4140398142: driver: - location = {"name":"open","filename":"resource://gre/modules/ServiceRequest.sys.mjs","sourceId":25,"lineNumber":126,"columnNumber":11,"asyncCause":null,"asyncCaller":null,"caller":{"filename":"resource://services-settings/Utils.sys.mjs","name":"fetch/<","sourceId":24,"lineNumber":273,"columnNumber":15,"asyncCause":null,"asyncCaller":null,"caller":{"filename":"resource://services-settings/Utils.sys.mjs","name":"fetch","sourceId":24,"lineNumber":224,"columnNumber":12,"asyncCause":null,"asyncCaller":null,"caller":{"filename":"resource://services-common/kinto-http-client.sys.mjs","name":"timedFetch/<","sourceId":726,"lineNumber":580,"columnNumber":12,"asyncCause":null,"asyncCaller":null,"caller":{"filename":"resource://services-common/kinto-http-client.sys.mjs","name":"timedFetch","sourceId":726,"lineNumber":555,"columnNumber":12,"asyncCause":null,"asyncCaller":null,"caller":{"filename":"resource://services-common/kinto-http-client.sys.mjs","name":"request","sourceId":726,"lineNumber":645,"columnNumber":33,"asyncCause":null,"asyncCaller":null,"caller":{"filename":"resource://services-common/kinto-http-client.sys.mjs","name":"execute","sourceId":726,"lineNumber":2613,"columnNumber":36,"asyncCause":null,"asyncCaller":null,"caller":{"filename":"resource://services-settings/RemoteSettingsClient.sys.mjs","name":"_fetchChangeset","sourceId":22,"lineNumber":1332,"columnNumber":22,"asyncCause":null,"asyncCaller":null,"caller":{"filename":"resource://services-settings/RemoteSettingsClient.sys.mjs","name":"_importChanges","sourceId":22,"lineNumber":1189,"columnNumber":18,"asyncCause":null,"asyncCaller":null,"caller":{"filename":"resource://services-settings/RemoteSettingsClient.sys.mjs","name":"maybeSync","sourceId":22,"lineNumber":814,"columnNumber":35,"asyncCause":null,"asyncCaller":null,"caller":null,"formattedStack":"maybeSync@resource://services-settings/RemoteSettingsClient.sys.mjs:814:35\n","nativeSavedFrame":{}},"formattedStack":"_importChanges@resource://services-settings/RemoteSettingsClient.sys.mjs:1189:18\nmaybeSync@resource://services-settings/RemoteSettingsClient.sys.mjs:814:35\n","nativeSavedFrame":{}},"formattedStack":"_fetchChangeset@resource://services-settings/RemoteSettingsClient.sys.mjs:1332:22\n_importChanges@resource://services-settings/RemoteSettingsClient.sys.mjs:1189:18\nmaybeSync@resource://services-settings/RemoteSettingsClient.sys.mjs:814:35\n","nativeSavedFrame":{}},"formattedStack":"execute@resource://services-common/kinto-http-client.sys.mjs:2613:36\n_fetchChangeset@resource://services-settings/RemoteSettingsClient.sys.mjs:1332:22\n_importChanges@resource://services-settings/RemoteSettingsClient.sys.mjs:1189:18\nmaybeSync@resource://services-settings/RemoteSettingsClient.sys.mjs:814:35\n","nativeSavedFrame":{}},"formattedStack":"request@resource://services-common/kinto-http-client.sys.mjs:645:33\nexecute@resource://services-common/kinto-http-client.sys.mjs:2613:36\n_fetchChangeset@resource://services-settings/RemoteSettingsClient.sys.mjs:1332:22\n_importChanges@resource://services-settings/RemoteSettingsClient.sys.mjs:1189:18\nmaybeSync@resource://services-settings/RemoteSettingsClient.sys.mjs:814:35\n","nativeSavedFrame":{}},"formattedStack":"timedFetch@resource://services-common/kinto-http-client.sys.mjs:555:12\nrequest@resource://services-common/kinto-http-client.sys.mjs:645:33\nexecute@resource://services-common/kinto-http-client.sys.mjs:2613:36\n_fetchChangeset@resource://services-settings/RemoteSettingsClient.sys.mjs:1332:22\n_importChanges@resource://services-settings/RemoteSettingsClient.sys.mjs:1189:18\nmaybeSync@resource://services-settings/RemoteSettingsClient.sys.mjs:814:35\n","nativeSavedFrame":{}},"formattedStack":"timedFetch/<@resource://services-common/kinto-http-client.sys.mjs:580:12\ntimedFetch@resource://services-common/kinto-http-client.sys.mjs:555:12\nrequest@resource://services-common/kinto-http-client.sys.mjs:645:33\nexecute@resource://services-common/kinto-http-client.sys.mjs:2613:36\n_fetchChangeset@resource://services-settings/RemoteSettingsClient.sys.mjs:1332:22\n_importChanges@resource://services-settings/RemoteSettingsClient.sys.mjs:1189:18\nmaybeSync@resource://services-settings/RemoteSettingsClient.sys.mjs:814:35\n","nativeSavedFrame":{}},"formattedStack":"fetch@resource://services-settings/Utils.sys.mjs:224:12\ntimedFetch/<@resource://services-common/kinto-http-client.sys.mjs:580:12\ntimedFetch@resource://services-common/kinto-http-client.sys.mjs:555:12\nrequest@resource://services-common/kinto-http-client.sys.mjs:645:33\nexecute@resource://services-common/kinto-http-client.sys.mjs:2613:36\n_fetchChangeset@resource://services-settings/RemoteSettingsClient.sys.mjs:1332:22\n_importChanges@resource://services-settings/RemoteSettingsClient.sys.mjs:1189:18\nmaybeSync@resource://services-settings/RemoteSettingsClient.sys.mjs:814:35\n","nativeSavedFrame":{}},"formattedStack":"fetch/<@resource://services-settings/Utils.sys.mjs:273:15\nfetch@resource://services-settings/Utils.sys.mjs:224:12\ntimedFetch/<@resource://services-common/kinto-http-client.sys.mjs:580:12\ntimedFetch@resource://services-common/kinto-http-client.sys.mjs:555:12\nrequest@resource://services-common/kinto-http-client.sys.mjs:645:33\nexecute@resource://services-common/kinto-http-client.sys.mjs:2613:36\n_fetchChangeset@resource://services-settings/RemoteSettingsClient.sys.mjs:1332:22\n_importChanges@resource://services-settings/RemoteSettingsClient.sys.mjs:1189:18\nmaybeSync@resource://services-settings/RemoteSettingsClient.sys.mjs:814:35\n","nativeSavedFrame":{}},"formattedStack":"open@resource://gre/modules/ServiceRequest.sys.mjs:126:11\nfetch/<@resource://services-settings/Utils.sys.mjs:273:15\nfetch@resource://services-settings/Utils.sys.mjs:224:12\ntimedFetch/<@resource://services-common/kinto-http-client.sys.mjs:580:12\ntimedFetch@resource://services-common/kinto-http-client.sys.mjs:555:12\nrequest@resource://services-common/kinto-http-client.sys.mjs:645:33\nexecute@resource://services-common/kinto-http-client.sys.mjs:2613:36\n_fetchChangeset@resource://services-settings/RemoteSettingsClient.sys.mjs:1332:22\n_importChanges@resource://services-settings/RemoteSettingsClient.sys.mjs:1189:18\nmaybeSync@resource://services-settings/RemoteSettingsClient.sys.mjs:814:35\n","nativeSavedFrame":{}}
2026-06-19 01:28:33,243 - MainProcess[log-interceptor-4140398142]- selenium_firefox     - DEBUG   : BROWSER 4140398142: driver: - message =
2026-06-19 01:28:33,244 - MainProcess[log-interceptor-4140398142]- selenium_firefox     - DEBUG   : BROWSER 4140398142: driver: - name =
2026-06-19 01:28:33,244 - MainProcess[log-interceptor-4140398142]- selenium_firefox     - DEBUG   : BROWSER 4140398142: driver: - result = 2152071198
2026-06-19 01:28:33,245 - MainProcess[log-interceptor-4140398142]- selenium_firefox     - DEBUG   : BROWSER 4140398142: driver: - stack = open@resource://gre/modules/ServiceRequest.sys.mjs:126:11|fetch/<@resource://services-settings/Utils.sys.mjs:273:15|fetch@resource://services-settings/Utils.sys.mjs:224:12|timedFetch/<@resource://services-common/kinto-http-client.sys.mjs:580:12|timedFetch@resource://services-common/kinto-http-client.sys.mjs:555:12|request@resource://services-common/kinto-http-client.sys.mjs:645:33|execute@resource://services-common/kinto-http-client.sys.mjs:2613:36|_fetchChangeset@resource://services-settings/RemoteSettingsClient.sys.mjs:1332:22|_importChanges@resource://services-settings/RemoteSettingsClient.sys.mjs:1189:18|maybeSync@resource://services-settings/RemoteSettingsClient.sys.mjs:814:35|
2026-06-19 01:28:33,245 - MainProcess[log-interceptor-4140398142]- selenium_firefox     - DEBUG   : BROWSER 4140398142: driver: - prototype Object
2026-06-19 01:28:33,247 - MainProcess[log-interceptor-4140398142]- selenium_firefox     - DEBUG   : BROWSER 4140398142: driver: console.warn: services.settings: main/translations-models-v2 sync interrupted by shutdown
2026-06-19 01:28:33,247 - MainProcess[log-interceptor-4140398142]- selenium_firefox     - DEBUG   : BROWSER 4140398142: driver: console.warn: services.settings: main/cfr sync interrupted by shutdown
2026-06-19 01:28:33,248 - MainProcess[log-interceptor-4140398142]- selenium_firefox     - DEBUG   : BROWSER 4140398142: driver: console.warn: services.settings: main/message-groups sync interrupted by shutdown
2026-06-19 01:28:33,249 - MainProcess[log-interceptor-4140398142]- selenium_firefox     - DEBUG   : BROWSER 4140398142: driver: console.warn: services.settings: main/search-config-v2 sync interrupted by shutdown
2026-06-19 01:28:33,252 - MainProcess[log-interceptor-4140398142]- selenium_firefox     - DEBUG   : BROWSER 4140398142: driver: console.error: "error_support::handling: remote-settings-unexpected: Error sending request: [no-sentry] Backend error: Failed to get response status (0x80040111)"
2026-06-19 01:28:33,253 - MainProcess[log-interceptor-4140398142]- selenium_firefox     - DEBUG   : BROWSER 4140398142: driver: console.warn: services.settings: main/search-config-icons sync interrupted by shutdown
2026-06-19 01:28:33,255 - MainProcess[log-interceptor-4140398142]- selenium_firefox     - DEBUG   : BROWSER 4140398142: driver: console.error: "app-services-error-reporter::error: Error sending request: [no-sentry] Backend error: Failed to get response status (0x80040111)"
2026-06-19 01:28:33,256 - MainProcess[log-interceptor-4140398142]- selenium_firefox     - DEBUG   : BROWSER 4140398142: driver: console.error: "error_support::handling: suggest-unexpected: Error from Remote Settings: Remote settings error: Error sending request: [no-sentry] Backend error: Failed to get response status (0x80040111)"
2026-06-19 01:28:33,257 - MainProcess[log-interceptor-4140398142]- selenium_firefox     - DEBUG   : BROWSER 4140398142: driver: console.error: "app-services-error-reporter::error: Error from Remote Settings: Remote settings error: Error sending request: [no-sentry] Backend error: Failed to get response status (0x80040111)"
2026-06-19 01:28:33,258 - MainProcess[log-interceptor-4140398142]- selenium_firefox     - DEBUG   : BROWSER 4140398142: driver: console.error: URLBar - QuickSuggest.SuggestBackendRust: "Ingest error" ({type:"Amp", error:(new Error("reason: Error from Remote Settings: Remote settings error: Error sending request: [no-sentry] Backend error: Failed to get response status (0x80040111)", "moz-src:///toolkit/components/uniffi-bindgen-gecko-js/components/generated/RustSuggest.sys.mjs", 3593)), reason:"Error from Remote Settings: Remote settings error: Error sending request: [no-sentry] Backend error: Failed to get response status (0x80040111)"})
2026-06-19 01:28:33,259 - MainProcess[log-interceptor-4140398142]- selenium_firefox     - DEBUG   : BROWSER 4140398142: driver: console.warn: services.settings: main/moz-essential-domain-fallbacks sync interrupted by shutdown
2026-06-19 01:28:33,263 - MainProcess[log-interceptor-4140398142]- selenium_firefox     - DEBUG   : BROWSER 4140398142: driver: console.warn: services.settings: main/search-default-override-allowlist sync interrupted by shutdown
2026-06-19 01:28:33,263 - MainProcess[log-interceptor-4140398142]- selenium_firefox     - DEBUG   : BROWSER 4140398142: driver: console.warn: services.settings: main/addons-data-leak-blocker-domains sync interrupted by shutdown
2026-06-19 01:28:33,267 - MainProcess[MainThread]- storage_controller   - INFO    : Terminating handler for Browser-4140398142, because the underlying socket closed
2026-06-19 01:28:33,267 - MainProcess[log-interceptor-4140398142]- selenium_firefox     - DEBUG   : BROWSER 4140398142: driver: console.warn: services.settings: main/urlbar-persisted-search-terms sync interrupted by shutdown
2026-06-19 01:28:33,269 - MainProcess[log-interceptor-4140398142]- selenium_firefox     - DEBUG   : BROWSER 4140398142: driver: console.warn: services.settings: main/fingerprinting-protection-overrides sync interrupted by shutdown
2026-06-19 01:28:33,269 - MainProcess[log-interceptor-4140398142]- selenium_firefox     - DEBUG   : BROWSER 4140398142: driver: console.error: WebExtensions:
2026-06-19 01:28:33,271 - MainProcess[log-interceptor-4140398142]- selenium_firefox     - DEBUG   : BROWSER 4140398142: driver: Message: [Exception... "Component returned failure code: 0x804b0010 (NS_ERROR_OFFLINE) [nsIInputStream.available]"  nsresult: "0x804b0010 (NS_ERROR_OFFLINE)"  location: "JS frame :: jar:file:///tmp/addon-68f6f631-c03e-4b85-80b6-d1ce611c12e1.xpi!/privileged/sockets/api.js :: onInputStreamReady :: line 49"  data: no]
2026-06-19 01:28:33,272 - MainProcess[log-interceptor-4140398142]- selenium_firefox     - DEBUG   : BROWSER 4140398142: driver: Stack:
2026-06-19 01:28:33,272 - MainProcess[log-interceptor-4140398142]- selenium_firefox     - DEBUG   : BROWSER 4140398142: driver: onInputStreamReady@jar:file:///tmp/addon-68f6f631-c03e-4b85-80b6-d1ce611c12e1.xpi!/privileged/sockets/api.js:49:33
2026-06-19 01:28:33,273 - MainProcess[log-interceptor-4140398142]- selenium_firefox     - DEBUG   : BROWSER 4140398142: driver: 
2026-06-19 01:28:33,429 - MainProcess[log-interceptor-4140398142]- selenium_firefox     - DEBUG   : BROWSER 4140398142: driver: console.warn: services.settings: main/devtools-devices sync interrupted by shutdown
2026-06-19 01:28:33,461 - MainProcess[log-interceptor-4140398142]- selenium_firefox     - DEBUG   : BROWSER 4140398142: driver: console.warn: services.settings: main/remote-permissions sync interrupted by shutdown
2026-06-19 01:28:33,593 - MainProcess[log-interceptor-4140398142]- selenium_firefox     - DEBUG   : BROWSER 4140398142: driver: console.error: (new Error("IndexedDB: main/fxrelay-allowlist getLastModified() IndexedDB:  execute() The application is shutting down", "resource://services-settings/IDBHelpers.sys.mjs", 16))
2026-06-19 01:28:34,041 - MainProcess[log-interceptor-4140398142]- selenium_firefox     - DEBUG   : BROWSER 4140398142: driver: console.error: URLBar - QuickSuggest.SuggestBackendRust: "Ingest error" ({type:"Mdn", error:(new Error("reason: Error from Remote Settings: Remote settings error: Error sending request: [no-sentry] Backend error: Request destroyed without completion (0x80004004)", "moz-src:///toolkit/components/uniffi-bindgen-gecko-js/components/generated/RustSuggest.sys.mjs", 3593)), reason:"Error from Remote Settings: Remote settings error: Error sending request: [no-sentry] Backend error: Request destroyed without completion (0x80004004)"})
2026-06-19 01:28:34,520 - MainProcess[MainThread]- browser_manager      - DEBUG   : BROWSER 4140398142: Browser manager closed successfully.
2026-06-19 01:28:34,521 - MainProcess[MainThread]- browser_manager      - DEBUG   : BROWSER 4140398142: during_init=False | profile_archive_dir=None
2026-06-19 01:28:34,801 - MainProcess[MainThread]- storage_controller   - DEBUG   : Sending the shutdown signal to the Storage Controller...
2026-06-19 01:28:34,805 - MainProcess[MainThread]- storage_controller   - INFO    : Terminating handler for TaskManager, because the underlying socket closed
2026-06-19 01:28:35,880 - MainProcess[MainThread]- storage_controller   - INFO    : Received shutdown signal!
2026-06-19 01:28:35,883 - MainProcess[MainThread]- storage_controller   - INFO    : Closing Server
2026-06-19 01:28:35,884 - MainProcess[MainThread]- storage_controller   - INFO    : Closed Server
2026-06-19 01:28:35,885 - MainProcess[MainThread]- storage_controller   - INFO    : Cancelling status_queue_update
2026-06-19 01:28:35,887 - MainProcess[MainThread]- storage_controller   - INFO    : Cancelled status_queue_update
2026-06-19 01:28:35,887 - MainProcess[MainThread]- storage_controller   - INFO    : Cancelling timeout_check
2026-06-19 01:28:35,888 - MainProcess[MainThread]- storage_controller   - INFO    : Cancelled timeout_check
2026-06-19 01:28:35,889 - MainProcess[MainThread]- storage_controller   - INFO    : Starting wait_closed
2026-06-19 01:28:35,890 - MainProcess[MainThread]- storage_controller   - INFO    : Completed wait_closed
2026-06-19 01:28:35,891 - MainProcess[MainThread]- storage_controller   - INFO    : Entering self.shutdown
2026-06-19 01:28:35,914 - MainProcess[MainThread]- storage_controller   - INFO    : structured_storage is shut down
2026-06-19 01:28:35,996 - MainProcess[MainThread]- storage_controller   - DEBUG   : StorageControllerHandle took 1.18180513381958 seconds to close.
