2026-06-19 00:30:48,702 - MainProcess[MainThread]- browser_manager      - INFO    : BROWSER 1388534498: Launching browser...
2026-06-19 00:30:48,705 - MainProcess[MainThread]- browser_manager      - DEBUG   : BROWSER 1388534498: Spawn attempt 0 
2026-06-19 00:30:48,711 - MainProcess[MainThread]- storage_controller   - INFO    : Initializing new handler for TaskManager
2026-06-19 00:30:48,720 - MainProcess[MainThread]- deploy_firefox       - DEBUG   : BROWSER 1388534498: Saved extension config file to: /tmp/firefox_profile_q3p6lkb6/browser_params.json
2026-06-19 00:30:48,782 - MainProcess[log-interceptor-1388534498]- selenium_firefox     - DEBUG   : BROWSER 1388534498: driver: 1781821848782	geckodriver	INFO	Listening on 127.0.0.1:61499
2026-06-19 00:30:48,830 - MainProcess[log-interceptor-1388534498]- selenium_firefox     - DEBUG   : BROWSER 1388534498: driver: 1781821848830	mozrunner::runner	INFO	Running command: MOZ_CRASHREPORTER="1" MOZ_CRASHREPORTER_NO_REPORT="1" MOZ_CRASHREPORTER_SHUTDOWN="1" "/home/pedro/Escritorio ...  "--headless" "--width=1366" "--height=768" "--remote-debugging-port" "59647" "--remote-allow-hosts" "localhost" "-no-remote"
2026-06-19 00:30:49,388 - MainProcess[log-interceptor-1388534498]- selenium_firefox     - DEBUG   : BROWSER 1388534498: driver: *** You are running in headless mode.
2026-06-19 00:30:50,332 - MainProcess[log-interceptor-1388534498]- selenium_firefox     - DEBUG   : BROWSER 1388534498: driver: console.warn: services.settings: Ignoring preference override of remote settings server
2026-06-19 00:30:50,332 - MainProcess[log-interceptor-1388534498]- selenium_firefox     - DEBUG   : BROWSER 1388534498: driver: console.warn: services.settings: Allow by setting MOZ_REMOTE_SETTINGS_DEVTOOLS=1 in the environment
2026-06-19 00:30:51,451 - MainProcess[log-interceptor-1388534498]- selenium_firefox     - DEBUG   : BROWSER 1388534498: driver: 1781821851451	Marionette	INFO	Marionette enabled
2026-06-19 00:30:51,885 - MainProcess[log-interceptor-1388534498]- selenium_firefox     - DEBUG   : BROWSER 1388534498: driver: console.error: "Warning: unrecognized command line flag" "-width"
2026-06-19 00:30:51,886 - MainProcess[log-interceptor-1388534498]- selenium_firefox     - DEBUG   : BROWSER 1388534498: driver: console.error: "Warning: unrecognized command line flag" "-height"
2026-06-19 00:30:52,013 - MainProcess[log-interceptor-1388534498]- selenium_firefox     - DEBUG   : BROWSER 1388534498: driver: 1781821852013	Marionette	INFO	Listening on port 16081
2026-06-19 00:30:52,048 - MainProcess[log-interceptor-1388534498]- selenium_firefox     - DEBUG   : BROWSER 1388534498: driver: Read port: 16081
2026-06-19 00:30:52,076 - MainProcess[log-interceptor-1388534498]- selenium_firefox     - DEBUG   : BROWSER 1388534498: driver: WebDriver BiDi listening on ws://127.0.0.1:59647
2026-06-19 00:30:52,225 - MainProcess[log-interceptor-1388534498]- selenium_firefox     - DEBUG   : BROWSER 1388534498: driver: 1781821852225	RemoteAgent	WARN	TLS certificate errors will be ignored for this session
2026-06-19 00:30:53,711 - MainProcess[MainThread]- storage_controller   - DEBUG   : StorageController status: There are currently 0 scheduled tasks for 0 visit_ids
2026-06-19 00:30:56,352 - MainProcess[MainThread]- deploy_firefox       - DEBUG   : BROWSER 1388534498: OpenWPM Firefox extension loaded
2026-06-19 00:30:56,378 - MainProcess[MainThread]- browser_manager      - DEBUG   : BROWSER 1388534498: Looking for extension port information in /tmp/firefox_profile_q3p6lkb6
2026-06-19 00:30:56,393 - MainProcess[log-interceptor-1388534498]- selenium_firefox     - DEBUG   : BROWSER 1388534498: driver: console.log: WebExtensions: Wrote to /tmp/firefox_profile_q3p6lkb6/extension_port.txt
2026-06-19 00:30:56,393 - MainProcess[MainThread]- storage_controller   - INFO    : Initializing new handler for Browser-1388534498
2026-06-19 00:30:56,396 - MainProcess[Thread-1 (_start_listener)]- FirefoxExtension     - DEBUG   : Navigation instrumentation enabled
2026-06-19 00:30:56,416 - MainProcess[Thread-1 (_start_listener)]- FirefoxExtension     - DEBUG   : Cookie instrumentation enabled
2026-06-19 00:30:56,434 - MainProcess[Thread-1 (_start_listener)]- FirefoxExtension     - DEBUG   : Javascript instrumentation enabled
2026-06-19 00:30:56,481 - MainProcess[MainThread]- browser_manager      - DEBUG   : BROWSER 1388534498: Connecting to extension on port 23383
2026-06-19 00:30:56,513 - MainProcess[Thread-1 (_start_listener)]- FirefoxExtension     - DEBUG   : HTTP Instrumentation enabled
2026-06-19 00:30:56,530 - MainProcess[Thread-1 (_start_listener)]- FirefoxExtension     - DEBUG   : DNS instrumentation enabled
2026-06-19 00:30:56,534 - MainProcess[log-interceptor-1388534498]- selenium_firefox     - DEBUG   : BROWSER 1388534498: driver: console.log: WebExtensions: Wrote to /tmp/firefox_profile_q3p6lkb6/OPENWPM_STARTUP_SUCCESS.txt
2026-06-19 00:30:56,583 - MainProcess[MainThread]- browser_manager      - DEBUG   : BROWSER 1388534498: BrowserManager ready.
2026-06-19 00:30:56,584 - MainProcess[MainThread]- browser_manager      - DEBUG   : BROWSER 1388534498: Browser spawn successful!
2026-06-19 00:30:56,819 - MainProcess[MainThread]- storage_controller   - INFO    : Initializing new handler for StorageControllerHandle
2026-06-19 00:30:56,826 - MainProcess[MainThread]- storage_controller   - INFO    : Awaiting all tasks for visit_id -1
2026-06-19 00:30:56,833 - MainProcess[MainThread]- storage_controller   - DEBUG   : Awaited all tasks for visit_id -1 while finalizing
2026-06-19 00:30:56,836 - MainProcess[MainThread]- task_manager         - INFO    : 

OpenWPM Version: b'v0.32.0'
Firefox Version: b'148.0'

========== Manager Configuration ==========
{
  "_failure_limit": null,
  "data_directory": "/home/pedro/Escritorio/UNI/CUARTO/tfg/Herramienta_Priv/output/api_tasks/ce914eafcc6c/elmundo.es_20260619_003044/openwpm",
  "log_path": "/home/pedro/Escritorio/UNI/CUARTO/tfg/Herramienta_Priv/output/api_tasks/ce914eafcc6c/elmundo.es_20260619_003044/openwpm/openwpm.log",
  "logger_address": [
    "127.0.0.1",
    57659
  ],
  "memory_watchdog": false,
  "num_browsers": 1,
  "process_watchdog": false,
  "screenshot_path": "/home/pedro/Escritorio/UNI/CUARTO/tfg/Herramienta_Priv/output/api_tasks/ce914eafcc6c/elmundo.es_20260619_003044/openwpm/screenshots",
  "source_dump_path": "/home/pedro/Escritorio/UNI/CUARTO/tfg/Herramienta_Priv/output/api_tasks/ce914eafcc6c/elmundo.es_20260619_003044/openwpm/sources",
  "storage_controller_address": [
    "127.0.0.1",
    19499
  ],
  "testing": false
}

========== Browser Configuration ==========
Keys:
{
  "browser_id": 0,
  "bot_mitigation": 1,
  "browser": 2,
  "callstack_instrument": 3,
  "cookie_instrument": 4,
  "custom_params": 5,
  "display_mode": 6,
  "dns_instrument": 7,
  "donottrack": 8,
  "http_instrument": 9,
  "js_instrument": 10,
  "js_instrument_settings": 11,
  "maximum_profile_size": 12,
  "navigation_instrument": 13,
  "prefs": 14,
  "profile_path": 15,
  "recovery_tar": 16,
  "save_content": 17,
  "tmp_profile_dir": 18,
  "tp_cookies": 19,
  "tracking_protection": 20
}

         0  1      2        3      4     5    6         7     8      9     10    11                             12    13    14    15    16    17     18    19      20
----------  -----  -------  -----  ----  ---  --------  ----  -----  ----  ----  -----------------------------  ----  ----  ----  ----  ----  -----  ----  ------  -----
1388534498  False  firefox  False  True  {}   headless  True  False  True  True  ['collection_fingerprinting']        True  {}                False  /tmp  always  False

========== JS Instrument Settings ==========
{"1388534498":[{"object":"window['ScriptProcessorNode'].prototype","instrumentedName":"ScriptProcessorNode","logSettings":{"propertiesToInstrument":[],"nonExistingPropertiesToInstrument":[],"excludedProperties":[],"logCallStack":false,"logFunctionsAsStrings":false,"logFunctionGets":false,"preventSets":false,"recursive":false,"depth":5}},{"object":"window['GainNode'].prototype","instrumentedName":"GainNode","logSettings":{"propertiesToInstrument":[],"nonExistingPropertiesToInstrument":[],"excludedProperties":[],"logCallStack":false,"logFunctionsAsStrings":false,"logFunctionGets":false,"preventSets":false,"recursive":false,"depth":5}},{"object":"window['AnalyserNode'].prototype","instrumentedName":"AnalyserNode","logSettings":{"propertiesToInstrument":[],"nonExistingPropertiesToInstrument":[],"excludedProperties":[],"logCallStack":false,"logFunctionsAsStrings":false,"logFunctionGets":false,"preventSets":false,"recursive":false,"depth":5}},{"object":"window['OscillatorNode'].prototype","instrumentedName":"OscillatorNode","logSettings":{"propertiesToInstrument":[],"nonExistingPropertiesToInstrument":[],"excludedProperties":[],"logCallStack":false,"logFunctionsAsStrings":false,"logFunctionGets":false,"preventSets":false,"recursive":false,"depth":5}},{"object":"window['OfflineAudioContext'].prototype","instrumentedName":"OfflineAudioContext","logSettings":{"propertiesToInstrument":[],"nonExistingPropertiesToInstrument":[],"excludedProperties":[],"logCallStack":false,"logFunctionsAsStrings":false,"logFunctionGets":false,"preventSets":false,"recursive":false,"depth":5}},{"object":"window['AudioContext'].prototype","instrumentedName":"AudioContext","logSettings":{"propertiesToInstrument":[],"nonExistingPropertiesToInstrument":[],"excludedProperties":[],"logCallStack":false,"logFunctionsAsStrings":false,"logFunctionGets":false,"preventSets":false,"recursive":false,"depth":5}},{"object":"window['RTCPeerConnection'].prototype","instrumentedName":"RTCPeerConnection","logSettings":{"propertiesToInstrument":[],"nonExistingPropertiesToInstrument":[],"excludedProperties":[],"logCallStack":false,"logFunctionsAsStrings":false,"logFunctionGets":false,"preventSets":false,"recursive":false,"depth":5}},{"object":"window['HTMLCanvasElement'].prototype","instrumentedName":"HTMLCanvasElement","logSettings":{"propertiesToInstrument":[],"nonExistingPropertiesToInstrument":[],"excludedProperties":[],"logCallStack":false,"logFunctionsAsStrings":false,"logFunctionGets":false,"preventSets":false,"recursive":false,"depth":5}},{"object":"window['Storage'].prototype","instrumentedName":"Storage","logSettings":{"propertiesToInstrument":[],"nonExistingPropertiesToInstrument":[],"excludedProperties":[],"logCallStack":false,"logFunctionsAsStrings":false,"logFunctionGets":false,"preventSets":false,"recursive":false,"depth":5}},{"object":"window.navigator","instrumentedName":"window.navigator","logSettings":{"propertiesToInstrument":[],"nonExistingPropertiesToInstrument":[],"excludedProperties":[],"logCallStack":false,"logFunctionsAsStrings":false,"logFunctionGets":false,"preventSets":false,"recursive":false,"depth":5}},{"object":"window['CanvasRenderingContext2D'].prototype","instrumentedName":"CanvasRenderingContext2D","logSettings":{"propertiesToInstrument":[],"nonExistingPropertiesToInstrument":[],"excludedProperties":["transform","quadraticCurveTo","setTransform","translate","drawImage","lineTo","moveTo","globalAlpha","closePath","beginPath","clearRect","canvas"],"logCallStack":false,"logFunctionsAsStrings":false,"logFunctionGets":false,"preventSets":false,"recursive":false,"depth":5}},{"object":"window","instrumentedName":"window","logSettings":{"propertiesToInstrument":["localStorage","sessionStorage","name"],"nonExistingPropertiesToInstrument":[],"excludedProperties":[],"logCallStack":false,"logFunctionsAsStrings":false,"logFunctionGets":false,"preventSets":false,"recursive":false,"depth":5}},{"object":"window.document","instrumentedName":"window.document","logSettings":{"propertiesToInstrument":["referrer","cookie"],"nonExistingPropertiesToInstrument":[],"excludedProperties":[],"logCallStack":true,"logFunctionsAsStrings":false,"logFunctionGets":false,"preventSets":false,"recursive":false,"depth":5}},{"object":"window.screen","instrumentedName":"window.screen","logSettings":{"propertiesToInstrument":["pixelDepth","colorDepth"],"nonExistingPropertiesToInstrument":[],"excludedProperties":[],"logCallStack":false,"logFunctionsAsStrings":false,"logFunctionGets":false,"preventSets":false,"recursive":false,"depth":5}}]}

========== Input profile tar files ==========
  No profile tar files specified

========== Output (archive) profile dirs ==========
  No profile archive directories specified


2026-06-19 00:30:56,848 - MainProcess[MainThread]- task_manager         - DEBUG   : Checking command failure status indicator...
2026-06-19 00:30:56,851 - MainProcess[BrowserManagerHandle-1388534498]- browser_manager      - INFO    : Starting to work on CommandSequence with visit_id 4087588893771097 on browser with id 1388534498
2026-06-19 00:30:56,855 - MainProcess[MainThread]- storage_controller   - INFO    : Terminating handler for StorageControllerHandle, because the underlying socket closed
2026-06-19 00:30:56,866 - MainProcess[MainThread]- browser_manager      - INFO    : BROWSER 1388534498: EXECUTING COMMAND: InitializeCommand()
2026-06-19 00:30:56,876 - MainProcess[MainThread]- browser_manager      - INFO    : BROWSER 1388534498: EXECUTING COMMAND: GetCommand(https://www.elmundo.es/,15)
2026-06-19 00:30:56,936 - MainProcess[Thread-1 (_start_listener)]- FirefoxExtension     - DEBUG   : Setting visit_id the legacy way
2026-06-19 00:30:58,712 - MainProcess[MainThread]- storage_controller   - DEBUG   : StorageController status: There are currently 0 scheduled tasks for 1 visit_ids
2026-06-19 00:31:00,789 - MainProcess[log-interceptor-1388534498]- selenium_firefox     - DEBUG   : BROWSER 1388534498: driver: JavaScript warning: https://adtcdn.unidadeditorial.es/gexp/_gam_kv_.js, line 1: unreachable code after return statement
2026-06-19 00:31:00,790 - MainProcess[log-interceptor-1388534498]- selenium_firefox     - DEBUG   : BROWSER 1388534498: driver: JavaScript warning: https://adtcdn.unidadeditorial.es/gexp/_gam_kv_.js, line 1: unreachable code after return statement
2026-06-19 00:31:00,809 - MainProcess[log-interceptor-1388534498]- selenium_firefox     - DEBUG   : BROWSER 1388534498: driver: JavaScript warning: https://www.elmundo.es/, line 949: unreachable code after return statement
2026-06-19 00:31:02,375 - MainProcess[log-interceptor-1388534498]- selenium_firefox     - DEBUG   : BROWSER 1388534498: driver: JavaScript error: https://www.elmundo.es/, line 2226: TypeError: can't access property "mobile", navigator.userAgentData is undefined
2026-06-19 00:31:03,715 - MainProcess[MainThread]- storage_controller   - DEBUG   : StorageController status: There are currently 1 scheduled tasks for 1 visit_ids
2026-06-19 00:31:03,993 - MainProcess[log-interceptor-1388534498]- selenium_firefox     - DEBUG   : BROWSER 1388534498: driver: JavaScript warning: https://tags.tiqcdn.com/utag/unidadeditorial/elmundo/prod/utag.js, line 455: unreachable code after return statement
2026-06-19 00:31:08,726 - MainProcess[MainThread]- storage_controller   - DEBUG   : StorageController status: There are currently 0 scheduled tasks for 1 visit_ids
2026-06-19 00:31:11,288 - MainProcess[log-interceptor-1388534498]- selenium_firefox     - DEBUG   : BROWSER 1388534498: driver: JavaScript warning: https://tags.tiqcdn.com/utag/unidadeditorial/elmundo/prod/utag.js, line 455: unreachable code after return statement
2026-06-19 00:31:13,731 - MainProcess[MainThread]- storage_controller   - DEBUG   : StorageController status: There are currently 0 scheduled tasks for 1 visit_ids
2026-06-19 00:31:22,083 - MainProcess[MainThread]- storage_controller   - DEBUG   : StorageController status: There are currently 82 scheduled tasks for 1 visit_ids
2026-06-19 00:31:27,088 - MainProcess[MainThread]- storage_controller   - DEBUG   : StorageController status: There are currently 0 scheduled tasks for 1 visit_ids
2026-06-19 00:31:32,096 - MainProcess[MainThread]- storage_controller   - DEBUG   : StorageController status: There are currently 0 scheduled tasks for 1 visit_ids
2026-06-19 00:31:37,099 - MainProcess[MainThread]- storage_controller   - DEBUG   : StorageController status: There are currently 0 scheduled tasks for 1 visit_ids
2026-06-19 00:31:38,368 - MainProcess[log-interceptor-1388534498]- selenium_firefox     - DEBUG   : BROWSER 1388534498: driver: JavaScript error: moz-src:///browser/components/search/SearchOneOffs.sys.mjs, line 392: TypeError: aEngine.getIconURL is not a function
2026-06-19 00:31:40,361 - MainProcess[MainThread]- browser_manager      - INFO    : BROWSER 1388534498: EXECUTING COMMAND: FinalizeCommand(5)
2026-06-19 00:31:41,038 - MainProcess[log-interceptor-1388534498]- selenium_firefox     - DEBUG   : BROWSER 1388534498: driver: JavaScript warning: https://sdk.mrf.io/statics/marfeel-sdk.js?id=2298, line 2: Script terminated by timeout at:
2026-06-19 00:31:41,039 - MainProcess[log-interceptor-1388534498]- selenium_firefox     - DEBUG   : BROWSER 1388534498: driver: getTimeSinceStart@https://sdk.mrf.io/statics/marfeel-sdk.js?id=2298:2:77541
2026-06-19 00:31:41,040 - MainProcess[log-interceptor-1388534498]- selenium_firefox     - DEBUG   : BROWSER 1388534498: driver: handleEvent@https://sdk.mrf.io/statics/marfeel-sdk.js?id=2298:2:77723
2026-06-19 00:31:41,040 - MainProcess[log-interceptor-1388534498]- selenium_firefox     - DEBUG   : BROWSER 1388534498: driver: eventTriggered@https://sdk.mrf.io/statics/marfeel-sdk.js?id=2298:2:77668
2026-06-19 00:31:41,041 - MainProcess[log-interceptor-1388534498]- selenium_firefox     - DEBUG   : BROWSER 1388534498: driver: 960/listenToEvents/this.removeBeforeLeavingListener<@https://sdk.mrf.io/statics/marfeel-sdk.js?id=2298:2:77106
2026-06-19 00:31:41,041 - MainProcess[log-interceptor-1388534498]- selenium_firefox     - DEBUG   : BROWSER 1388534498: driver: 960/P/<@https://sdk.mrf.io/statics/marfeel-sdk.js?id=2298:2:9348
2026-06-19 00:31:41,042 - MainProcess[log-interceptor-1388534498]- selenium_firefox     - DEBUG   : BROWSER 1388534498: driver: 
2026-06-19 00:31:41,065 - MainProcess[log-interceptor-1388534498]- selenium_firefox     - DEBUG   : BROWSER 1388534498: driver: JavaScript error: moz-extension://f81513a2-6f96-471e-9ba0-2078e1dfebd7/feature.js, line 737: TypeError: can't access property "windowId", sender.tab is undefined
2026-06-19 00:31:41,069 - MainProcess[log-interceptor-1388534498]- selenium_firefox     - DEBUG   : BROWSER 1388534498: driver: JavaScript error: moz-extension://f81513a2-6f96-471e-9ba0-2078e1dfebd7/feature.js, line 737: TypeError: can't access property "windowId", sender.tab is undefined
2026-06-19 00:31:41,069 - MainProcess[log-interceptor-1388534498]- selenium_firefox     - DEBUG   : BROWSER 1388534498: driver: JavaScript error: moz-extension://f81513a2-6f96-471e-9ba0-2078e1dfebd7/feature.js, line 737: TypeError: can't access property "windowId", sender.tab is undefined
2026-06-19 00:31:41,069 - MainProcess[log-interceptor-1388534498]- selenium_firefox     - DEBUG   : BROWSER 1388534498: driver: JavaScript error: moz-extension://f81513a2-6f96-471e-9ba0-2078e1dfebd7/feature.js, line 737: TypeError: can't access property "windowId", sender.tab is undefined
2026-06-19 00:31:41,081 - MainProcess[log-interceptor-1388534498]- selenium_firefox     - DEBUG   : BROWSER 1388534498: driver: JavaScript error: undefined, line 0: Error: can't access property "windowId", sender.tab is undefined
2026-06-19 00:31:41,081 - MainProcess[log-interceptor-1388534498]- selenium_firefox     - DEBUG   : BROWSER 1388534498: driver: JavaScript error: undefined, line 0: Error: can't access property "windowId", sender.tab is undefined
2026-06-19 00:31:41,082 - MainProcess[log-interceptor-1388534498]- selenium_firefox     - DEBUG   : BROWSER 1388534498: driver: JavaScript error: undefined, line 0: Error: can't access property "windowId", sender.tab is undefined
2026-06-19 00:31:41,084 - MainProcess[log-interceptor-1388534498]- selenium_firefox     - DEBUG   : BROWSER 1388534498: driver: JavaScript error: undefined, line 0: Error: can't access property "windowId", sender.tab is undefined
2026-06-19 00:31:41,175 - MainProcess[log-interceptor-1388534498]- selenium_firefox     - DEBUG   : BROWSER 1388534498: driver: JavaScript error: moz-extension://f81513a2-6f96-471e-9ba0-2078e1dfebd7/feature.js, line 737: TypeError: can't access property "windowId", sender.tab is undefined
2026-06-19 00:31:42,103 - MainProcess[MainThread]- storage_controller   - DEBUG   : StorageController status: There are currently 0 scheduled tasks for 1 visit_ids
2026-06-19 00:31:46,232 - MainProcess[BrowserManagerHandle-1388534498]- browser_manager      - INFO    : Finished working on CommandSequence with visit_id 4087588893771097 on browser with id 1388534498
2026-06-19 00:31:46,235 - MainProcess[MainThread]- storage_controller   - INFO    : Awaiting all tasks for visit_id 4087588893771097
2026-06-19 00:31:46,237 - MainProcess[MainThread]- storage_controller   - DEBUG   : Awaited all tasks for visit_id 4087588893771097 while finalizing
2026-06-19 00:31:47,107 - MainProcess[MainThread]- storage_controller   - DEBUG   : StorageController status: There are currently 0 scheduled tasks for 0 visit_ids
2026-06-19 00:31:48,233 - MainProcess[MainThread]- browser_manager      - DEBUG   : BROWSER 1388534498: Closing browser manager...
2026-06-19 00:31:48,234 - MainProcess[MainThread]- browser_manager      - DEBUG   : BROWSER 1388534498: Closing browser...
2026-06-19 00:31:48,234 - MainProcess[MainThread]- browser_manager      - DEBUG   : BROWSER 1388534498: Joining command thread
2026-06-19 00:31:48,235 - MainProcess[MainThread]- browser_manager      - DEBUG   : BROWSER 1388534498: 0.000019 seconds to join command thread
2026-06-19 00:31:48,242 - MainProcess[log-interceptor-1388534498]- selenium_firefox     - DEBUG   : BROWSER 1388534498: driver: 1781821908241	Marionette	INFO	Stopped listening on port 16081
2026-06-19 00:31:49,706 - MainProcess[log-interceptor-1388534498]- selenium_firefox     - DEBUG   : BROWSER 1388534498: driver: console.warn: TopSitesFeed: Failed to fetch data from MARS server: NetworkError when attempting to fetch resource.
2026-06-19 00:31:49,763 - MainProcess[log-interceptor-1388534498]- selenium_firefox     - DEBUG   : BROWSER 1388534498: driver: console.error: RemoteSecuritySettings:
2026-06-19 00:31:49,764 - MainProcess[log-interceptor-1388534498]- selenium_firefox     - DEBUG   : BROWSER 1388534498: driver: failed to download CRLite filter
2026-06-19 00:31:49,764 - MainProcess[log-interceptor-1388534498]- selenium_firefox     - DEBUG   : BROWSER 1388534498: driver: Object
2026-06-19 00:31:49,765 - MainProcess[log-interceptor-1388534498]- selenium_firefox     - DEBUG   : BROWSER 1388534498: driver: - prototype Object
2026-06-19 00:31:49,765 - MainProcess[log-interceptor-1388534498]- selenium_firefox     - DEBUG   : BROWSER 1388534498: driver: - columnNumber = 11
2026-06-19 00:31:49,765 - MainProcess[log-interceptor-1388534498]- selenium_firefox     - DEBUG   : BROWSER 1388534498: driver: - data = null
2026-06-19 00:31:49,766 - MainProcess[log-interceptor-1388534498]- selenium_firefox     - DEBUG   : BROWSER 1388534498: driver: - filename = resource://gre/modules/ServiceRequest.sys.mjs
2026-06-19 00:31:49,768 - MainProcess[log-interceptor-1388534498]- selenium_firefox     - DEBUG   : BROWSER 1388534498: driver: - lineNumber = 126
2026-06-19 00:31:49,768 - MainProcess[log-interceptor-1388534498]- selenium_firefox     - DEBUG   : BROWSER 1388534498: driver: - location = {"name":"open","filename":"resource://gre/modules/ServiceRequest.sys.mjs","sourceId":25,"lineNumber":126,"columnNumber":11,"asyncCause":null,"asyncCaller":null,"caller":{"filename":"resource://services-settings/Utils.sys.mjs","name":"fetch/<","sourceId":24,"lineNumber":273,"columnNumber":15,"asyncCause":null,"asyncCaller":null,"caller":{"filename":"resource://services-settings/Utils.sys.mjs","name":"fetch","sourceId":24,"lineNumber":224,"columnNumber":12,"asyncCause":null,"asyncCaller":null,"caller":{"filename":"resource://services-settings/Attachments.sys.mjs","name":"_fetchAttachment","sourceId":23,"lineNumber":560,"columnNumber":35,"asyncCause":null,"asyncCaller":null,"caller":{"filename":"resource://services-settings/Attachments.sys.mjs","name":"downloadAsBytes","sourceId":23,"lineNumber":537,"columnNumber":35,"asyncCause":null,"asyncCaller":null,"caller":null,"formattedStack":"downloadAsBytes@resource://services-settings/Attachments.sys.mjs:537:35\n","nativeSavedFrame":{}},"formattedStack":"_fetchAttachment@resource://services-settings/Attachments.sys.mjs:560:35\ndownloadAsBytes@resource://services-settings/Attachments.sys.mjs:537:35\n","nativeSavedFrame":{}},"formattedStack":"fetch@resource://services-settings/Utils.sys.mjs:224:12\n_fetchAttachment@resource://services-settings/Attachments.sys.mjs:560:35\ndownloadAsBytes@resource://services-settings/Attachments.sys.mjs:537:35\n","nativeSavedFrame":{}},"formattedStack":"fetch/<@resource://services-settings/Utils.sys.mjs:273:15\nfetch@resource://services-settings/Utils.sys.mjs:224:12\n_fetchAttachment@resource://services-settings/Attachments.sys.mjs:560:35\ndownloadAsBytes@resource://services-settings/Attachments.sys.mjs:537:35\n","nativeSavedFrame":{}},"formattedStack":"open@resource://gre/modules/ServiceRequest.sys.mjs:126:11\nfetch/<@resource://services-settings/Utils.sys.mjs:273:15\nfetch@resource://services-settings/Utils.sys.mjs:224:12\n_fetchAttachment@resource://services-settings/Attachments.sys.mjs:560:35\ndownloadAsBytes@resource://services-settings/Attachments.sys.mjs:537:35\n","nativeSavedFrame":{}}
2026-06-19 00:31:49,769 - MainProcess[log-interceptor-1388534498]- selenium_firefox     - DEBUG   : BROWSER 1388534498: driver: - message =
2026-06-19 00:31:49,772 - MainProcess[log-interceptor-1388534498]- selenium_firefox     - DEBUG   : BROWSER 1388534498: driver: - name =
2026-06-19 00:31:49,773 - MainProcess[log-interceptor-1388534498]- selenium_firefox     - DEBUG   : BROWSER 1388534498: driver: - result = 2152071198
2026-06-19 00:31:49,773 - MainProcess[log-interceptor-1388534498]- selenium_firefox     - DEBUG   : BROWSER 1388534498: driver: - stack = open@resource://gre/modules/ServiceRequest.sys.mjs:126:11|fetch/<@resource://services-settings/Utils.sys.mjs:273:15|fetch@resource://services-settings/Utils.sys.mjs:224:12|_fetchAttachment@resource://services-settings/Attachments.sys.mjs:560:35|downloadAsBytes@resource://services-settings/Attachments.sys.mjs:537:35|
2026-06-19 00:31:49,774 - MainProcess[log-interceptor-1388534498]- selenium_firefox     - DEBUG   : BROWSER 1388534498: driver: - prototype Object
2026-06-19 00:31:49,774 - MainProcess[log-interceptor-1388534498]- selenium_firefox     - DEBUG   : BROWSER 1388534498: driver: console.error: RemoteSecuritySettings:
2026-06-19 00:31:49,778 - MainProcess[log-interceptor-1388534498]- selenium_firefox     - DEBUG   : BROWSER 1388534498: driver: failed to download CRLite filter
2026-06-19 00:31:49,779 - MainProcess[log-interceptor-1388534498]- selenium_firefox     - DEBUG   : BROWSER 1388534498: driver: Object
2026-06-19 00:31:49,779 - MainProcess[log-interceptor-1388534498]- selenium_firefox     - DEBUG   : BROWSER 1388534498: driver: - prototype Object
2026-06-19 00:31:49,780 - MainProcess[log-interceptor-1388534498]- selenium_firefox     - DEBUG   : BROWSER 1388534498: driver: - columnNumber = 11
2026-06-19 00:31:49,780 - MainProcess[log-interceptor-1388534498]- selenium_firefox     - DEBUG   : BROWSER 1388534498: driver: - data = null
2026-06-19 00:31:49,780 - MainProcess[log-interceptor-1388534498]- selenium_firefox     - DEBUG   : BROWSER 1388534498: driver: - filename = resource://gre/modules/ServiceRequest.sys.mjs
2026-06-19 00:31:49,781 - MainProcess[log-interceptor-1388534498]- selenium_firefox     - DEBUG   : BROWSER 1388534498: driver: - lineNumber = 126
2026-06-19 00:31:49,782 - MainProcess[log-interceptor-1388534498]- selenium_firefox     - DEBUG   : BROWSER 1388534498: driver: - location = {"name":"open","filename":"resource://gre/modules/ServiceRequest.sys.mjs","sourceId":25,"lineNumber":126,"columnNumber":11,"asyncCause":null,"asyncCaller":null,"caller":{"filename":"resource://services-settings/Utils.sys.mjs","name":"fetch/<","sourceId":24,"lineNumber":273,"columnNumber":15,"asyncCause":null,"asyncCaller":null,"caller":{"filename":"resource://services-settings/Utils.sys.mjs","name":"fetch","sourceId":24,"lineNumber":224,"columnNumber":12,"asyncCause":null,"asyncCaller":null,"caller":{"filename":"resource://services-settings/Attachments.sys.mjs","name":"_fetchAttachment","sourceId":23,"lineNumber":560,"columnNumber":35,"asyncCause":null,"asyncCaller":null,"caller":{"filename":"resource://services-settings/Attachments.sys.mjs","name":"downloadAsBytes","sourceId":23,"lineNumber":537,"columnNumber":35,"asyncCause":null,"asyncCaller":null,"caller":null,"formattedStack":"downloadAsBytes@resource://services-settings/Attachments.sys.mjs:537:35\n","nativeSavedFrame":{}},"formattedStack":"_fetchAttachment@resource://services-settings/Attachments.sys.mjs:560:35\ndownloadAsBytes@resource://services-settings/Attachments.sys.mjs:537:35\n","nativeSavedFrame":{}},"formattedStack":"fetch@resource://services-settings/Utils.sys.mjs:224:12\n_fetchAttachment@resource://services-settings/Attachments.sys.mjs:560:35\ndownloadAsBytes@resource://services-settings/Attachments.sys.mjs:537:35\n","nativeSavedFrame":{}},"formattedStack":"fetch/<@resource://services-settings/Utils.sys.mjs:273:15\nfetch@resource://services-settings/Utils.sys.mjs:224:12\n_fetchAttachment@resource://services-settings/Attachments.sys.mjs:560:35\ndownloadAsBytes@resource://services-settings/Attachments.sys.mjs:537:35\n","nativeSavedFrame":{}},"formattedStack":"open@resource://gre/modules/ServiceRequest.sys.mjs:126:11\nfetch/<@resource://services-settings/Utils.sys.mjs:273:15\nfetch@resource://services-settings/Utils.sys.mjs:224:12\n_fetchAttachment@resource://services-settings/Attachments.sys.mjs:560:35\ndownloadAsBytes@resource://services-settings/Attachments.sys.mjs:537:35\n","nativeSavedFrame":{}}
2026-06-19 00:31:49,783 - MainProcess[log-interceptor-1388534498]- selenium_firefox     - DEBUG   : BROWSER 1388534498: driver: - message =
2026-06-19 00:31:49,783 - MainProcess[log-interceptor-1388534498]- selenium_firefox     - DEBUG   : BROWSER 1388534498: driver: - name =
2026-06-19 00:31:49,784 - MainProcess[log-interceptor-1388534498]- selenium_firefox     - DEBUG   : BROWSER 1388534498: driver: - result = 2152071198
2026-06-19 00:31:49,784 - MainProcess[log-interceptor-1388534498]- selenium_firefox     - DEBUG   : BROWSER 1388534498: driver: - stack = open@resource://gre/modules/ServiceRequest.sys.mjs:126:11|fetch/<@resource://services-settings/Utils.sys.mjs:273:15|fetch@resource://services-settings/Utils.sys.mjs:224:12|_fetchAttachment@resource://services-settings/Attachments.sys.mjs:560:35|downloadAsBytes@resource://services-settings/Attachments.sys.mjs:537:35|
2026-06-19 00:31:49,785 - MainProcess[log-interceptor-1388534498]- selenium_firefox     - DEBUG   : BROWSER 1388534498: driver: - prototype Object
2026-06-19 00:31:49,785 - MainProcess[log-interceptor-1388534498]- selenium_firefox     - DEBUG   : BROWSER 1388534498: driver: console.error: RemoteSecuritySettings:
2026-06-19 00:31:49,785 - MainProcess[log-interceptor-1388534498]- selenium_firefox     - DEBUG   : BROWSER 1388534498: driver: failed to download CRLite filter
2026-06-19 00:31:49,786 - MainProcess[log-interceptor-1388534498]- selenium_firefox     - DEBUG   : BROWSER 1388534498: driver: Object
2026-06-19 00:31:49,788 - MainProcess[log-interceptor-1388534498]- selenium_firefox     - DEBUG   : BROWSER 1388534498: driver: - prototype Object
2026-06-19 00:31:49,788 - MainProcess[log-interceptor-1388534498]- selenium_firefox     - DEBUG   : BROWSER 1388534498: driver: - columnNumber = 11
2026-06-19 00:31:49,789 - MainProcess[log-interceptor-1388534498]- selenium_firefox     - DEBUG   : BROWSER 1388534498: driver: - data = null
2026-06-19 00:31:49,790 - MainProcess[log-interceptor-1388534498]- selenium_firefox     - DEBUG   : BROWSER 1388534498: driver: - filename = resource://gre/modules/ServiceRequest.sys.mjs
2026-06-19 00:31:49,791 - MainProcess[log-interceptor-1388534498]- selenium_firefox     - DEBUG   : BROWSER 1388534498: driver: - lineNumber = 126
2026-06-19 00:31:49,792 - MainProcess[log-interceptor-1388534498]- selenium_firefox     - DEBUG   : BROWSER 1388534498: driver: - location = {"name":"open","filename":"resource://gre/modules/ServiceRequest.sys.mjs","sourceId":25,"lineNumber":126,"columnNumber":11,"asyncCause":null,"asyncCaller":null,"caller":{"filename":"resource://services-settings/Utils.sys.mjs","name":"fetch/<","sourceId":24,"lineNumber":273,"columnNumber":15,"asyncCause":null,"asyncCaller":null,"caller":{"filename":"resource://services-settings/Utils.sys.mjs","name":"fetch","sourceId":24,"lineNumber":224,"columnNumber":12,"asyncCause":null,"asyncCaller":null,"caller":{"filename":"resource://services-settings/Attachments.sys.mjs","name":"_fetchAttachment","sourceId":23,"lineNumber":560,"columnNumber":35,"asyncCause":null,"asyncCaller":null,"caller":{"filename":"resource://services-settings/Attachments.sys.mjs","name":"downloadAsBytes","sourceId":23,"lineNumber":537,"columnNumber":35,"asyncCause":null,"asyncCaller":null,"caller":null,"formattedStack":"downloadAsBytes@resource://services-settings/Attachments.sys.mjs:537:35\n","nativeSavedFrame":{}},"formattedStack":"_fetchAttachment@resource://services-settings/Attachments.sys.mjs:560:35\ndownloadAsBytes@resource://services-settings/Attachments.sys.mjs:537:35\n","nativeSavedFrame":{}},"formattedStack":"fetch@resource://services-settings/Utils.sys.mjs:224:12\n_fetchAttachment@resource://services-settings/Attachments.sys.mjs:560:35\ndownloadAsBytes@resource://services-settings/Attachments.sys.mjs:537:35\n","nativeSavedFrame":{}},"formattedStack":"fetch/<@resource://services-settings/Utils.sys.mjs:273:15\nfetch@resource://services-settings/Utils.sys.mjs:224:12\n_fetchAttachment@resource://services-settings/Attachments.sys.mjs:560:35\ndownloadAsBytes@resource://services-settings/Attachments.sys.mjs:537:35\n","nativeSavedFrame":{}},"formattedStack":"open@resource://gre/modules/ServiceRequest.sys.mjs:126:11\nfetch/<@resource://services-settings/Utils.sys.mjs:273:15\nfetch@resource://services-settings/Utils.sys.mjs:224:12\n_fetchAttachment@resource://services-settings/Attachments.sys.mjs:560:35\ndownloadAsBytes@resource://services-settings/Attachments.sys.mjs:537:35\n","nativeSavedFrame":{}}
2026-06-19 00:31:49,792 - MainProcess[log-interceptor-1388534498]- selenium_firefox     - DEBUG   : BROWSER 1388534498: driver: - message =
2026-06-19 00:31:49,793 - MainProcess[log-interceptor-1388534498]- selenium_firefox     - DEBUG   : BROWSER 1388534498: driver: - name =
2026-06-19 00:31:49,793 - MainProcess[log-interceptor-1388534498]- selenium_firefox     - DEBUG   : BROWSER 1388534498: driver: - result = 2152071198
2026-06-19 00:31:49,794 - MainProcess[log-interceptor-1388534498]- selenium_firefox     - DEBUG   : BROWSER 1388534498: driver: - stack = open@resource://gre/modules/ServiceRequest.sys.mjs:126:11|fetch/<@resource://services-settings/Utils.sys.mjs:273:15|fetch@resource://services-settings/Utils.sys.mjs:224:12|_fetchAttachment@resource://services-settings/Attachments.sys.mjs:560:35|downloadAsBytes@resource://services-settings/Attachments.sys.mjs:537:35|
2026-06-19 00:31:49,794 - MainProcess[log-interceptor-1388534498]- selenium_firefox     - DEBUG   : BROWSER 1388534498: driver: - prototype Object
2026-06-19 00:31:49,794 - MainProcess[log-interceptor-1388534498]- selenium_firefox     - DEBUG   : BROWSER 1388534498: driver: console.error: RemoteSecuritySettings:
2026-06-19 00:31:49,795 - MainProcess[log-interceptor-1388534498]- selenium_firefox     - DEBUG   : BROWSER 1388534498: driver: failed to download CRLite filter
2026-06-19 00:31:49,795 - MainProcess[log-interceptor-1388534498]- selenium_firefox     - DEBUG   : BROWSER 1388534498: driver: Object
2026-06-19 00:31:49,795 - MainProcess[log-interceptor-1388534498]- selenium_firefox     - DEBUG   : BROWSER 1388534498: driver: - prototype Object
2026-06-19 00:31:49,796 - MainProcess[log-interceptor-1388534498]- selenium_firefox     - DEBUG   : BROWSER 1388534498: driver: - columnNumber = 11
2026-06-19 00:31:49,796 - MainProcess[log-interceptor-1388534498]- selenium_firefox     - DEBUG   : BROWSER 1388534498: driver: - data = null
2026-06-19 00:31:49,802 - MainProcess[log-interceptor-1388534498]- selenium_firefox     - DEBUG   : BROWSER 1388534498: driver: - filename = resource://gre/modules/ServiceRequest.sys.mjs
2026-06-19 00:31:49,802 - MainProcess[log-interceptor-1388534498]- selenium_firefox     - DEBUG   : BROWSER 1388534498: driver: - lineNumber = 126
2026-06-19 00:31:49,802 - MainProcess[log-interceptor-1388534498]- selenium_firefox     - DEBUG   : BROWSER 1388534498: driver: - location = {"name":"open","filename":"resource://gre/modules/ServiceRequest.sys.mjs","sourceId":25,"lineNumber":126,"columnNumber":11,"asyncCause":null,"asyncCaller":null,"caller":{"filename":"resource://services-settings/Utils.sys.mjs","name":"fetch/<","sourceId":24,"lineNumber":273,"columnNumber":15,"asyncCause":null,"asyncCaller":null,"caller":{"filename":"resource://services-settings/Utils.sys.mjs","name":"fetch","sourceId":24,"lineNumber":224,"columnNumber":12,"asyncCause":null,"asyncCaller":null,"caller":{"filename":"resource://services-settings/Attachments.sys.mjs","name":"_fetchAttachment","sourceId":23,"lineNumber":560,"columnNumber":35,"asyncCause":null,"asyncCaller":null,"caller":{"filename":"resource://services-settings/Attachments.sys.mjs","name":"downloadAsBytes","sourceId":23,"lineNumber":537,"columnNumber":35,"asyncCause":null,"asyncCaller":null,"caller":null,"formattedStack":"downloadAsBytes@resource://services-settings/Attachments.sys.mjs:537:35\n","nativeSavedFrame":{}},"formattedStack":"_fetchAttachment@resource://services-settings/Attachments.sys.mjs:560:35\ndownloadAsBytes@resource://services-settings/Attachments.sys.mjs:537:35\n","nativeSavedFrame":{}},"formattedStack":"fetch@resource://services-settings/Utils.sys.mjs:224:12\n_fetchAttachment@resource://services-settings/Attachments.sys.mjs:560:35\ndownloadAsBytes@resource://services-settings/Attachments.sys.mjs:537:35\n","nativeSavedFrame":{}},"formattedStack":"fetch/<@resource://services-settings/Utils.sys.mjs:273:15\nfetch@resource://services-settings/Utils.sys.mjs:224:12\n_fetchAttachment@resource://services-settings/Attachments.sys.mjs:560:35\ndownloadAsBytes@resource://services-settings/Attachments.sys.mjs:537:35\n","nativeSavedFrame":{}},"formattedStack":"open@resource://gre/modules/ServiceRequest.sys.mjs:126:11\nfetch/<@resource://services-settings/Utils.sys.mjs:273:15\nfetch@resource://services-settings/Utils.sys.mjs:224:12\n_fetchAttachment@resource://services-settings/Attachments.sys.mjs:560:35\ndownloadAsBytes@resource://services-settings/Attachments.sys.mjs:537:35\n","nativeSavedFrame":{}}
2026-06-19 00:31:49,803 - MainProcess[log-interceptor-1388534498]- selenium_firefox     - DEBUG   : BROWSER 1388534498: driver: - message =
2026-06-19 00:31:49,803 - MainProcess[log-interceptor-1388534498]- selenium_firefox     - DEBUG   : BROWSER 1388534498: driver: - name =
2026-06-19 00:31:49,804 - MainProcess[log-interceptor-1388534498]- selenium_firefox     - DEBUG   : BROWSER 1388534498: driver: - result = 2152071198
2026-06-19 00:31:49,804 - MainProcess[log-interceptor-1388534498]- selenium_firefox     - DEBUG   : BROWSER 1388534498: driver: - stack = open@resource://gre/modules/ServiceRequest.sys.mjs:126:11|fetch/<@resource://services-settings/Utils.sys.mjs:273:15|fetch@resource://services-settings/Utils.sys.mjs:224:12|_fetchAttachment@resource://services-settings/Attachments.sys.mjs:560:35|downloadAsBytes@resource://services-settings/Attachments.sys.mjs:537:35|
2026-06-19 00:31:49,808 - MainProcess[log-interceptor-1388534498]- selenium_firefox     - DEBUG   : BROWSER 1388534498: driver: - prototype Object
2026-06-19 00:31:49,809 - MainProcess[log-interceptor-1388534498]- selenium_firefox     - DEBUG   : BROWSER 1388534498: driver: console.error: RemoteSecuritySettings:
2026-06-19 00:31:49,809 - MainProcess[log-interceptor-1388534498]- selenium_firefox     - DEBUG   : BROWSER 1388534498: driver: failed to download CRLite filter
2026-06-19 00:31:49,809 - MainProcess[log-interceptor-1388534498]- selenium_firefox     - DEBUG   : BROWSER 1388534498: driver: Object
2026-06-19 00:31:49,810 - MainProcess[log-interceptor-1388534498]- selenium_firefox     - DEBUG   : BROWSER 1388534498: driver: - prototype Object
2026-06-19 00:31:49,810 - MainProcess[log-interceptor-1388534498]- selenium_firefox     - DEBUG   : BROWSER 1388534498: driver: - columnNumber = 11
2026-06-19 00:31:49,810 - MainProcess[log-interceptor-1388534498]- selenium_firefox     - DEBUG   : BROWSER 1388534498: driver: - data = null
2026-06-19 00:31:49,811 - MainProcess[log-interceptor-1388534498]- selenium_firefox     - DEBUG   : BROWSER 1388534498: driver: - filename = resource://gre/modules/ServiceRequest.sys.mjs
2026-06-19 00:31:49,811 - MainProcess[log-interceptor-1388534498]- selenium_firefox     - DEBUG   : BROWSER 1388534498: driver: - lineNumber = 126
2026-06-19 00:31:49,813 - MainProcess[log-interceptor-1388534498]- selenium_firefox     - DEBUG   : BROWSER 1388534498: driver: - location = {"name":"open","filename":"resource://gre/modules/ServiceRequest.sys.mjs","sourceId":25,"lineNumber":126,"columnNumber":11,"asyncCause":null,"asyncCaller":null,"caller":{"filename":"resource://services-settings/Utils.sys.mjs","name":"fetch/<","sourceId":24,"lineNumber":273,"columnNumber":15,"asyncCause":null,"asyncCaller":null,"caller":{"filename":"resource://services-settings/Utils.sys.mjs","name":"fetch","sourceId":24,"lineNumber":224,"columnNumber":12,"asyncCause":null,"asyncCaller":null,"caller":{"filename":"resource://services-settings/Attachments.sys.mjs","name":"_fetchAttachment","sourceId":23,"lineNumber":560,"columnNumber":35,"asyncCause":null,"asyncCaller":null,"caller":{"filename":"resource://services-settings/Attachments.sys.mjs","name":"downloadAsBytes","sourceId":23,"lineNumber":537,"columnNumber":35,"asyncCause":null,"asyncCaller":null,"caller":null,"formattedStack":"downloadAsBytes@resource://services-settings/Attachments.sys.mjs:537:35\n","nativeSavedFrame":{}},"formattedStack":"_fetchAttachment@resource://services-settings/Attachments.sys.mjs:560:35\ndownloadAsBytes@resource://services-settings/Attachments.sys.mjs:537:35\n","nativeSavedFrame":{}},"formattedStack":"fetch@resource://services-settings/Utils.sys.mjs:224:12\n_fetchAttachment@resource://services-settings/Attachments.sys.mjs:560:35\ndownloadAsBytes@resource://services-settings/Attachments.sys.mjs:537:35\n","nativeSavedFrame":{}},"formattedStack":"fetch/<@resource://services-settings/Utils.sys.mjs:273:15\nfetch@resource://services-settings/Utils.sys.mjs:224:12\n_fetchAttachment@resource://services-settings/Attachments.sys.mjs:560:35\ndownloadAsBytes@resource://services-settings/Attachments.sys.mjs:537:35\n","nativeSavedFrame":{}},"formattedStack":"open@resource://gre/modules/ServiceRequest.sys.mjs:126:11\nfetch/<@resource://services-settings/Utils.sys.mjs:273:15\nfetch@resource://services-settings/Utils.sys.mjs:224:12\n_fetchAttachment@resource://services-settings/Attachments.sys.mjs:560:35\ndownloadAsBytes@resource://services-settings/Attachments.sys.mjs:537:35\n","nativeSavedFrame":{}}
2026-06-19 00:31:49,814 - MainProcess[log-interceptor-1388534498]- selenium_firefox     - DEBUG   : BROWSER 1388534498: driver: - message =
2026-06-19 00:31:49,814 - MainProcess[log-interceptor-1388534498]- selenium_firefox     - DEBUG   : BROWSER 1388534498: driver: - name =
2026-06-19 00:31:49,815 - MainProcess[log-interceptor-1388534498]- selenium_firefox     - DEBUG   : BROWSER 1388534498: driver: - result = 2152071198
2026-06-19 00:31:49,816 - MainProcess[log-interceptor-1388534498]- selenium_firefox     - DEBUG   : BROWSER 1388534498: driver: - stack = open@resource://gre/modules/ServiceRequest.sys.mjs:126:11|fetch/<@resource://services-settings/Utils.sys.mjs:273:15|fetch@resource://services-settings/Utils.sys.mjs:224:12|_fetchAttachment@resource://services-settings/Attachments.sys.mjs:560:35|downloadAsBytes@resource://services-settings/Attachments.sys.mjs:537:35|
2026-06-19 00:31:49,822 - MainProcess[log-interceptor-1388534498]- selenium_firefox     - DEBUG   : BROWSER 1388534498: driver: - prototype Object
2026-06-19 00:31:49,822 - MainProcess[log-interceptor-1388534498]- selenium_firefox     - DEBUG   : BROWSER 1388534498: driver: console.error: RemoteSecuritySettings:
2026-06-19 00:31:49,823 - MainProcess[log-interceptor-1388534498]- selenium_firefox     - DEBUG   : BROWSER 1388534498: driver: failed to download CRLite filter
2026-06-19 00:31:49,823 - MainProcess[log-interceptor-1388534498]- selenium_firefox     - DEBUG   : BROWSER 1388534498: driver: Object
2026-06-19 00:31:49,824 - MainProcess[log-interceptor-1388534498]- selenium_firefox     - DEBUG   : BROWSER 1388534498: driver: - prototype Object
2026-06-19 00:31:49,824 - MainProcess[log-interceptor-1388534498]- selenium_firefox     - DEBUG   : BROWSER 1388534498: driver: - columnNumber = 11
2026-06-19 00:31:49,824 - MainProcess[log-interceptor-1388534498]- selenium_firefox     - DEBUG   : BROWSER 1388534498: driver: - data = null
2026-06-19 00:31:49,825 - MainProcess[log-interceptor-1388534498]- selenium_firefox     - DEBUG   : BROWSER 1388534498: driver: - filename = resource://gre/modules/ServiceRequest.sys.mjs
2026-06-19 00:31:49,825 - MainProcess[log-interceptor-1388534498]- selenium_firefox     - DEBUG   : BROWSER 1388534498: driver: - lineNumber = 126
2026-06-19 00:31:49,825 - MainProcess[log-interceptor-1388534498]- selenium_firefox     - DEBUG   : BROWSER 1388534498: driver: - location = {"name":"open","filename":"resource://gre/modules/ServiceRequest.sys.mjs","sourceId":25,"lineNumber":126,"columnNumber":11,"asyncCause":null,"asyncCaller":null,"caller":{"filename":"resource://services-settings/Utils.sys.mjs","name":"fetch/<","sourceId":24,"lineNumber":273,"columnNumber":15,"asyncCause":null,"asyncCaller":null,"caller":{"filename":"resource://services-settings/Utils.sys.mjs","name":"fetch","sourceId":24,"lineNumber":224,"columnNumber":12,"asyncCause":null,"asyncCaller":null,"caller":{"filename":"resource://services-settings/Attachments.sys.mjs","name":"_fetchAttachment","sourceId":23,"lineNumber":560,"columnNumber":35,"asyncCause":null,"asyncCaller":null,"caller":{"filename":"resource://services-settings/Attachments.sys.mjs","name":"downloadAsBytes","sourceId":23,"lineNumber":537,"columnNumber":35,"asyncCause":null,"asyncCaller":null,"caller":null,"formattedStack":"downloadAsBytes@resource://services-settings/Attachments.sys.mjs:537:35\n","nativeSavedFrame":{}},"formattedStack":"_fetchAttachment@resource://services-settings/Attachments.sys.mjs:560:35\ndownloadAsBytes@resource://services-settings/Attachments.sys.mjs:537:35\n","nativeSavedFrame":{}},"formattedStack":"fetch@resource://services-settings/Utils.sys.mjs:224:12\n_fetchAttachment@resource://services-settings/Attachments.sys.mjs:560:35\ndownloadAsBytes@resource://services-settings/Attachments.sys.mjs:537:35\n","nativeSavedFrame":{}},"formattedStack":"fetch/<@resource://services-settings/Utils.sys.mjs:273:15\nfetch@resource://services-settings/Utils.sys.mjs:224:12\n_fetchAttachment@resource://services-settings/Attachments.sys.mjs:560:35\ndownloadAsBytes@resource://services-settings/Attachments.sys.mjs:537:35\n","nativeSavedFrame":{}},"formattedStack":"open@resource://gre/modules/ServiceRequest.sys.mjs:126:11\nfetch/<@resource://services-settings/Utils.sys.mjs:273:15\nfetch@resource://services-settings/Utils.sys.mjs:224:12\n_fetchAttachment@resource://services-settings/Attachments.sys.mjs:560:35\ndownloadAsBytes@resource://services-settings/Attachments.sys.mjs:537:35\n","nativeSavedFrame":{}}
2026-06-19 00:31:49,825 - MainProcess[log-interceptor-1388534498]- selenium_firefox     - DEBUG   : BROWSER 1388534498: driver: - message =
2026-06-19 00:31:49,826 - MainProcess[log-interceptor-1388534498]- selenium_firefox     - DEBUG   : BROWSER 1388534498: driver: - name =
2026-06-19 00:31:49,831 - MainProcess[log-interceptor-1388534498]- selenium_firefox     - DEBUG   : BROWSER 1388534498: driver: - result = 2152071198
2026-06-19 00:31:49,832 - MainProcess[log-interceptor-1388534498]- selenium_firefox     - DEBUG   : BROWSER 1388534498: driver: - stack = open@resource://gre/modules/ServiceRequest.sys.mjs:126:11|fetch/<@resource://services-settings/Utils.sys.mjs:273:15|fetch@resource://services-settings/Utils.sys.mjs:224:12|_fetchAttachment@resource://services-settings/Attachments.sys.mjs:560:35|downloadAsBytes@resource://services-settings/Attachments.sys.mjs:537:35|
2026-06-19 00:31:49,832 - MainProcess[log-interceptor-1388534498]- selenium_firefox     - DEBUG   : BROWSER 1388534498: driver: - prototype Object
2026-06-19 00:31:49,832 - MainProcess[log-interceptor-1388534498]- selenium_firefox     - DEBUG   : BROWSER 1388534498: driver: console.error: RemoteSecuritySettings:
2026-06-19 00:31:49,833 - MainProcess[log-interceptor-1388534498]- selenium_firefox     - DEBUG   : BROWSER 1388534498: driver: failed to download CRLite filter
2026-06-19 00:31:49,833 - MainProcess[log-interceptor-1388534498]- selenium_firefox     - DEBUG   : BROWSER 1388534498: driver: Object
2026-06-19 00:31:49,833 - MainProcess[log-interceptor-1388534498]- selenium_firefox     - DEBUG   : BROWSER 1388534498: driver: - prototype Object
2026-06-19 00:31:49,834 - MainProcess[log-interceptor-1388534498]- selenium_firefox     - DEBUG   : BROWSER 1388534498: driver: - columnNumber = 11
2026-06-19 00:31:49,834 - MainProcess[log-interceptor-1388534498]- selenium_firefox     - DEBUG   : BROWSER 1388534498: driver: - data = null
2026-06-19 00:31:49,841 - MainProcess[log-interceptor-1388534498]- selenium_firefox     - DEBUG   : BROWSER 1388534498: driver: - filename = resource://gre/modules/ServiceRequest.sys.mjs
2026-06-19 00:31:49,845 - MainProcess[log-interceptor-1388534498]- selenium_firefox     - DEBUG   : BROWSER 1388534498: driver: - lineNumber = 126
2026-06-19 00:31:49,846 - MainProcess[log-interceptor-1388534498]- selenium_firefox     - DEBUG   : BROWSER 1388534498: driver: - location = {"name":"open","filename":"resource://gre/modules/ServiceRequest.sys.mjs","sourceId":25,"lineNumber":126,"columnNumber":11,"asyncCause":null,"asyncCaller":null,"caller":{"filename":"resource://services-settings/Utils.sys.mjs","name":"fetch/<","sourceId":24,"lineNumber":273,"columnNumber":15,"asyncCause":null,"asyncCaller":null,"caller":{"filename":"resource://services-settings/Utils.sys.mjs","name":"fetch","sourceId":24,"lineNumber":224,"columnNumber":12,"asyncCause":null,"asyncCaller":null,"caller":{"filename":"resource://services-settings/Attachments.sys.mjs","name":"_fetchAttachment","sourceId":23,"lineNumber":560,"columnNumber":35,"asyncCause":null,"asyncCaller":null,"caller":{"filename":"resource://services-settings/Attachments.sys.mjs","name":"downloadAsBytes","sourceId":23,"lineNumber":537,"columnNumber":35,"asyncCause":null,"asyncCaller":null,"caller":null,"formattedStack":"downloadAsBytes@resource://services-settings/Attachments.sys.mjs:537:35\n","nativeSavedFrame":{}},"formattedStack":"_fetchAttachment@resource://services-settings/Attachments.sys.mjs:560:35\ndownloadAsBytes@resource://services-settings/Attachments.sys.mjs:537:35\n","nativeSavedFrame":{}},"formattedStack":"fetch@resource://services-settings/Utils.sys.mjs:224:12\n_fetchAttachment@resource://services-settings/Attachments.sys.mjs:560:35\ndownloadAsBytes@resource://services-settings/Attachments.sys.mjs:537:35\n","nativeSavedFrame":{}},"formattedStack":"fetch/<@resource://services-settings/Utils.sys.mjs:273:15\nfetch@resource://services-settings/Utils.sys.mjs:224:12\n_fetchAttachment@resource://services-settings/Attachments.sys.mjs:560:35\ndownloadAsBytes@resource://services-settings/Attachments.sys.mjs:537:35\n","nativeSavedFrame":{}},"formattedStack":"open@resource://gre/modules/ServiceRequest.sys.mjs:126:11\nfetch/<@resource://services-settings/Utils.sys.mjs:273:15\nfetch@resource://services-settings/Utils.sys.mjs:224:12\n_fetchAttachment@resource://services-settings/Attachments.sys.mjs:560:35\ndownloadAsBytes@resource://services-settings/Attachments.sys.mjs:537:35\n","nativeSavedFrame":{}}
2026-06-19 00:31:49,846 - MainProcess[log-interceptor-1388534498]- selenium_firefox     - DEBUG   : BROWSER 1388534498: driver: - message =
2026-06-19 00:31:49,846 - MainProcess[log-interceptor-1388534498]- selenium_firefox     - DEBUG   : BROWSER 1388534498: driver: - name =
2026-06-19 00:31:49,847 - MainProcess[log-interceptor-1388534498]- selenium_firefox     - DEBUG   : BROWSER 1388534498: driver: - result = 2152071198
2026-06-19 00:31:49,847 - MainProcess[log-interceptor-1388534498]- selenium_firefox     - DEBUG   : BROWSER 1388534498: driver: - stack = open@resource://gre/modules/ServiceRequest.sys.mjs:126:11|fetch/<@resource://services-settings/Utils.sys.mjs:273:15|fetch@resource://services-settings/Utils.sys.mjs:224:12|_fetchAttachment@resource://services-settings/Attachments.sys.mjs:560:35|downloadAsBytes@resource://services-settings/Attachments.sys.mjs:537:35|
2026-06-19 00:31:49,847 - MainProcess[log-interceptor-1388534498]- selenium_firefox     - DEBUG   : BROWSER 1388534498: driver: - prototype Object
2026-06-19 00:31:49,848 - MainProcess[log-interceptor-1388534498]- selenium_firefox     - DEBUG   : BROWSER 1388534498: driver: console.error: RemoteSecuritySettings:
2026-06-19 00:31:49,848 - MainProcess[log-interceptor-1388534498]- selenium_firefox     - DEBUG   : BROWSER 1388534498: driver: failed to download CRLite filter
2026-06-19 00:31:49,852 - MainProcess[log-interceptor-1388534498]- selenium_firefox     - DEBUG   : BROWSER 1388534498: driver: Object
2026-06-19 00:31:49,853 - MainProcess[log-interceptor-1388534498]- selenium_firefox     - DEBUG   : BROWSER 1388534498: driver: - prototype Object
2026-06-19 00:31:49,853 - MainProcess[log-interceptor-1388534498]- selenium_firefox     - DEBUG   : BROWSER 1388534498: driver: - columnNumber = 11
2026-06-19 00:31:49,853 - MainProcess[log-interceptor-1388534498]- selenium_firefox     - DEBUG   : BROWSER 1388534498: driver: - data = null
2026-06-19 00:31:49,854 - MainProcess[log-interceptor-1388534498]- selenium_firefox     - DEBUG   : BROWSER 1388534498: driver: - filename = resource://gre/modules/ServiceRequest.sys.mjs
2026-06-19 00:31:49,854 - MainProcess[log-interceptor-1388534498]- selenium_firefox     - DEBUG   : BROWSER 1388534498: driver: - lineNumber = 126
2026-06-19 00:31:49,854 - MainProcess[log-interceptor-1388534498]- selenium_firefox     - DEBUG   : BROWSER 1388534498: driver: - location = {"name":"open","filename":"resource://gre/modules/ServiceRequest.sys.mjs","sourceId":25,"lineNumber":126,"columnNumber":11,"asyncCause":null,"asyncCaller":null,"caller":{"filename":"resource://services-settings/Utils.sys.mjs","name":"fetch/<","sourceId":24,"lineNumber":273,"columnNumber":15,"asyncCause":null,"asyncCaller":null,"caller":{"filename":"resource://services-settings/Utils.sys.mjs","name":"fetch","sourceId":24,"lineNumber":224,"columnNumber":12,"asyncCause":null,"asyncCaller":null,"caller":{"filename":"resource://services-settings/Attachments.sys.mjs","name":"_fetchAttachment","sourceId":23,"lineNumber":560,"columnNumber":35,"asyncCause":null,"asyncCaller":null,"caller":{"filename":"resource://services-settings/Attachments.sys.mjs","name":"downloadAsBytes","sourceId":23,"lineNumber":537,"columnNumber":35,"asyncCause":null,"asyncCaller":null,"caller":null,"formattedStack":"downloadAsBytes@resource://services-settings/Attachments.sys.mjs:537:35\n","nativeSavedFrame":{}},"formattedStack":"_fetchAttachment@resource://services-settings/Attachments.sys.mjs:560:35\ndownloadAsBytes@resource://services-settings/Attachments.sys.mjs:537:35\n","nativeSavedFrame":{}},"formattedStack":"fetch@resource://services-settings/Utils.sys.mjs:224:12\n_fetchAttachment@resource://services-settings/Attachments.sys.mjs:560:35\ndownloadAsBytes@resource://services-settings/Attachments.sys.mjs:537:35\n","nativeSavedFrame":{}},"formattedStack":"fetch/<@resource://services-settings/Utils.sys.mjs:273:15\nfetch@resource://services-settings/Utils.sys.mjs:224:12\n_fetchAttachment@resource://services-settings/Attachments.sys.mjs:560:35\ndownloadAsBytes@resource://services-settings/Attachments.sys.mjs:537:35\n","nativeSavedFrame":{}},"formattedStack":"open@resource://gre/modules/ServiceRequest.sys.mjs:126:11\nfetch/<@resource://services-settings/Utils.sys.mjs:273:15\nfetch@resource://services-settings/Utils.sys.mjs:224:12\n_fetchAttachment@resource://services-settings/Attachments.sys.mjs:560:35\ndownloadAsBytes@resource://services-settings/Attachments.sys.mjs:537:35\n","nativeSavedFrame":{}}
2026-06-19 00:31:49,855 - MainProcess[log-interceptor-1388534498]- selenium_firefox     - DEBUG   : BROWSER 1388534498: driver: - message =
2026-06-19 00:31:49,860 - MainProcess[log-interceptor-1388534498]- selenium_firefox     - DEBUG   : BROWSER 1388534498: driver: - name =
2026-06-19 00:31:49,861 - MainProcess[log-interceptor-1388534498]- selenium_firefox     - DEBUG   : BROWSER 1388534498: driver: - result = 2152071198
2026-06-19 00:31:49,861 - MainProcess[log-interceptor-1388534498]- selenium_firefox     - DEBUG   : BROWSER 1388534498: driver: - stack = open@resource://gre/modules/ServiceRequest.sys.mjs:126:11|fetch/<@resource://services-settings/Utils.sys.mjs:273:15|fetch@resource://services-settings/Utils.sys.mjs:224:12|_fetchAttachment@resource://services-settings/Attachments.sys.mjs:560:35|downloadAsBytes@resource://services-settings/Attachments.sys.mjs:537:35|
2026-06-19 00:31:49,861 - MainProcess[log-interceptor-1388534498]- selenium_firefox     - DEBUG   : BROWSER 1388534498: driver: - prototype Object
2026-06-19 00:31:49,862 - MainProcess[log-interceptor-1388534498]- selenium_firefox     - DEBUG   : BROWSER 1388534498: driver: console.error: RemoteSecuritySettings:
2026-06-19 00:31:49,862 - MainProcess[log-interceptor-1388534498]- selenium_firefox     - DEBUG   : BROWSER 1388534498: driver: failed to download CRLite filter
2026-06-19 00:31:49,862 - MainProcess[log-interceptor-1388534498]- selenium_firefox     - DEBUG   : BROWSER 1388534498: driver: Object
2026-06-19 00:31:49,863 - MainProcess[log-interceptor-1388534498]- selenium_firefox     - DEBUG   : BROWSER 1388534498: driver: - prototype Object
2026-06-19 00:31:49,863 - MainProcess[log-interceptor-1388534498]- selenium_firefox     - DEBUG   : BROWSER 1388534498: driver: - columnNumber = 11
2026-06-19 00:31:49,866 - MainProcess[log-interceptor-1388534498]- selenium_firefox     - DEBUG   : BROWSER 1388534498: driver: - data = null
2026-06-19 00:31:49,870 - MainProcess[log-interceptor-1388534498]- selenium_firefox     - DEBUG   : BROWSER 1388534498: driver: - filename = resource://gre/modules/ServiceRequest.sys.mjs
2026-06-19 00:31:49,871 - MainProcess[log-interceptor-1388534498]- selenium_firefox     - DEBUG   : BROWSER 1388534498: driver: - lineNumber = 126
2026-06-19 00:31:49,872 - MainProcess[log-interceptor-1388534498]- selenium_firefox     - DEBUG   : BROWSER 1388534498: driver: - location = {"name":"open","filename":"resource://gre/modules/ServiceRequest.sys.mjs","sourceId":25,"lineNumber":126,"columnNumber":11,"asyncCause":null,"asyncCaller":null,"caller":{"filename":"resource://services-settings/Utils.sys.mjs","name":"fetch/<","sourceId":24,"lineNumber":273,"columnNumber":15,"asyncCause":null,"asyncCaller":null,"caller":{"filename":"resource://services-settings/Utils.sys.mjs","name":"fetch","sourceId":24,"lineNumber":224,"columnNumber":12,"asyncCause":null,"asyncCaller":null,"caller":{"filename":"resource://services-settings/Attachments.sys.mjs","name":"_fetchAttachment","sourceId":23,"lineNumber":560,"columnNumber":35,"asyncCause":null,"asyncCaller":null,"caller":{"filename":"resource://services-settings/Attachments.sys.mjs","name":"downloadAsBytes","sourceId":23,"lineNumber":537,"columnNumber":35,"asyncCause":null,"asyncCaller":null,"caller":null,"formattedStack":"downloadAsBytes@resource://services-settings/Attachments.sys.mjs:537:35\n","nativeSavedFrame":{}},"formattedStack":"_fetchAttachment@resource://services-settings/Attachments.sys.mjs:560:35\ndownloadAsBytes@resource://services-settings/Attachments.sys.mjs:537:35\n","nativeSavedFrame":{}},"formattedStack":"fetch@resource://services-settings/Utils.sys.mjs:224:12\n_fetchAttachment@resource://services-settings/Attachments.sys.mjs:560:35\ndownloadAsBytes@resource://services-settings/Attachments.sys.mjs:537:35\n","nativeSavedFrame":{}},"formattedStack":"fetch/<@resource://services-settings/Utils.sys.mjs:273:15\nfetch@resource://services-settings/Utils.sys.mjs:224:12\n_fetchAttachment@resource://services-settings/Attachments.sys.mjs:560:35\ndownloadAsBytes@resource://services-settings/Attachments.sys.mjs:537:35\n","nativeSavedFrame":{}},"formattedStack":"open@resource://gre/modules/ServiceRequest.sys.mjs:126:11\nfetch/<@resource://services-settings/Utils.sys.mjs:273:15\nfetch@resource://services-settings/Utils.sys.mjs:224:12\n_fetchAttachment@resource://services-settings/Attachments.sys.mjs:560:35\ndownloadAsBytes@resource://services-settings/Attachments.sys.mjs:537:35\n","nativeSavedFrame":{}}
2026-06-19 00:31:49,872 - MainProcess[log-interceptor-1388534498]- selenium_firefox     - DEBUG   : BROWSER 1388534498: driver: - message =
2026-06-19 00:31:49,873 - MainProcess[log-interceptor-1388534498]- selenium_firefox     - DEBUG   : BROWSER 1388534498: driver: - name =
2026-06-19 00:31:49,873 - MainProcess[log-interceptor-1388534498]- selenium_firefox     - DEBUG   : BROWSER 1388534498: driver: - result = 2152071198
2026-06-19 00:31:49,875 - MainProcess[log-interceptor-1388534498]- selenium_firefox     - DEBUG   : BROWSER 1388534498: driver: - stack = open@resource://gre/modules/ServiceRequest.sys.mjs:126:11|fetch/<@resource://services-settings/Utils.sys.mjs:273:15|fetch@resource://services-settings/Utils.sys.mjs:224:12|_fetchAttachment@resource://services-settings/Attachments.sys.mjs:560:35|downloadAsBytes@resource://services-settings/Attachments.sys.mjs:537:35|
2026-06-19 00:31:49,875 - MainProcess[log-interceptor-1388534498]- selenium_firefox     - DEBUG   : BROWSER 1388534498: driver: - prototype Object
2026-06-19 00:31:49,876 - MainProcess[log-interceptor-1388534498]- selenium_firefox     - DEBUG   : BROWSER 1388534498: driver: console.error: RemoteSecuritySettings:
2026-06-19 00:31:49,876 - MainProcess[log-interceptor-1388534498]- selenium_firefox     - DEBUG   : BROWSER 1388534498: driver: failed to download CRLite filter
2026-06-19 00:31:49,876 - MainProcess[log-interceptor-1388534498]- selenium_firefox     - DEBUG   : BROWSER 1388534498: driver: Object
2026-06-19 00:31:49,877 - MainProcess[log-interceptor-1388534498]- selenium_firefox     - DEBUG   : BROWSER 1388534498: driver: - prototype Object
2026-06-19 00:31:49,877 - MainProcess[log-interceptor-1388534498]- selenium_firefox     - DEBUG   : BROWSER 1388534498: driver: - columnNumber = 11
2026-06-19 00:31:49,877 - MainProcess[log-interceptor-1388534498]- selenium_firefox     - DEBUG   : BROWSER 1388534498: driver: - data = null
2026-06-19 00:31:49,878 - MainProcess[log-interceptor-1388534498]- selenium_firefox     - DEBUG   : BROWSER 1388534498: driver: - filename = resource://gre/modules/ServiceRequest.sys.mjs
2026-06-19 00:31:49,878 - MainProcess[log-interceptor-1388534498]- selenium_firefox     - DEBUG   : BROWSER 1388534498: driver: - lineNumber = 126
2026-06-19 00:31:49,880 - MainProcess[log-interceptor-1388534498]- selenium_firefox     - DEBUG   : BROWSER 1388534498: driver: - location = {"name":"open","filename":"resource://gre/modules/ServiceRequest.sys.mjs","sourceId":25,"lineNumber":126,"columnNumber":11,"asyncCause":null,"asyncCaller":null,"caller":{"filename":"resource://services-settings/Utils.sys.mjs","name":"fetch/<","sourceId":24,"lineNumber":273,"columnNumber":15,"asyncCause":null,"asyncCaller":null,"caller":{"filename":"resource://services-settings/Utils.sys.mjs","name":"fetch","sourceId":24,"lineNumber":224,"columnNumber":12,"asyncCause":null,"asyncCaller":null,"caller":{"filename":"resource://services-settings/Attachments.sys.mjs","name":"_fetchAttachment","sourceId":23,"lineNumber":560,"columnNumber":35,"asyncCause":null,"asyncCaller":null,"caller":{"filename":"resource://services-settings/Attachments.sys.mjs","name":"downloadAsBytes","sourceId":23,"lineNumber":537,"columnNumber":35,"asyncCause":null,"asyncCaller":null,"caller":null,"formattedStack":"downloadAsBytes@resource://services-settings/Attachments.sys.mjs:537:35\n","nativeSavedFrame":{}},"formattedStack":"_fetchAttachment@resource://services-settings/Attachments.sys.mjs:560:35\ndownloadAsBytes@resource://services-settings/Attachments.sys.mjs:537:35\n","nativeSavedFrame":{}},"formattedStack":"fetch@resource://services-settings/Utils.sys.mjs:224:12\n_fetchAttachment@resource://services-settings/Attachments.sys.mjs:560:35\ndownloadAsBytes@resource://services-settings/Attachments.sys.mjs:537:35\n","nativeSavedFrame":{}},"formattedStack":"fetch/<@resource://services-settings/Utils.sys.mjs:273:15\nfetch@resource://services-settings/Utils.sys.mjs:224:12\n_fetchAttachment@resource://services-settings/Attachments.sys.mjs:560:35\ndownloadAsBytes@resource://services-settings/Attachments.sys.mjs:537:35\n","nativeSavedFrame":{}},"formattedStack":"open@resource://gre/modules/ServiceRequest.sys.mjs:126:11\nfetch/<@resource://services-settings/Utils.sys.mjs:273:15\nfetch@resource://services-settings/Utils.sys.mjs:224:12\n_fetchAttachment@resource://services-settings/Attachments.sys.mjs:560:35\ndownloadAsBytes@resource://services-settings/Attachments.sys.mjs:537:35\n","nativeSavedFrame":{}}
2026-06-19 00:31:49,881 - MainProcess[log-interceptor-1388534498]- selenium_firefox     - DEBUG   : BROWSER 1388534498: driver: - message =
2026-06-19 00:31:49,881 - MainProcess[log-interceptor-1388534498]- selenium_firefox     - DEBUG   : BROWSER 1388534498: driver: - name =
2026-06-19 00:31:49,882 - MainProcess[log-interceptor-1388534498]- selenium_firefox     - DEBUG   : BROWSER 1388534498: driver: - result = 2152071198
2026-06-19 00:31:49,883 - MainProcess[log-interceptor-1388534498]- selenium_firefox     - DEBUG   : BROWSER 1388534498: driver: - stack = open@resource://gre/modules/ServiceRequest.sys.mjs:126:11|fetch/<@resource://services-settings/Utils.sys.mjs:273:15|fetch@resource://services-settings/Utils.sys.mjs:224:12|_fetchAttachment@resource://services-settings/Attachments.sys.mjs:560:35|downloadAsBytes@resource://services-settings/Attachments.sys.mjs:537:35|
2026-06-19 00:31:49,884 - MainProcess[log-interceptor-1388534498]- selenium_firefox     - DEBUG   : BROWSER 1388534498: driver: - prototype Object
2026-06-19 00:31:49,884 - MainProcess[log-interceptor-1388534498]- selenium_firefox     - DEBUG   : BROWSER 1388534498: driver: console.error: "error_support::handling: remote-settings-unexpected: Error sending request: [no-sentry] Backend error: Failed to get response status (0x80040111)"
2026-06-19 00:31:49,886 - MainProcess[log-interceptor-1388534498]- selenium_firefox     - DEBUG   : BROWSER 1388534498: driver: console.error: "app-services-error-reporter::error: Error sending request: [no-sentry] Backend error: Failed to get response status (0x80040111)"
2026-06-19 00:31:49,886 - MainProcess[log-interceptor-1388534498]- selenium_firefox     - DEBUG   : BROWSER 1388534498: driver: console.error: "error_support::handling: suggest-unexpected: Error from Remote Settings: Remote settings error: Error sending request: [no-sentry] Backend error: Failed to get response status (0x80040111)"
2026-06-19 00:31:49,887 - MainProcess[log-interceptor-1388534498]- selenium_firefox     - DEBUG   : BROWSER 1388534498: driver: console.error: "app-services-error-reporter::error: Error from Remote Settings: Remote settings error: Error sending request: [no-sentry] Backend error: Failed to get response status (0x80040111)"
2026-06-19 00:31:49,887 - MainProcess[log-interceptor-1388534498]- selenium_firefox     - DEBUG   : BROWSER 1388534498: driver: console.error: URLBar - QuickSuggest.SuggestBackendRust: "Ingest error" ({type:"Weather", error:(new Error("reason: Error from Remote Settings: Remote settings error: Error sending request: [no-sentry] Backend error: Failed to get response status (0x80040111)", "moz-src:///toolkit/components/uniffi-bindgen-gecko-js/components/generated/RustSuggest.sys.mjs", 3593)), reason:"Error from Remote Settings: Remote settings error: Error sending request: [no-sentry] Backend error: Failed to get response status (0x80040111)"})
2026-06-19 00:31:49,932 - MainProcess[log-interceptor-1388534498]- selenium_firefox     - DEBUG   : BROWSER 1388534498: driver: console.error: WebExtensions:
2026-06-19 00:31:49,932 - MainProcess[log-interceptor-1388534498]- selenium_firefox     - DEBUG   : BROWSER 1388534498: driver: Message: [Exception... "Component returned failure code: 0x804b0010 (NS_ERROR_OFFLINE) [nsIInputStream.available]"  nsresult: "0x804b0010 (NS_ERROR_OFFLINE)"  location: "JS frame :: jar:file:///tmp/addon-b4b01b78-31d6-4982-84d2-39b22dd58841.xpi!/privileged/sockets/api.js :: onInputStreamReady :: line 49"  data: no]
2026-06-19 00:31:49,933 - MainProcess[log-interceptor-1388534498]- selenium_firefox     - DEBUG   : BROWSER 1388534498: driver: Stack:
2026-06-19 00:31:49,933 - MainProcess[log-interceptor-1388534498]- selenium_firefox     - DEBUG   : BROWSER 1388534498: driver: onInputStreamReady@jar:file:///tmp/addon-b4b01b78-31d6-4982-84d2-39b22dd58841.xpi!/privileged/sockets/api.js:49:33
2026-06-19 00:31:49,933 - MainProcess[log-interceptor-1388534498]- selenium_firefox     - DEBUG   : BROWSER 1388534498: driver: 
2026-06-19 00:31:49,932 - MainProcess[MainThread]- storage_controller   - INFO    : Terminating handler for Browser-1388534498, because the underlying socket closed
2026-06-19 00:31:50,277 - MainProcess[log-interceptor-1388534498]- selenium_firefox     - DEBUG   : BROWSER 1388534498: driver: JavaScript error: resource://services-settings/IDBHelpers.sys.mjs, line 16: Error: IndexedDB: security-state/cert-revocations importChanges() IndexedDB:  execute() The application is shutting down
2026-06-19 00:31:50,407 - MainProcess[log-interceptor-1388534498]- selenium_firefox     - DEBUG   : BROWSER 1388534498: driver: console.error: URLBar - QuickSuggest.SuggestBackendRust: "Ingest error" ({type:"Wikipedia", error:(new Error("reason: Error from Remote Settings: Remote settings error: Error sending request: [no-sentry] Backend error: Request destroyed without completion (0x80004004)", "moz-src:///toolkit/components/uniffi-bindgen-gecko-js/components/generated/RustSuggest.sys.mjs", 3593)), reason:"Error from Remote Settings: Remote settings error: Error sending request: [no-sentry] Backend error: Request destroyed without completion (0x80004004)"})
2026-06-19 00:31:50,528 - MainProcess[MainThread]- browser_manager      - DEBUG   : BROWSER 1388534498: Browser manager closed successfully.
2026-06-19 00:31:50,529 - MainProcess[MainThread]- browser_manager      - DEBUG   : BROWSER 1388534498: during_init=False | profile_archive_dir=None
2026-06-19 00:31:50,625 - MainProcess[MainThread]- storage_controller   - DEBUG   : Sending the shutdown signal to the Storage Controller...
2026-06-19 00:31:50,631 - MainProcess[MainThread]- storage_controller   - INFO    : Terminating handler for TaskManager, because the underlying socket closed
2026-06-19 00:31:52,094 - MainProcess[MainThread]- storage_controller   - INFO    : Received shutdown signal!
2026-06-19 00:31:52,095 - MainProcess[MainThread]- storage_controller   - INFO    : Closing Server
2026-06-19 00:31:52,096 - MainProcess[MainThread]- storage_controller   - INFO    : Closed Server
2026-06-19 00:31:52,096 - MainProcess[MainThread]- storage_controller   - INFO    : Cancelling status_queue_update
2026-06-19 00:31:52,097 - MainProcess[MainThread]- storage_controller   - INFO    : Cancelled status_queue_update
2026-06-19 00:31:52,097 - MainProcess[MainThread]- storage_controller   - INFO    : Cancelling timeout_check
2026-06-19 00:31:52,098 - MainProcess[MainThread]- storage_controller   - INFO    : Cancelled timeout_check
2026-06-19 00:31:52,098 - MainProcess[MainThread]- storage_controller   - INFO    : Starting wait_closed
2026-06-19 00:31:52,099 - MainProcess[MainThread]- storage_controller   - INFO    : Completed wait_closed
2026-06-19 00:31:52,099 - MainProcess[MainThread]- storage_controller   - INFO    : Entering self.shutdown
2026-06-19 00:31:52,111 - MainProcess[MainThread]- storage_controller   - INFO    : structured_storage is shut down
2026-06-19 00:31:52,143 - MainProcess[MainThread]- storage_controller   - DEBUG   : StorageControllerHandle took 1.5165300369262695 seconds to close.
