2026-06-19 12:54:10,303 - MainProcess[MainThread]- browser_manager      - INFO    : BROWSER 4071502449: Launching browser...
2026-06-19 12:54:10,306 - MainProcess[MainThread]- browser_manager      - DEBUG   : BROWSER 4071502449: Spawn attempt 0 
2026-06-19 12:54:10,313 - MainProcess[MainThread]- storage_controller   - INFO    : Initializing new handler for TaskManager
2026-06-19 12:54:10,324 - MainProcess[MainThread]- deploy_firefox       - DEBUG   : BROWSER 4071502449: Saved extension config file to: /tmp/firefox_profile_7litt7kh/browser_params.json
2026-06-19 12:54:10,376 - MainProcess[log-interceptor-4071502449]- selenium_firefox     - DEBUG   : BROWSER 4071502449: driver: 1781866450375	geckodriver	INFO	Listening on 127.0.0.1:61165
2026-06-19 12:54:10,420 - MainProcess[log-interceptor-4071502449]- selenium_firefox     - DEBUG   : BROWSER 4071502449: driver: 1781866450420	mozrunner::runner	INFO	Running command: MOZ_CRASHREPORTER="1" MOZ_CRASHREPORTER_NO_REPORT="1" MOZ_CRASHREPORTER_SHUTDOWN="1" "/home/pedro/Escritorio ...  "--headless" "--width=1366" "--height=768" "--remote-debugging-port" "41029" "--remote-allow-hosts" "localhost" "-no-remote"
2026-06-19 12:54:10,741 - MainProcess[log-interceptor-4071502449]- selenium_firefox     - DEBUG   : BROWSER 4071502449: driver: *** You are running in headless mode.
2026-06-19 12:54:11,376 - MainProcess[log-interceptor-4071502449]- selenium_firefox     - DEBUG   : BROWSER 4071502449: driver: console.warn: services.settings: Ignoring preference override of remote settings server
2026-06-19 12:54:11,378 - MainProcess[log-interceptor-4071502449]- selenium_firefox     - DEBUG   : BROWSER 4071502449: driver: console.warn: services.settings: Allow by setting MOZ_REMOTE_SETTINGS_DEVTOOLS=1 in the environment
2026-06-19 12:54:12,612 - MainProcess[log-interceptor-4071502449]- selenium_firefox     - DEBUG   : BROWSER 4071502449: driver: 1781866452611	Marionette	INFO	Marionette enabled
2026-06-19 12:54:13,130 - MainProcess[log-interceptor-4071502449]- selenium_firefox     - DEBUG   : BROWSER 4071502449: driver: console.error: "Warning: unrecognized command line flag" "-width"
2026-06-19 12:54:13,131 - MainProcess[log-interceptor-4071502449]- selenium_firefox     - DEBUG   : BROWSER 4071502449: driver: console.error: "Warning: unrecognized command line flag" "-height"
2026-06-19 12:54:13,280 - MainProcess[log-interceptor-4071502449]- selenium_firefox     - DEBUG   : BROWSER 4071502449: driver: 1781866453279	Marionette	INFO	Listening on port 22097
2026-06-19 12:54:13,331 - MainProcess[log-interceptor-4071502449]- selenium_firefox     - DEBUG   : BROWSER 4071502449: driver: Read port: 22097
2026-06-19 12:54:13,331 - MainProcess[log-interceptor-4071502449]- selenium_firefox     - DEBUG   : BROWSER 4071502449: driver: WebDriver BiDi listening on ws://127.0.0.1:41029
2026-06-19 12:54:13,485 - MainProcess[log-interceptor-4071502449]- selenium_firefox     - DEBUG   : BROWSER 4071502449: driver: 1781866453484	RemoteAgent	WARN	TLS certificate errors will be ignored for this session
2026-06-19 12:54:15,315 - MainProcess[MainThread]- storage_controller   - DEBUG   : StorageController status: There are currently 0 scheduled tasks for 0 visit_ids
2026-06-19 12:54:20,327 - MainProcess[MainThread]- storage_controller   - DEBUG   : StorageController status: There are currently 0 scheduled tasks for 0 visit_ids
2026-06-19 12:54:21,385 - MainProcess[MainThread]- deploy_firefox       - DEBUG   : BROWSER 4071502449: OpenWPM Firefox extension loaded
2026-06-19 12:54:21,393 - MainProcess[MainThread]- browser_manager      - DEBUG   : BROWSER 4071502449: Looking for extension port information in /tmp/firefox_profile_7litt7kh
2026-06-19 12:54:21,416 - MainProcess[MainThread]- storage_controller   - INFO    : Initializing new handler for Browser-4071502449
2026-06-19 12:54:21,431 - MainProcess[Thread-1 (_start_listener)]- FirefoxExtension     - DEBUG   : Navigation instrumentation enabled
2026-06-19 12:54:21,435 - MainProcess[Thread-1 (_start_listener)]- FirefoxExtension     - DEBUG   : Cookie instrumentation enabled
2026-06-19 12:54:21,436 - MainProcess[Thread-1 (_start_listener)]- FirefoxExtension     - DEBUG   : Javascript instrumentation enabled
2026-06-19 12:54:21,437 - MainProcess[log-interceptor-4071502449]- selenium_firefox     - DEBUG   : BROWSER 4071502449: driver: console.log: WebExtensions: Wrote to /tmp/firefox_profile_7litt7kh/extension_port.txt
2026-06-19 12:54:21,474 - MainProcess[Thread-1 (_start_listener)]- FirefoxExtension     - DEBUG   : HTTP Instrumentation enabled
2026-06-19 12:54:21,479 - MainProcess[log-interceptor-4071502449]- selenium_firefox     - DEBUG   : BROWSER 4071502449: driver: console.log: WebExtensions: Wrote to /tmp/firefox_profile_7litt7kh/OPENWPM_STARTUP_SUCCESS.txt
2026-06-19 12:54:21,479 - MainProcess[Thread-1 (_start_listener)]- FirefoxExtension     - DEBUG   : DNS instrumentation enabled
2026-06-19 12:54:21,499 - MainProcess[MainThread]- browser_manager      - DEBUG   : BROWSER 4071502449: Connecting to extension on port 33897
2026-06-19 12:54:21,500 - MainProcess[MainThread]- browser_manager      - DEBUG   : BROWSER 4071502449: BrowserManager ready.
2026-06-19 12:54:21,501 - MainProcess[MainThread]- browser_manager      - DEBUG   : BROWSER 4071502449: Browser spawn successful!
2026-06-19 12:54:21,641 - MainProcess[MainThread]- storage_controller   - INFO    : Initializing new handler for StorageControllerHandle
2026-06-19 12:54:21,651 - MainProcess[MainThread]- storage_controller   - INFO    : Awaiting all tasks for visit_id -1
2026-06-19 12:54:21,653 - MainProcess[MainThread]- storage_controller   - DEBUG   : Awaited all tasks for visit_id -1 while finalizing
2026-06-19 12:54:21,661 - MainProcess[MainThread]- task_manager         - INFO    : 

OpenWPM Version: b'v0.32.0'
Firefox Version: b'148.0'

========== Manager Configuration ==========
{
  "_failure_limit": null,
  "data_directory": "/home/pedro/Escritorio/UNI/CUARTO/tfg/Herramienta_Priv/output/api_tasks/de9b4ca0b34b/elmundo.es_20260619_125402/openwpm",
  "log_path": "/home/pedro/Escritorio/UNI/CUARTO/tfg/Herramienta_Priv/output/api_tasks/de9b4ca0b34b/elmundo.es_20260619_125402/openwpm/openwpm.log",
  "logger_address": [
    "127.0.0.1",
    62495
  ],
  "memory_watchdog": false,
  "num_browsers": 1,
  "process_watchdog": false,
  "screenshot_path": "/home/pedro/Escritorio/UNI/CUARTO/tfg/Herramienta_Priv/output/api_tasks/de9b4ca0b34b/elmundo.es_20260619_125402/openwpm/screenshots",
  "source_dump_path": "/home/pedro/Escritorio/UNI/CUARTO/tfg/Herramienta_Priv/output/api_tasks/de9b4ca0b34b/elmundo.es_20260619_125402/openwpm/sources",
  "storage_controller_address": [
    "127.0.0.1",
    16631
  ],
  "testing": false
}

========== Browser Configuration ==========
Keys:
{
  "browser_id": 0,
  "bot_mitigation": 1,
  "browser": 2,
  "callstack_instrument": 3,
  "cookie_instrument": 4,
  "custom_params": 5,
  "display_mode": 6,
  "dns_instrument": 7,
  "donottrack": 8,
  "http_instrument": 9,
  "js_instrument": 10,
  "js_instrument_settings": 11,
  "maximum_profile_size": 12,
  "navigation_instrument": 13,
  "prefs": 14,
  "profile_path": 15,
  "recovery_tar": 16,
  "save_content": 17,
  "tmp_profile_dir": 18,
  "tp_cookies": 19,
  "tracking_protection": 20
}

         0  1      2        3      4     5    6         7     8      9     10    11                             12    13    14    15    16    17     18    19      20
----------  -----  -------  -----  ----  ---  --------  ----  -----  ----  ----  -----------------------------  ----  ----  ----  ----  ----  -----  ----  ------  -----
4071502449  False  firefox  False  True  {}   headless  True  False  True  True  ['collection_fingerprinting']        True  {}                False  /tmp  always  False

========== JS Instrument Settings ==========
{"4071502449":[{"object":"window['ScriptProcessorNode'].prototype","instrumentedName":"ScriptProcessorNode","logSettings":{"propertiesToInstrument":[],"nonExistingPropertiesToInstrument":[],"excludedProperties":[],"logCallStack":false,"logFunctionsAsStrings":false,"logFunctionGets":false,"preventSets":false,"recursive":false,"depth":5}},{"object":"window['GainNode'].prototype","instrumentedName":"GainNode","logSettings":{"propertiesToInstrument":[],"nonExistingPropertiesToInstrument":[],"excludedProperties":[],"logCallStack":false,"logFunctionsAsStrings":false,"logFunctionGets":false,"preventSets":false,"recursive":false,"depth":5}},{"object":"window['AnalyserNode'].prototype","instrumentedName":"AnalyserNode","logSettings":{"propertiesToInstrument":[],"nonExistingPropertiesToInstrument":[],"excludedProperties":[],"logCallStack":false,"logFunctionsAsStrings":false,"logFunctionGets":false,"preventSets":false,"recursive":false,"depth":5}},{"object":"window['OscillatorNode'].prototype","instrumentedName":"OscillatorNode","logSettings":{"propertiesToInstrument":[],"nonExistingPropertiesToInstrument":[],"excludedProperties":[],"logCallStack":false,"logFunctionsAsStrings":false,"logFunctionGets":false,"preventSets":false,"recursive":false,"depth":5}},{"object":"window['OfflineAudioContext'].prototype","instrumentedName":"OfflineAudioContext","logSettings":{"propertiesToInstrument":[],"nonExistingPropertiesToInstrument":[],"excludedProperties":[],"logCallStack":false,"logFunctionsAsStrings":false,"logFunctionGets":false,"preventSets":false,"recursive":false,"depth":5}},{"object":"window['AudioContext'].prototype","instrumentedName":"AudioContext","logSettings":{"propertiesToInstrument":[],"nonExistingPropertiesToInstrument":[],"excludedProperties":[],"logCallStack":false,"logFunctionsAsStrings":false,"logFunctionGets":false,"preventSets":false,"recursive":false,"depth":5}},{"object":"window['RTCPeerConnection'].prototype","instrumentedName":"RTCPeerConnection","logSettings":{"propertiesToInstrument":[],"nonExistingPropertiesToInstrument":[],"excludedProperties":[],"logCallStack":false,"logFunctionsAsStrings":false,"logFunctionGets":false,"preventSets":false,"recursive":false,"depth":5}},{"object":"window['HTMLCanvasElement'].prototype","instrumentedName":"HTMLCanvasElement","logSettings":{"propertiesToInstrument":[],"nonExistingPropertiesToInstrument":[],"excludedProperties":[],"logCallStack":false,"logFunctionsAsStrings":false,"logFunctionGets":false,"preventSets":false,"recursive":false,"depth":5}},{"object":"window['Storage'].prototype","instrumentedName":"Storage","logSettings":{"propertiesToInstrument":[],"nonExistingPropertiesToInstrument":[],"excludedProperties":[],"logCallStack":false,"logFunctionsAsStrings":false,"logFunctionGets":false,"preventSets":false,"recursive":false,"depth":5}},{"object":"window.navigator","instrumentedName":"window.navigator","logSettings":{"propertiesToInstrument":[],"nonExistingPropertiesToInstrument":[],"excludedProperties":[],"logCallStack":false,"logFunctionsAsStrings":false,"logFunctionGets":false,"preventSets":false,"recursive":false,"depth":5}},{"object":"window['CanvasRenderingContext2D'].prototype","instrumentedName":"CanvasRenderingContext2D","logSettings":{"propertiesToInstrument":[],"nonExistingPropertiesToInstrument":[],"excludedProperties":["closePath","clearRect","globalAlpha","translate","quadraticCurveTo","transform","moveTo","beginPath","lineTo","drawImage","canvas","setTransform"],"logCallStack":false,"logFunctionsAsStrings":false,"logFunctionGets":false,"preventSets":false,"recursive":false,"depth":5}},{"object":"window","instrumentedName":"window","logSettings":{"propertiesToInstrument":["sessionStorage","name","localStorage"],"nonExistingPropertiesToInstrument":[],"excludedProperties":[],"logCallStack":false,"logFunctionsAsStrings":false,"logFunctionGets":false,"preventSets":false,"recursive":false,"depth":5}},{"object":"window.document","instrumentedName":"window.document","logSettings":{"propertiesToInstrument":["cookie","referrer"],"nonExistingPropertiesToInstrument":[],"excludedProperties":[],"logCallStack":true,"logFunctionsAsStrings":false,"logFunctionGets":false,"preventSets":false,"recursive":false,"depth":5}},{"object":"window.screen","instrumentedName":"window.screen","logSettings":{"propertiesToInstrument":["pixelDepth","colorDepth"],"nonExistingPropertiesToInstrument":[],"excludedProperties":[],"logCallStack":false,"logFunctionsAsStrings":false,"logFunctionGets":false,"preventSets":false,"recursive":false,"depth":5}}]}

========== Input profile tar files ==========
  No profile tar files specified

========== Output (archive) profile dirs ==========
  No profile archive directories specified


2026-06-19 12:54:21,678 - MainProcess[MainThread]- task_manager         - DEBUG   : Checking command failure status indicator...
2026-06-19 12:54:21,684 - MainProcess[BrowserManagerHandle-4071502449]- browser_manager      - INFO    : Starting to work on CommandSequence with visit_id 2307485104024646 on browser with id 4071502449
2026-06-19 12:54:21,687 - MainProcess[MainThread]- storage_controller   - INFO    : Terminating handler for StorageControllerHandle, because the underlying socket closed
2026-06-19 12:54:21,692 - MainProcess[MainThread]- browser_manager      - INFO    : BROWSER 4071502449: EXECUTING COMMAND: InitializeCommand()
2026-06-19 12:54:21,698 - MainProcess[MainThread]- browser_manager      - INFO    : BROWSER 4071502449: EXECUTING COMMAND: GetCommand(https://www.elmundo.es/,15)
2026-06-19 12:54:21,806 - MainProcess[Thread-1 (_start_listener)]- FirefoxExtension     - DEBUG   : Setting visit_id the legacy way
2026-06-19 12:54:23,953 - MainProcess[log-interceptor-4071502449]- selenium_firefox     - DEBUG   : BROWSER 4071502449: driver: JavaScript warning: https://adtcdn.unidadeditorial.es/gexp/_gam_kv_.js, line 1: unreachable code after return statement
2026-06-19 12:54:23,953 - MainProcess[log-interceptor-4071502449]- selenium_firefox     - DEBUG   : BROWSER 4071502449: driver: JavaScript warning: https://adtcdn.unidadeditorial.es/gexp/_gam_kv_.js, line 1: unreachable code after return statement
2026-06-19 12:54:23,989 - MainProcess[log-interceptor-4071502449]- selenium_firefox     - DEBUG   : BROWSER 4071502449: driver: JavaScript warning: https://www.elmundo.es/, line 949: unreachable code after return statement
2026-06-19 12:54:24,369 - MainProcess[log-interceptor-4071502449]- selenium_firefox     - DEBUG   : BROWSER 4071502449: driver: JavaScript error: https://www.elmundo.es/, line 2261: TypeError: can't access property "mobile", navigator.userAgentData is undefined
2026-06-19 12:54:25,338 - MainProcess[MainThread]- storage_controller   - DEBUG   : StorageController status: There are currently 0 scheduled tasks for 1 visit_ids
2026-06-19 12:54:25,982 - MainProcess[log-interceptor-4071502449]- selenium_firefox     - DEBUG   : BROWSER 4071502449: driver: JavaScript warning: https://tags.tiqcdn.com/utag/unidadeditorial/elmundo/prod/utag.js, line 455: unreachable code after return statement
2026-06-19 12:54:30,388 - MainProcess[MainThread]- storage_controller   - DEBUG   : StorageController status: There are currently 0 scheduled tasks for 1 visit_ids
2026-06-19 12:54:33,759 - MainProcess[log-interceptor-4071502449]- selenium_firefox     - DEBUG   : BROWSER 4071502449: driver: JavaScript warning: https://tags.tiqcdn.com/utag/unidadeditorial/elmundo/prod/utag.js, line 455: unreachable code after return statement
2026-06-19 12:54:35,393 - MainProcess[MainThread]- storage_controller   - DEBUG   : StorageController status: There are currently 0 scheduled tasks for 1 visit_ids
2026-06-19 12:54:40,796 - MainProcess[MainThread]- storage_controller   - DEBUG   : StorageController status: There are currently 124 scheduled tasks for 1 visit_ids
2026-06-19 12:54:45,805 - MainProcess[MainThread]- storage_controller   - DEBUG   : StorageController status: There are currently 0 scheduled tasks for 1 visit_ids
2026-06-19 12:54:49,432 - MainProcess[log-interceptor-4071502449]- selenium_firefox     - DEBUG   : BROWSER 4071502449: driver: JavaScript error: moz-src:///browser/components/search/SearchOneOffs.sys.mjs, line 392: TypeError: aEngine.getIconURL is not a function
2026-06-19 12:54:50,807 - MainProcess[MainThread]- storage_controller   - DEBUG   : StorageController status: There are currently 0 scheduled tasks for 1 visit_ids
2026-06-19 12:54:55,809 - MainProcess[MainThread]- storage_controller   - DEBUG   : StorageController status: There are currently 0 scheduled tasks for 1 visit_ids
2026-06-19 12:54:57,807 - MainProcess[MainThread]- browser_manager      - INFO    : BROWSER 4071502449: EXECUTING COMMAND: FinalizeCommand(5)
2026-06-19 12:54:58,150 - MainProcess[log-interceptor-4071502449]- selenium_firefox     - DEBUG   : BROWSER 4071502449: driver: JavaScript warning: https://sdk.mrf.io/statics/marfeel-sdk.js?id=2298, line 2: Script terminated by timeout at:
2026-06-19 12:54:58,151 - MainProcess[log-interceptor-4071502449]- selenium_firefox     - DEBUG   : BROWSER 4071502449: driver: getTimeSinceStart@https://sdk.mrf.io/statics/marfeel-sdk.js?id=2298:2:77541
2026-06-19 12:54:58,152 - MainProcess[log-interceptor-4071502449]- selenium_firefox     - DEBUG   : BROWSER 4071502449: driver: handleEvent@https://sdk.mrf.io/statics/marfeel-sdk.js?id=2298:2:77723
2026-06-19 12:54:58,152 - MainProcess[log-interceptor-4071502449]- selenium_firefox     - DEBUG   : BROWSER 4071502449: driver: eventTriggered@https://sdk.mrf.io/statics/marfeel-sdk.js?id=2298:2:77668
2026-06-19 12:54:58,153 - MainProcess[log-interceptor-4071502449]- selenium_firefox     - DEBUG   : BROWSER 4071502449: driver: 960/listenToEvents/this.removeBeforeLeavingListener<@https://sdk.mrf.io/statics/marfeel-sdk.js?id=2298:2:77106
2026-06-19 12:54:58,156 - MainProcess[log-interceptor-4071502449]- selenium_firefox     - DEBUG   : BROWSER 4071502449: driver: 960/P/<@https://sdk.mrf.io/statics/marfeel-sdk.js?id=2298:2:9348
2026-06-19 12:54:58,156 - MainProcess[log-interceptor-4071502449]- selenium_firefox     - DEBUG   : BROWSER 4071502449: driver: 
2026-06-19 12:54:58,194 - MainProcess[log-interceptor-4071502449]- selenium_firefox     - DEBUG   : BROWSER 4071502449: driver: JavaScript error: moz-extension://eae44204-a62b-4c51-8e8d-7147b70451b6/feature.js, line 737: TypeError: can't access property "windowId", sender.tab is undefined
2026-06-19 12:54:58,195 - MainProcess[log-interceptor-4071502449]- selenium_firefox     - DEBUG   : BROWSER 4071502449: driver: JavaScript error: moz-extension://eae44204-a62b-4c51-8e8d-7147b70451b6/feature.js, line 737: TypeError: can't access property "windowId", sender.tab is undefined
2026-06-19 12:54:58,196 - MainProcess[log-interceptor-4071502449]- selenium_firefox     - DEBUG   : BROWSER 4071502449: driver: JavaScript error: moz-extension://eae44204-a62b-4c51-8e8d-7147b70451b6/feature.js, line 737: TypeError: can't access property "windowId", sender.tab is undefined
2026-06-19 12:54:58,198 - MainProcess[log-interceptor-4071502449]- selenium_firefox     - DEBUG   : BROWSER 4071502449: driver: JavaScript error: moz-extension://eae44204-a62b-4c51-8e8d-7147b70451b6/feature.js, line 737: TypeError: can't access property "windowId", sender.tab is undefined
2026-06-19 12:54:58,213 - MainProcess[log-interceptor-4071502449]- selenium_firefox     - DEBUG   : BROWSER 4071502449: driver: JavaScript error: undefined, line 0: Error: can't access property "windowId", sender.tab is undefined
2026-06-19 12:54:58,214 - MainProcess[log-interceptor-4071502449]- selenium_firefox     - DEBUG   : BROWSER 4071502449: driver: JavaScript error: undefined, line 0: Error: can't access property "windowId", sender.tab is undefined
2026-06-19 12:54:58,216 - MainProcess[log-interceptor-4071502449]- selenium_firefox     - DEBUG   : BROWSER 4071502449: driver: JavaScript error: undefined, line 0: Error: can't access property "windowId", sender.tab is undefined
2026-06-19 12:54:58,217 - MainProcess[log-interceptor-4071502449]- selenium_firefox     - DEBUG   : BROWSER 4071502449: driver: JavaScript error: undefined, line 0: Error: can't access property "windowId", sender.tab is undefined
2026-06-19 12:54:58,418 - MainProcess[log-interceptor-4071502449]- selenium_firefox     - DEBUG   : BROWSER 4071502449: driver: JavaScript error: undefined, line 0: Error: Invalid tab ID: 1
2026-06-19 12:55:00,811 - MainProcess[MainThread]- storage_controller   - DEBUG   : StorageController status: There are currently 0 scheduled tasks for 1 visit_ids
2026-06-19 12:55:03,302 - MainProcess[BrowserManagerHandle-4071502449]- browser_manager      - INFO    : Finished working on CommandSequence with visit_id 2307485104024646 on browser with id 4071502449
2026-06-19 12:55:03,304 - MainProcess[MainThread]- storage_controller   - INFO    : Awaiting all tasks for visit_id 2307485104024646
2026-06-19 12:55:03,306 - MainProcess[MainThread]- storage_controller   - DEBUG   : Awaited all tasks for visit_id 2307485104024646 while finalizing
2026-06-19 12:55:05,306 - MainProcess[MainThread]- browser_manager      - DEBUG   : BROWSER 4071502449: Closing browser manager...
2026-06-19 12:55:05,307 - MainProcess[MainThread]- browser_manager      - DEBUG   : BROWSER 4071502449: Closing browser...
2026-06-19 12:55:05,307 - MainProcess[MainThread]- browser_manager      - DEBUG   : BROWSER 4071502449: Joining command thread
2026-06-19 12:55:05,307 - MainProcess[MainThread]- browser_manager      - DEBUG   : BROWSER 4071502449: 0.000019 seconds to join command thread
2026-06-19 12:55:05,314 - MainProcess[log-interceptor-4071502449]- selenium_firefox     - DEBUG   : BROWSER 4071502449: driver: 1781866505312	Marionette	INFO	Stopped listening on port 22097
2026-06-19 12:55:05,813 - MainProcess[MainThread]- storage_controller   - DEBUG   : StorageController status: There are currently 0 scheduled tasks for 0 visit_ids
2026-06-19 12:55:06,142 - MainProcess[log-interceptor-4071502449]- selenium_firefox     - DEBUG   : BROWSER 4071502449: driver: console.warn: TopSitesFeed: Failed to fetch data from MARS server: NetworkError when attempting to fetch resource.
2026-06-19 12:55:06,178 - MainProcess[log-interceptor-4071502449]- selenium_firefox     - DEBUG   : BROWSER 4071502449: driver: console.error: RemoteSecuritySettings:
2026-06-19 12:55:06,178 - MainProcess[log-interceptor-4071502449]- selenium_firefox     - DEBUG   : BROWSER 4071502449: driver: failed to download CRLite filter
2026-06-19 12:55:06,179 - MainProcess[log-interceptor-4071502449]- selenium_firefox     - DEBUG   : BROWSER 4071502449: driver: Object
2026-06-19 12:55:06,179 - MainProcess[log-interceptor-4071502449]- selenium_firefox     - DEBUG   : BROWSER 4071502449: driver: - prototype Object
2026-06-19 12:55:06,179 - MainProcess[log-interceptor-4071502449]- selenium_firefox     - DEBUG   : BROWSER 4071502449: driver: - columnNumber = 11
2026-06-19 12:55:06,180 - MainProcess[log-interceptor-4071502449]- selenium_firefox     - DEBUG   : BROWSER 4071502449: driver: - data = null
2026-06-19 12:55:06,180 - MainProcess[log-interceptor-4071502449]- selenium_firefox     - DEBUG   : BROWSER 4071502449: driver: - filename = resource://gre/modules/ServiceRequest.sys.mjs
2026-06-19 12:55:06,181 - MainProcess[log-interceptor-4071502449]- selenium_firefox     - DEBUG   : BROWSER 4071502449: driver: - lineNumber = 126
2026-06-19 12:55:06,183 - MainProcess[log-interceptor-4071502449]- selenium_firefox     - DEBUG   : BROWSER 4071502449: driver: - location = {"name":"open","filename":"resource://gre/modules/ServiceRequest.sys.mjs","sourceId":25,"lineNumber":126,"columnNumber":11,"asyncCause":null,"asyncCaller":null,"caller":{"filename":"resource://services-settings/Utils.sys.mjs","name":"fetch/<","sourceId":24,"lineNumber":273,"columnNumber":15,"asyncCause":null,"asyncCaller":null,"caller":{"filename":"resource://services-settings/Utils.sys.mjs","name":"fetch","sourceId":24,"lineNumber":224,"columnNumber":12,"asyncCause":null,"asyncCaller":null,"caller":{"filename":"resource://services-settings/Attachments.sys.mjs","name":"_fetchAttachment","sourceId":23,"lineNumber":560,"columnNumber":35,"asyncCause":null,"asyncCaller":null,"caller":{"filename":"resource://services-settings/Attachments.sys.mjs","name":"downloadAsBytes","sourceId":23,"lineNumber":537,"columnNumber":35,"asyncCause":null,"asyncCaller":null,"caller":null,"formattedStack":"downloadAsBytes@resource://services-settings/Attachments.sys.mjs:537:35\n","nativeSavedFrame":{}},"formattedStack":"_fetchAttachment@resource://services-settings/Attachments.sys.mjs:560:35\ndownloadAsBytes@resource://services-settings/Attachments.sys.mjs:537:35\n","nativeSavedFrame":{}},"formattedStack":"fetch@resource://services-settings/Utils.sys.mjs:224:12\n_fetchAttachment@resource://services-settings/Attachments.sys.mjs:560:35\ndownloadAsBytes@resource://services-settings/Attachments.sys.mjs:537:35\n","nativeSavedFrame":{}},"formattedStack":"fetch/<@resource://services-settings/Utils.sys.mjs:273:15\nfetch@resource://services-settings/Utils.sys.mjs:224:12\n_fetchAttachment@resource://services-settings/Attachments.sys.mjs:560:35\ndownloadAsBytes@resource://services-settings/Attachments.sys.mjs:537:35\n","nativeSavedFrame":{}},"formattedStack":"open@resource://gre/modules/ServiceRequest.sys.mjs:126:11\nfetch/<@resource://services-settings/Utils.sys.mjs:273:15\nfetch@resource://services-settings/Utils.sys.mjs:224:12\n_fetchAttachment@resource://services-settings/Attachments.sys.mjs:560:35\ndownloadAsBytes@resource://services-settings/Attachments.sys.mjs:537:35\n","nativeSavedFrame":{}}
2026-06-19 12:55:06,184 - MainProcess[log-interceptor-4071502449]- selenium_firefox     - DEBUG   : BROWSER 4071502449: driver: - message =
2026-06-19 12:55:06,184 - MainProcess[log-interceptor-4071502449]- selenium_firefox     - DEBUG   : BROWSER 4071502449: driver: - name =
2026-06-19 12:55:06,185 - MainProcess[log-interceptor-4071502449]- selenium_firefox     - DEBUG   : BROWSER 4071502449: driver: - result = 2152071198
2026-06-19 12:55:06,185 - MainProcess[log-interceptor-4071502449]- selenium_firefox     - DEBUG   : BROWSER 4071502449: driver: - stack = open@resource://gre/modules/ServiceRequest.sys.mjs:126:11|fetch/<@resource://services-settings/Utils.sys.mjs:273:15|fetch@resource://services-settings/Utils.sys.mjs:224:12|_fetchAttachment@resource://services-settings/Attachments.sys.mjs:560:35|downloadAsBytes@resource://services-settings/Attachments.sys.mjs:537:35|
2026-06-19 12:55:06,185 - MainProcess[log-interceptor-4071502449]- selenium_firefox     - DEBUG   : BROWSER 4071502449: driver: - prototype Object
2026-06-19 12:55:06,185 - MainProcess[log-interceptor-4071502449]- selenium_firefox     - DEBUG   : BROWSER 4071502449: driver: console.error: RemoteSecuritySettings:
2026-06-19 12:55:06,186 - MainProcess[log-interceptor-4071502449]- selenium_firefox     - DEBUG   : BROWSER 4071502449: driver: failed to download CRLite filter
2026-06-19 12:55:06,186 - MainProcess[log-interceptor-4071502449]- selenium_firefox     - DEBUG   : BROWSER 4071502449: driver: Object
2026-06-19 12:55:06,186 - MainProcess[log-interceptor-4071502449]- selenium_firefox     - DEBUG   : BROWSER 4071502449: driver: - prototype Object
2026-06-19 12:55:06,186 - MainProcess[log-interceptor-4071502449]- selenium_firefox     - DEBUG   : BROWSER 4071502449: driver: - columnNumber = 11
2026-06-19 12:55:06,187 - MainProcess[log-interceptor-4071502449]- selenium_firefox     - DEBUG   : BROWSER 4071502449: driver: - data = null
2026-06-19 12:55:06,187 - MainProcess[log-interceptor-4071502449]- selenium_firefox     - DEBUG   : BROWSER 4071502449: driver: - filename = resource://gre/modules/ServiceRequest.sys.mjs
2026-06-19 12:55:06,187 - MainProcess[log-interceptor-4071502449]- selenium_firefox     - DEBUG   : BROWSER 4071502449: driver: - lineNumber = 126
2026-06-19 12:55:06,187 - MainProcess[log-interceptor-4071502449]- selenium_firefox     - DEBUG   : BROWSER 4071502449: driver: - location = {"name":"open","filename":"resource://gre/modules/ServiceRequest.sys.mjs","sourceId":25,"lineNumber":126,"columnNumber":11,"asyncCause":null,"asyncCaller":null,"caller":{"filename":"resource://services-settings/Utils.sys.mjs","name":"fetch/<","sourceId":24,"lineNumber":273,"columnNumber":15,"asyncCause":null,"asyncCaller":null,"caller":{"filename":"resource://services-settings/Utils.sys.mjs","name":"fetch","sourceId":24,"lineNumber":224,"columnNumber":12,"asyncCause":null,"asyncCaller":null,"caller":{"filename":"resource://services-settings/Attachments.sys.mjs","name":"_fetchAttachment","sourceId":23,"lineNumber":560,"columnNumber":35,"asyncCause":null,"asyncCaller":null,"caller":{"filename":"resource://services-settings/Attachments.sys.mjs","name":"downloadAsBytes","sourceId":23,"lineNumber":537,"columnNumber":35,"asyncCause":null,"asyncCaller":null,"caller":null,"formattedStack":"downloadAsBytes@resource://services-settings/Attachments.sys.mjs:537:35\n","nativeSavedFrame":{}},"formattedStack":"_fetchAttachment@resource://services-settings/Attachments.sys.mjs:560:35\ndownloadAsBytes@resource://services-settings/Attachments.sys.mjs:537:35\n","nativeSavedFrame":{}},"formattedStack":"fetch@resource://services-settings/Utils.sys.mjs:224:12\n_fetchAttachment@resource://services-settings/Attachments.sys.mjs:560:35\ndownloadAsBytes@resource://services-settings/Attachments.sys.mjs:537:35\n","nativeSavedFrame":{}},"formattedStack":"fetch/<@resource://services-settings/Utils.sys.mjs:273:15\nfetch@resource://services-settings/Utils.sys.mjs:224:12\n_fetchAttachment@resource://services-settings/Attachments.sys.mjs:560:35\ndownloadAsBytes@resource://services-settings/Attachments.sys.mjs:537:35\n","nativeSavedFrame":{}},"formattedStack":"open@resource://gre/modules/ServiceRequest.sys.mjs:126:11\nfetch/<@resource://services-settings/Utils.sys.mjs:273:15\nfetch@resource://services-settings/Utils.sys.mjs:224:12\n_fetchAttachment@resource://services-settings/Attachments.sys.mjs:560:35\ndownloadAsBytes@resource://services-settings/Attachments.sys.mjs:537:35\n","nativeSavedFrame":{}}
2026-06-19 12:55:06,188 - MainProcess[log-interceptor-4071502449]- selenium_firefox     - DEBUG   : BROWSER 4071502449: driver: - message =
2026-06-19 12:55:06,188 - MainProcess[log-interceptor-4071502449]- selenium_firefox     - DEBUG   : BROWSER 4071502449: driver: - name =
2026-06-19 12:55:06,188 - MainProcess[log-interceptor-4071502449]- selenium_firefox     - DEBUG   : BROWSER 4071502449: driver: - result = 2152071198
2026-06-19 12:55:06,189 - MainProcess[log-interceptor-4071502449]- selenium_firefox     - DEBUG   : BROWSER 4071502449: driver: - stack = open@resource://gre/modules/ServiceRequest.sys.mjs:126:11|fetch/<@resource://services-settings/Utils.sys.mjs:273:15|fetch@resource://services-settings/Utils.sys.mjs:224:12|_fetchAttachment@resource://services-settings/Attachments.sys.mjs:560:35|downloadAsBytes@resource://services-settings/Attachments.sys.mjs:537:35|
2026-06-19 12:55:06,189 - MainProcess[log-interceptor-4071502449]- selenium_firefox     - DEBUG   : BROWSER 4071502449: driver: - prototype Object
2026-06-19 12:55:06,189 - MainProcess[log-interceptor-4071502449]- selenium_firefox     - DEBUG   : BROWSER 4071502449: driver: console.error: RemoteSecuritySettings:
2026-06-19 12:55:06,189 - MainProcess[log-interceptor-4071502449]- selenium_firefox     - DEBUG   : BROWSER 4071502449: driver: failed to download CRLite filter
2026-06-19 12:55:06,190 - MainProcess[log-interceptor-4071502449]- selenium_firefox     - DEBUG   : BROWSER 4071502449: driver: Object
2026-06-19 12:55:06,190 - MainProcess[log-interceptor-4071502449]- selenium_firefox     - DEBUG   : BROWSER 4071502449: driver: - prototype Object
2026-06-19 12:55:06,190 - MainProcess[log-interceptor-4071502449]- selenium_firefox     - DEBUG   : BROWSER 4071502449: driver: - columnNumber = 11
2026-06-19 12:55:06,190 - MainProcess[log-interceptor-4071502449]- selenium_firefox     - DEBUG   : BROWSER 4071502449: driver: - data = null
2026-06-19 12:55:06,191 - MainProcess[log-interceptor-4071502449]- selenium_firefox     - DEBUG   : BROWSER 4071502449: driver: - filename = resource://gre/modules/ServiceRequest.sys.mjs
2026-06-19 12:55:06,191 - MainProcess[log-interceptor-4071502449]- selenium_firefox     - DEBUG   : BROWSER 4071502449: driver: - lineNumber = 126
2026-06-19 12:55:06,191 - MainProcess[log-interceptor-4071502449]- selenium_firefox     - DEBUG   : BROWSER 4071502449: driver: - location = {"name":"open","filename":"resource://gre/modules/ServiceRequest.sys.mjs","sourceId":25,"lineNumber":126,"columnNumber":11,"asyncCause":null,"asyncCaller":null,"caller":{"filename":"resource://services-settings/Utils.sys.mjs","name":"fetch/<","sourceId":24,"lineNumber":273,"columnNumber":15,"asyncCause":null,"asyncCaller":null,"caller":{"filename":"resource://services-settings/Utils.sys.mjs","name":"fetch","sourceId":24,"lineNumber":224,"columnNumber":12,"asyncCause":null,"asyncCaller":null,"caller":{"filename":"resource://services-settings/Attachments.sys.mjs","name":"_fetchAttachment","sourceId":23,"lineNumber":560,"columnNumber":35,"asyncCause":null,"asyncCaller":null,"caller":{"filename":"resource://services-settings/Attachments.sys.mjs","name":"downloadAsBytes","sourceId":23,"lineNumber":537,"columnNumber":35,"asyncCause":null,"asyncCaller":null,"caller":null,"formattedStack":"downloadAsBytes@resource://services-settings/Attachments.sys.mjs:537:35\n","nativeSavedFrame":{}},"formattedStack":"_fetchAttachment@resource://services-settings/Attachments.sys.mjs:560:35\ndownloadAsBytes@resource://services-settings/Attachments.sys.mjs:537:35\n","nativeSavedFrame":{}},"formattedStack":"fetch@resource://services-settings/Utils.sys.mjs:224:12\n_fetchAttachment@resource://services-settings/Attachments.sys.mjs:560:35\ndownloadAsBytes@resource://services-settings/Attachments.sys.mjs:537:35\n","nativeSavedFrame":{}},"formattedStack":"fetch/<@resource://services-settings/Utils.sys.mjs:273:15\nfetch@resource://services-settings/Utils.sys.mjs:224:12\n_fetchAttachment@resource://services-settings/Attachments.sys.mjs:560:35\ndownloadAsBytes@resource://services-settings/Attachments.sys.mjs:537:35\n","nativeSavedFrame":{}},"formattedStack":"open@resource://gre/modules/ServiceRequest.sys.mjs:126:11\nfetch/<@resource://services-settings/Utils.sys.mjs:273:15\nfetch@resource://services-settings/Utils.sys.mjs:224:12\n_fetchAttachment@resource://services-settings/Attachments.sys.mjs:560:35\ndownloadAsBytes@resource://services-settings/Attachments.sys.mjs:537:35\n","nativeSavedFrame":{}}
2026-06-19 12:55:06,191 - MainProcess[log-interceptor-4071502449]- selenium_firefox     - DEBUG   : BROWSER 4071502449: driver: - message =
2026-06-19 12:55:06,191 - MainProcess[log-interceptor-4071502449]- selenium_firefox     - DEBUG   : BROWSER 4071502449: driver: - name =
2026-06-19 12:55:06,192 - MainProcess[log-interceptor-4071502449]- selenium_firefox     - DEBUG   : BROWSER 4071502449: driver: - result = 2152071198
2026-06-19 12:55:06,192 - MainProcess[log-interceptor-4071502449]- selenium_firefox     - DEBUG   : BROWSER 4071502449: driver: - stack = open@resource://gre/modules/ServiceRequest.sys.mjs:126:11|fetch/<@resource://services-settings/Utils.sys.mjs:273:15|fetch@resource://services-settings/Utils.sys.mjs:224:12|_fetchAttachment@resource://services-settings/Attachments.sys.mjs:560:35|downloadAsBytes@resource://services-settings/Attachments.sys.mjs:537:35|
2026-06-19 12:55:06,192 - MainProcess[log-interceptor-4071502449]- selenium_firefox     - DEBUG   : BROWSER 4071502449: driver: - prototype Object
2026-06-19 12:55:06,193 - MainProcess[log-interceptor-4071502449]- selenium_firefox     - DEBUG   : BROWSER 4071502449: driver: console.error: RemoteSecuritySettings:
2026-06-19 12:55:06,193 - MainProcess[log-interceptor-4071502449]- selenium_firefox     - DEBUG   : BROWSER 4071502449: driver: failed to download CRLite filter
2026-06-19 12:55:06,194 - MainProcess[log-interceptor-4071502449]- selenium_firefox     - DEBUG   : BROWSER 4071502449: driver: Object
2026-06-19 12:55:06,194 - MainProcess[log-interceptor-4071502449]- selenium_firefox     - DEBUG   : BROWSER 4071502449: driver: - prototype Object
2026-06-19 12:55:06,195 - MainProcess[log-interceptor-4071502449]- selenium_firefox     - DEBUG   : BROWSER 4071502449: driver: - columnNumber = 11
2026-06-19 12:55:06,195 - MainProcess[log-interceptor-4071502449]- selenium_firefox     - DEBUG   : BROWSER 4071502449: driver: - data = null
2026-06-19 12:55:06,196 - MainProcess[log-interceptor-4071502449]- selenium_firefox     - DEBUG   : BROWSER 4071502449: driver: - filename = resource://gre/modules/ServiceRequest.sys.mjs
2026-06-19 12:55:06,196 - MainProcess[log-interceptor-4071502449]- selenium_firefox     - DEBUG   : BROWSER 4071502449: driver: - lineNumber = 126
2026-06-19 12:55:06,197 - MainProcess[log-interceptor-4071502449]- selenium_firefox     - DEBUG   : BROWSER 4071502449: driver: - location = {"name":"open","filename":"resource://gre/modules/ServiceRequest.sys.mjs","sourceId":25,"lineNumber":126,"columnNumber":11,"asyncCause":null,"asyncCaller":null,"caller":{"filename":"resource://services-settings/Utils.sys.mjs","name":"fetch/<","sourceId":24,"lineNumber":273,"columnNumber":15,"asyncCause":null,"asyncCaller":null,"caller":{"filename":"resource://services-settings/Utils.sys.mjs","name":"fetch","sourceId":24,"lineNumber":224,"columnNumber":12,"asyncCause":null,"asyncCaller":null,"caller":{"filename":"resource://services-settings/Attachments.sys.mjs","name":"_fetchAttachment","sourceId":23,"lineNumber":560,"columnNumber":35,"asyncCause":null,"asyncCaller":null,"caller":{"filename":"resource://services-settings/Attachments.sys.mjs","name":"downloadAsBytes","sourceId":23,"lineNumber":537,"columnNumber":35,"asyncCause":null,"asyncCaller":null,"caller":null,"formattedStack":"downloadAsBytes@resource://services-settings/Attachments.sys.mjs:537:35\n","nativeSavedFrame":{}},"formattedStack":"_fetchAttachment@resource://services-settings/Attachments.sys.mjs:560:35\ndownloadAsBytes@resource://services-settings/Attachments.sys.mjs:537:35\n","nativeSavedFrame":{}},"formattedStack":"fetch@resource://services-settings/Utils.sys.mjs:224:12\n_fetchAttachment@resource://services-settings/Attachments.sys.mjs:560:35\ndownloadAsBytes@resource://services-settings/Attachments.sys.mjs:537:35\n","nativeSavedFrame":{}},"formattedStack":"fetch/<@resource://services-settings/Utils.sys.mjs:273:15\nfetch@resource://services-settings/Utils.sys.mjs:224:12\n_fetchAttachment@resource://services-settings/Attachments.sys.mjs:560:35\ndownloadAsBytes@resource://services-settings/Attachments.sys.mjs:537:35\n","nativeSavedFrame":{}},"formattedStack":"open@resource://gre/modules/ServiceRequest.sys.mjs:126:11\nfetch/<@resource://services-settings/Utils.sys.mjs:273:15\nfetch@resource://services-settings/Utils.sys.mjs:224:12\n_fetchAttachment@resource://services-settings/Attachments.sys.mjs:560:35\ndownloadAsBytes@resource://services-settings/Attachments.sys.mjs:537:35\n","nativeSavedFrame":{}}
2026-06-19 12:55:06,197 - MainProcess[log-interceptor-4071502449]- selenium_firefox     - DEBUG   : BROWSER 4071502449: driver: - message =
2026-06-19 12:55:06,197 - MainProcess[log-interceptor-4071502449]- selenium_firefox     - DEBUG   : BROWSER 4071502449: driver: - name =
2026-06-19 12:55:06,198 - MainProcess[log-interceptor-4071502449]- selenium_firefox     - DEBUG   : BROWSER 4071502449: driver: - result = 2152071198
2026-06-19 12:55:06,198 - MainProcess[log-interceptor-4071502449]- selenium_firefox     - DEBUG   : BROWSER 4071502449: driver: - stack = open@resource://gre/modules/ServiceRequest.sys.mjs:126:11|fetch/<@resource://services-settings/Utils.sys.mjs:273:15|fetch@resource://services-settings/Utils.sys.mjs:224:12|_fetchAttachment@resource://services-settings/Attachments.sys.mjs:560:35|downloadAsBytes@resource://services-settings/Attachments.sys.mjs:537:35|
2026-06-19 12:55:06,198 - MainProcess[log-interceptor-4071502449]- selenium_firefox     - DEBUG   : BROWSER 4071502449: driver: - prototype Object
2026-06-19 12:55:06,199 - MainProcess[log-interceptor-4071502449]- selenium_firefox     - DEBUG   : BROWSER 4071502449: driver: console.error: RemoteSecuritySettings:
2026-06-19 12:55:06,199 - MainProcess[log-interceptor-4071502449]- selenium_firefox     - DEBUG   : BROWSER 4071502449: driver: failed to download CRLite filter
2026-06-19 12:55:06,199 - MainProcess[log-interceptor-4071502449]- selenium_firefox     - DEBUG   : BROWSER 4071502449: driver: Object
2026-06-19 12:55:06,200 - MainProcess[log-interceptor-4071502449]- selenium_firefox     - DEBUG   : BROWSER 4071502449: driver: - prototype Object
2026-06-19 12:55:06,200 - MainProcess[log-interceptor-4071502449]- selenium_firefox     - DEBUG   : BROWSER 4071502449: driver: - columnNumber = 11
2026-06-19 12:55:06,200 - MainProcess[log-interceptor-4071502449]- selenium_firefox     - DEBUG   : BROWSER 4071502449: driver: - data = null
2026-06-19 12:55:06,201 - MainProcess[log-interceptor-4071502449]- selenium_firefox     - DEBUG   : BROWSER 4071502449: driver: - filename = resource://gre/modules/ServiceRequest.sys.mjs
2026-06-19 12:55:06,201 - MainProcess[log-interceptor-4071502449]- selenium_firefox     - DEBUG   : BROWSER 4071502449: driver: - lineNumber = 126
2026-06-19 12:55:06,201 - MainProcess[log-interceptor-4071502449]- selenium_firefox     - DEBUG   : BROWSER 4071502449: driver: - location = {"name":"open","filename":"resource://gre/modules/ServiceRequest.sys.mjs","sourceId":25,"lineNumber":126,"columnNumber":11,"asyncCause":null,"asyncCaller":null,"caller":{"filename":"resource://services-settings/Utils.sys.mjs","name":"fetch/<","sourceId":24,"lineNumber":273,"columnNumber":15,"asyncCause":null,"asyncCaller":null,"caller":{"filename":"resource://services-settings/Utils.sys.mjs","name":"fetch","sourceId":24,"lineNumber":224,"columnNumber":12,"asyncCause":null,"asyncCaller":null,"caller":{"filename":"resource://services-settings/Attachments.sys.mjs","name":"_fetchAttachment","sourceId":23,"lineNumber":560,"columnNumber":35,"asyncCause":null,"asyncCaller":null,"caller":{"filename":"resource://services-settings/Attachments.sys.mjs","name":"downloadAsBytes","sourceId":23,"lineNumber":537,"columnNumber":35,"asyncCause":null,"asyncCaller":null,"caller":null,"formattedStack":"downloadAsBytes@resource://services-settings/Attachments.sys.mjs:537:35\n","nativeSavedFrame":{}},"formattedStack":"_fetchAttachment@resource://services-settings/Attachments.sys.mjs:560:35\ndownloadAsBytes@resource://services-settings/Attachments.sys.mjs:537:35\n","nativeSavedFrame":{}},"formattedStack":"fetch@resource://services-settings/Utils.sys.mjs:224:12\n_fetchAttachment@resource://services-settings/Attachments.sys.mjs:560:35\ndownloadAsBytes@resource://services-settings/Attachments.sys.mjs:537:35\n","nativeSavedFrame":{}},"formattedStack":"fetch/<@resource://services-settings/Utils.sys.mjs:273:15\nfetch@resource://services-settings/Utils.sys.mjs:224:12\n_fetchAttachment@resource://services-settings/Attachments.sys.mjs:560:35\ndownloadAsBytes@resource://services-settings/Attachments.sys.mjs:537:35\n","nativeSavedFrame":{}},"formattedStack":"open@resource://gre/modules/ServiceRequest.sys.mjs:126:11\nfetch/<@resource://services-settings/Utils.sys.mjs:273:15\nfetch@resource://services-settings/Utils.sys.mjs:224:12\n_fetchAttachment@resource://services-settings/Attachments.sys.mjs:560:35\ndownloadAsBytes@resource://services-settings/Attachments.sys.mjs:537:35\n","nativeSavedFrame":{}}
2026-06-19 12:55:06,202 - MainProcess[log-interceptor-4071502449]- selenium_firefox     - DEBUG   : BROWSER 4071502449: driver: - message =
2026-06-19 12:55:06,202 - MainProcess[log-interceptor-4071502449]- selenium_firefox     - DEBUG   : BROWSER 4071502449: driver: - name =
2026-06-19 12:55:06,202 - MainProcess[log-interceptor-4071502449]- selenium_firefox     - DEBUG   : BROWSER 4071502449: driver: - result = 2152071198
2026-06-19 12:55:06,203 - MainProcess[log-interceptor-4071502449]- selenium_firefox     - DEBUG   : BROWSER 4071502449: driver: - stack = open@resource://gre/modules/ServiceRequest.sys.mjs:126:11|fetch/<@resource://services-settings/Utils.sys.mjs:273:15|fetch@resource://services-settings/Utils.sys.mjs:224:12|_fetchAttachment@resource://services-settings/Attachments.sys.mjs:560:35|downloadAsBytes@resource://services-settings/Attachments.sys.mjs:537:35|
2026-06-19 12:55:06,203 - MainProcess[log-interceptor-4071502449]- selenium_firefox     - DEBUG   : BROWSER 4071502449: driver: - prototype Object
2026-06-19 12:55:06,203 - MainProcess[log-interceptor-4071502449]- selenium_firefox     - DEBUG   : BROWSER 4071502449: driver: console.error: RemoteSecuritySettings:
2026-06-19 12:55:06,203 - MainProcess[log-interceptor-4071502449]- selenium_firefox     - DEBUG   : BROWSER 4071502449: driver: failed to download CRLite filter
2026-06-19 12:55:06,204 - MainProcess[log-interceptor-4071502449]- selenium_firefox     - DEBUG   : BROWSER 4071502449: driver: Object
2026-06-19 12:55:06,204 - MainProcess[log-interceptor-4071502449]- selenium_firefox     - DEBUG   : BROWSER 4071502449: driver: - prototype Object
2026-06-19 12:55:06,204 - MainProcess[log-interceptor-4071502449]- selenium_firefox     - DEBUG   : BROWSER 4071502449: driver: - columnNumber = 11
2026-06-19 12:55:06,205 - MainProcess[log-interceptor-4071502449]- selenium_firefox     - DEBUG   : BROWSER 4071502449: driver: - data = null
2026-06-19 12:55:06,205 - MainProcess[log-interceptor-4071502449]- selenium_firefox     - DEBUG   : BROWSER 4071502449: driver: - filename = resource://gre/modules/ServiceRequest.sys.mjs
2026-06-19 12:55:06,205 - MainProcess[log-interceptor-4071502449]- selenium_firefox     - DEBUG   : BROWSER 4071502449: driver: - lineNumber = 126
2026-06-19 12:55:06,206 - MainProcess[log-interceptor-4071502449]- selenium_firefox     - DEBUG   : BROWSER 4071502449: driver: - location = {"name":"open","filename":"resource://gre/modules/ServiceRequest.sys.mjs","sourceId":25,"lineNumber":126,"columnNumber":11,"asyncCause":null,"asyncCaller":null,"caller":{"filename":"resource://services-settings/Utils.sys.mjs","name":"fetch/<","sourceId":24,"lineNumber":273,"columnNumber":15,"asyncCause":null,"asyncCaller":null,"caller":{"filename":"resource://services-settings/Utils.sys.mjs","name":"fetch","sourceId":24,"lineNumber":224,"columnNumber":12,"asyncCause":null,"asyncCaller":null,"caller":{"filename":"resource://services-settings/Attachments.sys.mjs","name":"_fetchAttachment","sourceId":23,"lineNumber":560,"columnNumber":35,"asyncCause":null,"asyncCaller":null,"caller":{"filename":"resource://services-settings/Attachments.sys.mjs","name":"downloadAsBytes","sourceId":23,"lineNumber":537,"columnNumber":35,"asyncCause":null,"asyncCaller":null,"caller":null,"formattedStack":"downloadAsBytes@resource://services-settings/Attachments.sys.mjs:537:35\n","nativeSavedFrame":{}},"formattedStack":"_fetchAttachment@resource://services-settings/Attachments.sys.mjs:560:35\ndownloadAsBytes@resource://services-settings/Attachments.sys.mjs:537:35\n","nativeSavedFrame":{}},"formattedStack":"fetch@resource://services-settings/Utils.sys.mjs:224:12\n_fetchAttachment@resource://services-settings/Attachments.sys.mjs:560:35\ndownloadAsBytes@resource://services-settings/Attachments.sys.mjs:537:35\n","nativeSavedFrame":{}},"formattedStack":"fetch/<@resource://services-settings/Utils.sys.mjs:273:15\nfetch@resource://services-settings/Utils.sys.mjs:224:12\n_fetchAttachment@resource://services-settings/Attachments.sys.mjs:560:35\ndownloadAsBytes@resource://services-settings/Attachments.sys.mjs:537:35\n","nativeSavedFrame":{}},"formattedStack":"open@resource://gre/modules/ServiceRequest.sys.mjs:126:11\nfetch/<@resource://services-settings/Utils.sys.mjs:273:15\nfetch@resource://services-settings/Utils.sys.mjs:224:12\n_fetchAttachment@resource://services-settings/Attachments.sys.mjs:560:35\ndownloadAsBytes@resource://services-settings/Attachments.sys.mjs:537:35\n","nativeSavedFrame":{}}
2026-06-19 12:55:06,206 - MainProcess[log-interceptor-4071502449]- selenium_firefox     - DEBUG   : BROWSER 4071502449: driver: - message =
2026-06-19 12:55:06,207 - MainProcess[log-interceptor-4071502449]- selenium_firefox     - DEBUG   : BROWSER 4071502449: driver: - name =
2026-06-19 12:55:06,207 - MainProcess[log-interceptor-4071502449]- selenium_firefox     - DEBUG   : BROWSER 4071502449: driver: - result = 2152071198
2026-06-19 12:55:06,207 - MainProcess[log-interceptor-4071502449]- selenium_firefox     - DEBUG   : BROWSER 4071502449: driver: - stack = open@resource://gre/modules/ServiceRequest.sys.mjs:126:11|fetch/<@resource://services-settings/Utils.sys.mjs:273:15|fetch@resource://services-settings/Utils.sys.mjs:224:12|_fetchAttachment@resource://services-settings/Attachments.sys.mjs:560:35|downloadAsBytes@resource://services-settings/Attachments.sys.mjs:537:35|
2026-06-19 12:55:06,207 - MainProcess[log-interceptor-4071502449]- selenium_firefox     - DEBUG   : BROWSER 4071502449: driver: - prototype Object
2026-06-19 12:55:06,208 - MainProcess[log-interceptor-4071502449]- selenium_firefox     - DEBUG   : BROWSER 4071502449: driver: console.error: RemoteSecuritySettings:
2026-06-19 12:55:06,208 - MainProcess[log-interceptor-4071502449]- selenium_firefox     - DEBUG   : BROWSER 4071502449: driver: failed to download CRLite filter
2026-06-19 12:55:06,208 - MainProcess[log-interceptor-4071502449]- selenium_firefox     - DEBUG   : BROWSER 4071502449: driver: Object
2026-06-19 12:55:06,209 - MainProcess[log-interceptor-4071502449]- selenium_firefox     - DEBUG   : BROWSER 4071502449: driver: - prototype Object
2026-06-19 12:55:06,209 - MainProcess[log-interceptor-4071502449]- selenium_firefox     - DEBUG   : BROWSER 4071502449: driver: - columnNumber = 11
2026-06-19 12:55:06,209 - MainProcess[log-interceptor-4071502449]- selenium_firefox     - DEBUG   : BROWSER 4071502449: driver: - data = null
2026-06-19 12:55:06,209 - MainProcess[log-interceptor-4071502449]- selenium_firefox     - DEBUG   : BROWSER 4071502449: driver: - filename = resource://gre/modules/ServiceRequest.sys.mjs
2026-06-19 12:55:06,210 - MainProcess[log-interceptor-4071502449]- selenium_firefox     - DEBUG   : BROWSER 4071502449: driver: - lineNumber = 126
2026-06-19 12:55:06,210 - MainProcess[log-interceptor-4071502449]- selenium_firefox     - DEBUG   : BROWSER 4071502449: driver: - location = {"name":"open","filename":"resource://gre/modules/ServiceRequest.sys.mjs","sourceId":25,"lineNumber":126,"columnNumber":11,"asyncCause":null,"asyncCaller":null,"caller":{"filename":"resource://services-settings/Utils.sys.mjs","name":"fetch/<","sourceId":24,"lineNumber":273,"columnNumber":15,"asyncCause":null,"asyncCaller":null,"caller":{"filename":"resource://services-settings/Utils.sys.mjs","name":"fetch","sourceId":24,"lineNumber":224,"columnNumber":12,"asyncCause":null,"asyncCaller":null,"caller":{"filename":"resource://services-settings/Attachments.sys.mjs","name":"_fetchAttachment","sourceId":23,"lineNumber":560,"columnNumber":35,"asyncCause":null,"asyncCaller":null,"caller":{"filename":"resource://services-settings/Attachments.sys.mjs","name":"downloadAsBytes","sourceId":23,"lineNumber":537,"columnNumber":35,"asyncCause":null,"asyncCaller":null,"caller":null,"formattedStack":"downloadAsBytes@resource://services-settings/Attachments.sys.mjs:537:35\n","nativeSavedFrame":{}},"formattedStack":"_fetchAttachment@resource://services-settings/Attachments.sys.mjs:560:35\ndownloadAsBytes@resource://services-settings/Attachments.sys.mjs:537:35\n","nativeSavedFrame":{}},"formattedStack":"fetch@resource://services-settings/Utils.sys.mjs:224:12\n_fetchAttachment@resource://services-settings/Attachments.sys.mjs:560:35\ndownloadAsBytes@resource://services-settings/Attachments.sys.mjs:537:35\n","nativeSavedFrame":{}},"formattedStack":"fetch/<@resource://services-settings/Utils.sys.mjs:273:15\nfetch@resource://services-settings/Utils.sys.mjs:224:12\n_fetchAttachment@resource://services-settings/Attachments.sys.mjs:560:35\ndownloadAsBytes@resource://services-settings/Attachments.sys.mjs:537:35\n","nativeSavedFrame":{}},"formattedStack":"open@resource://gre/modules/ServiceRequest.sys.mjs:126:11\nfetch/<@resource://services-settings/Utils.sys.mjs:273:15\nfetch@resource://services-settings/Utils.sys.mjs:224:12\n_fetchAttachment@resource://services-settings/Attachments.sys.mjs:560:35\ndownloadAsBytes@resource://services-settings/Attachments.sys.mjs:537:35\n","nativeSavedFrame":{}}
2026-06-19 12:55:06,211 - MainProcess[log-interceptor-4071502449]- selenium_firefox     - DEBUG   : BROWSER 4071502449: driver: - message =
2026-06-19 12:55:06,211 - MainProcess[log-interceptor-4071502449]- selenium_firefox     - DEBUG   : BROWSER 4071502449: driver: - name =
2026-06-19 12:55:06,211 - MainProcess[log-interceptor-4071502449]- selenium_firefox     - DEBUG   : BROWSER 4071502449: driver: - result = 2152071198
2026-06-19 12:55:06,212 - MainProcess[log-interceptor-4071502449]- selenium_firefox     - DEBUG   : BROWSER 4071502449: driver: - stack = open@resource://gre/modules/ServiceRequest.sys.mjs:126:11|fetch/<@resource://services-settings/Utils.sys.mjs:273:15|fetch@resource://services-settings/Utils.sys.mjs:224:12|_fetchAttachment@resource://services-settings/Attachments.sys.mjs:560:35|downloadAsBytes@resource://services-settings/Attachments.sys.mjs:537:35|
2026-06-19 12:55:06,212 - MainProcess[log-interceptor-4071502449]- selenium_firefox     - DEBUG   : BROWSER 4071502449: driver: - prototype Object
2026-06-19 12:55:06,212 - MainProcess[log-interceptor-4071502449]- selenium_firefox     - DEBUG   : BROWSER 4071502449: driver: console.error: RemoteSecuritySettings:
2026-06-19 12:55:06,212 - MainProcess[log-interceptor-4071502449]- selenium_firefox     - DEBUG   : BROWSER 4071502449: driver: failed to download CRLite filter
2026-06-19 12:55:06,213 - MainProcess[log-interceptor-4071502449]- selenium_firefox     - DEBUG   : BROWSER 4071502449: driver: Object
2026-06-19 12:55:06,213 - MainProcess[log-interceptor-4071502449]- selenium_firefox     - DEBUG   : BROWSER 4071502449: driver: - prototype Object
2026-06-19 12:55:06,213 - MainProcess[log-interceptor-4071502449]- selenium_firefox     - DEBUG   : BROWSER 4071502449: driver: - columnNumber = 11
2026-06-19 12:55:06,214 - MainProcess[log-interceptor-4071502449]- selenium_firefox     - DEBUG   : BROWSER 4071502449: driver: - data = null
2026-06-19 12:55:06,214 - MainProcess[log-interceptor-4071502449]- selenium_firefox     - DEBUG   : BROWSER 4071502449: driver: - filename = resource://gre/modules/ServiceRequest.sys.mjs
2026-06-19 12:55:06,214 - MainProcess[log-interceptor-4071502449]- selenium_firefox     - DEBUG   : BROWSER 4071502449: driver: - lineNumber = 126
2026-06-19 12:55:06,215 - MainProcess[log-interceptor-4071502449]- selenium_firefox     - DEBUG   : BROWSER 4071502449: driver: - location = {"name":"open","filename":"resource://gre/modules/ServiceRequest.sys.mjs","sourceId":25,"lineNumber":126,"columnNumber":11,"asyncCause":null,"asyncCaller":null,"caller":{"filename":"resource://services-settings/Utils.sys.mjs","name":"fetch/<","sourceId":24,"lineNumber":273,"columnNumber":15,"asyncCause":null,"asyncCaller":null,"caller":{"filename":"resource://services-settings/Utils.sys.mjs","name":"fetch","sourceId":24,"lineNumber":224,"columnNumber":12,"asyncCause":null,"asyncCaller":null,"caller":{"filename":"resource://services-settings/Attachments.sys.mjs","name":"_fetchAttachment","sourceId":23,"lineNumber":560,"columnNumber":35,"asyncCause":null,"asyncCaller":null,"caller":{"filename":"resource://services-settings/Attachments.sys.mjs","name":"downloadAsBytes","sourceId":23,"lineNumber":537,"columnNumber":35,"asyncCause":null,"asyncCaller":null,"caller":null,"formattedStack":"downloadAsBytes@resource://services-settings/Attachments.sys.mjs:537:35\n","nativeSavedFrame":{}},"formattedStack":"_fetchAttachment@resource://services-settings/Attachments.sys.mjs:560:35\ndownloadAsBytes@resource://services-settings/Attachments.sys.mjs:537:35\n","nativeSavedFrame":{}},"formattedStack":"fetch@resource://services-settings/Utils.sys.mjs:224:12\n_fetchAttachment@resource://services-settings/Attachments.sys.mjs:560:35\ndownloadAsBytes@resource://services-settings/Attachments.sys.mjs:537:35\n","nativeSavedFrame":{}},"formattedStack":"fetch/<@resource://services-settings/Utils.sys.mjs:273:15\nfetch@resource://services-settings/Utils.sys.mjs:224:12\n_fetchAttachment@resource://services-settings/Attachments.sys.mjs:560:35\ndownloadAsBytes@resource://services-settings/Attachments.sys.mjs:537:35\n","nativeSavedFrame":{}},"formattedStack":"open@resource://gre/modules/ServiceRequest.sys.mjs:126:11\nfetch/<@resource://services-settings/Utils.sys.mjs:273:15\nfetch@resource://services-settings/Utils.sys.mjs:224:12\n_fetchAttachment@resource://services-settings/Attachments.sys.mjs:560:35\ndownloadAsBytes@resource://services-settings/Attachments.sys.mjs:537:35\n","nativeSavedFrame":{}}
2026-06-19 12:55:06,215 - MainProcess[log-interceptor-4071502449]- selenium_firefox     - DEBUG   : BROWSER 4071502449: driver: - message =
2026-06-19 12:55:06,215 - MainProcess[log-interceptor-4071502449]- selenium_firefox     - DEBUG   : BROWSER 4071502449: driver: - name =
2026-06-19 12:55:06,216 - MainProcess[log-interceptor-4071502449]- selenium_firefox     - DEBUG   : BROWSER 4071502449: driver: - result = 2152071198
2026-06-19 12:55:06,216 - MainProcess[log-interceptor-4071502449]- selenium_firefox     - DEBUG   : BROWSER 4071502449: driver: - stack = open@resource://gre/modules/ServiceRequest.sys.mjs:126:11|fetch/<@resource://services-settings/Utils.sys.mjs:273:15|fetch@resource://services-settings/Utils.sys.mjs:224:12|_fetchAttachment@resource://services-settings/Attachments.sys.mjs:560:35|downloadAsBytes@resource://services-settings/Attachments.sys.mjs:537:35|
2026-06-19 12:55:06,216 - MainProcess[log-interceptor-4071502449]- selenium_firefox     - DEBUG   : BROWSER 4071502449: driver: - prototype Object
2026-06-19 12:55:06,216 - MainProcess[log-interceptor-4071502449]- selenium_firefox     - DEBUG   : BROWSER 4071502449: driver: console.error: RemoteSecuritySettings:
2026-06-19 12:55:06,217 - MainProcess[log-interceptor-4071502449]- selenium_firefox     - DEBUG   : BROWSER 4071502449: driver: failed to download CRLite filter
2026-06-19 12:55:06,217 - MainProcess[log-interceptor-4071502449]- selenium_firefox     - DEBUG   : BROWSER 4071502449: driver: Object
2026-06-19 12:55:06,218 - MainProcess[log-interceptor-4071502449]- selenium_firefox     - DEBUG   : BROWSER 4071502449: driver: - prototype Object
2026-06-19 12:55:06,218 - MainProcess[log-interceptor-4071502449]- selenium_firefox     - DEBUG   : BROWSER 4071502449: driver: - columnNumber = 11
2026-06-19 12:55:06,218 - MainProcess[log-interceptor-4071502449]- selenium_firefox     - DEBUG   : BROWSER 4071502449: driver: - data = null
2026-06-19 12:55:06,218 - MainProcess[log-interceptor-4071502449]- selenium_firefox     - DEBUG   : BROWSER 4071502449: driver: - filename = resource://gre/modules/ServiceRequest.sys.mjs
2026-06-19 12:55:06,219 - MainProcess[log-interceptor-4071502449]- selenium_firefox     - DEBUG   : BROWSER 4071502449: driver: - lineNumber = 126
2026-06-19 12:55:06,219 - MainProcess[log-interceptor-4071502449]- selenium_firefox     - DEBUG   : BROWSER 4071502449: driver: - location = {"name":"open","filename":"resource://gre/modules/ServiceRequest.sys.mjs","sourceId":25,"lineNumber":126,"columnNumber":11,"asyncCause":null,"asyncCaller":null,"caller":{"filename":"resource://services-settings/Utils.sys.mjs","name":"fetch/<","sourceId":24,"lineNumber":273,"columnNumber":15,"asyncCause":null,"asyncCaller":null,"caller":{"filename":"resource://services-settings/Utils.sys.mjs","name":"fetch","sourceId":24,"lineNumber":224,"columnNumber":12,"asyncCause":null,"asyncCaller":null,"caller":{"filename":"resource://services-settings/Attachments.sys.mjs","name":"_fetchAttachment","sourceId":23,"lineNumber":560,"columnNumber":35,"asyncCause":null,"asyncCaller":null,"caller":{"filename":"resource://services-settings/Attachments.sys.mjs","name":"downloadAsBytes","sourceId":23,"lineNumber":537,"columnNumber":35,"asyncCause":null,"asyncCaller":null,"caller":null,"formattedStack":"downloadAsBytes@resource://services-settings/Attachments.sys.mjs:537:35\n","nativeSavedFrame":{}},"formattedStack":"_fetchAttachment@resource://services-settings/Attachments.sys.mjs:560:35\ndownloadAsBytes@resource://services-settings/Attachments.sys.mjs:537:35\n","nativeSavedFrame":{}},"formattedStack":"fetch@resource://services-settings/Utils.sys.mjs:224:12\n_fetchAttachment@resource://services-settings/Attachments.sys.mjs:560:35\ndownloadAsBytes@resource://services-settings/Attachments.sys.mjs:537:35\n","nativeSavedFrame":{}},"formattedStack":"fetch/<@resource://services-settings/Utils.sys.mjs:273:15\nfetch@resource://services-settings/Utils.sys.mjs:224:12\n_fetchAttachment@resource://services-settings/Attachments.sys.mjs:560:35\ndownloadAsBytes@resource://services-settings/Attachments.sys.mjs:537:35\n","nativeSavedFrame":{}},"formattedStack":"open@resource://gre/modules/ServiceRequest.sys.mjs:126:11\nfetch/<@resource://services-settings/Utils.sys.mjs:273:15\nfetch@resource://services-settings/Utils.sys.mjs:224:12\n_fetchAttachment@resource://services-settings/Attachments.sys.mjs:560:35\ndownloadAsBytes@resource://services-settings/Attachments.sys.mjs:537:35\n","nativeSavedFrame":{}}
2026-06-19 12:55:06,219 - MainProcess[log-interceptor-4071502449]- selenium_firefox     - DEBUG   : BROWSER 4071502449: driver: - message =
2026-06-19 12:55:06,220 - MainProcess[log-interceptor-4071502449]- selenium_firefox     - DEBUG   : BROWSER 4071502449: driver: - name =
2026-06-19 12:55:06,220 - MainProcess[log-interceptor-4071502449]- selenium_firefox     - DEBUG   : BROWSER 4071502449: driver: - result = 2152071198
2026-06-19 12:55:06,220 - MainProcess[log-interceptor-4071502449]- selenium_firefox     - DEBUG   : BROWSER 4071502449: driver: - stack = open@resource://gre/modules/ServiceRequest.sys.mjs:126:11|fetch/<@resource://services-settings/Utils.sys.mjs:273:15|fetch@resource://services-settings/Utils.sys.mjs:224:12|_fetchAttachment@resource://services-settings/Attachments.sys.mjs:560:35|downloadAsBytes@resource://services-settings/Attachments.sys.mjs:537:35|
2026-06-19 12:55:06,221 - MainProcess[log-interceptor-4071502449]- selenium_firefox     - DEBUG   : BROWSER 4071502449: driver: - prototype Object
2026-06-19 12:55:06,221 - MainProcess[log-interceptor-4071502449]- selenium_firefox     - DEBUG   : BROWSER 4071502449: driver: console.error: RemoteSecuritySettings:
2026-06-19 12:55:06,221 - MainProcess[log-interceptor-4071502449]- selenium_firefox     - DEBUG   : BROWSER 4071502449: driver: failed to download CRLite filter
2026-06-19 12:55:06,222 - MainProcess[log-interceptor-4071502449]- selenium_firefox     - DEBUG   : BROWSER 4071502449: driver: Object
2026-06-19 12:55:06,222 - MainProcess[log-interceptor-4071502449]- selenium_firefox     - DEBUG   : BROWSER 4071502449: driver: - prototype Object
2026-06-19 12:55:06,222 - MainProcess[log-interceptor-4071502449]- selenium_firefox     - DEBUG   : BROWSER 4071502449: driver: - columnNumber = 11
2026-06-19 12:55:06,223 - MainProcess[log-interceptor-4071502449]- selenium_firefox     - DEBUG   : BROWSER 4071502449: driver: - data = null
2026-06-19 12:55:06,223 - MainProcess[log-interceptor-4071502449]- selenium_firefox     - DEBUG   : BROWSER 4071502449: driver: - filename = resource://gre/modules/ServiceRequest.sys.mjs
2026-06-19 12:55:06,223 - MainProcess[log-interceptor-4071502449]- selenium_firefox     - DEBUG   : BROWSER 4071502449: driver: - lineNumber = 126
2026-06-19 12:55:06,224 - MainProcess[log-interceptor-4071502449]- selenium_firefox     - DEBUG   : BROWSER 4071502449: driver: - location = {"name":"open","filename":"resource://gre/modules/ServiceRequest.sys.mjs","sourceId":25,"lineNumber":126,"columnNumber":11,"asyncCause":null,"asyncCaller":null,"caller":{"filename":"resource://services-settings/Utils.sys.mjs","name":"fetch/<","sourceId":24,"lineNumber":273,"columnNumber":15,"asyncCause":null,"asyncCaller":null,"caller":{"filename":"resource://services-settings/Utils.sys.mjs","name":"fetch","sourceId":24,"lineNumber":224,"columnNumber":12,"asyncCause":null,"asyncCaller":null,"caller":{"filename":"resource://services-settings/Attachments.sys.mjs","name":"_fetchAttachment","sourceId":23,"lineNumber":560,"columnNumber":35,"asyncCause":null,"asyncCaller":null,"caller":{"filename":"resource://services-settings/Attachments.sys.mjs","name":"downloadAsBytes","sourceId":23,"lineNumber":537,"columnNumber":35,"asyncCause":null,"asyncCaller":null,"caller":null,"formattedStack":"downloadAsBytes@resource://services-settings/Attachments.sys.mjs:537:35\n","nativeSavedFrame":{}},"formattedStack":"_fetchAttachment@resource://services-settings/Attachments.sys.mjs:560:35\ndownloadAsBytes@resource://services-settings/Attachments.sys.mjs:537:35\n","nativeSavedFrame":{}},"formattedStack":"fetch@resource://services-settings/Utils.sys.mjs:224:12\n_fetchAttachment@resource://services-settings/Attachments.sys.mjs:560:35\ndownloadAsBytes@resource://services-settings/Attachments.sys.mjs:537:35\n","nativeSavedFrame":{}},"formattedStack":"fetch/<@resource://services-settings/Utils.sys.mjs:273:15\nfetch@resource://services-settings/Utils.sys.mjs:224:12\n_fetchAttachment@resource://services-settings/Attachments.sys.mjs:560:35\ndownloadAsBytes@resource://services-settings/Attachments.sys.mjs:537:35\n","nativeSavedFrame":{}},"formattedStack":"open@resource://gre/modules/ServiceRequest.sys.mjs:126:11\nfetch/<@resource://services-settings/Utils.sys.mjs:273:15\nfetch@resource://services-settings/Utils.sys.mjs:224:12\n_fetchAttachment@resource://services-settings/Attachments.sys.mjs:560:35\ndownloadAsBytes@resource://services-settings/Attachments.sys.mjs:537:35\n","nativeSavedFrame":{}}
2026-06-19 12:55:06,224 - MainProcess[log-interceptor-4071502449]- selenium_firefox     - DEBUG   : BROWSER 4071502449: driver: - message =
2026-06-19 12:55:06,224 - MainProcess[log-interceptor-4071502449]- selenium_firefox     - DEBUG   : BROWSER 4071502449: driver: - name =
2026-06-19 12:55:06,225 - MainProcess[log-interceptor-4071502449]- selenium_firefox     - DEBUG   : BROWSER 4071502449: driver: - result = 2152071198
2026-06-19 12:55:06,225 - MainProcess[log-interceptor-4071502449]- selenium_firefox     - DEBUG   : BROWSER 4071502449: driver: - stack = open@resource://gre/modules/ServiceRequest.sys.mjs:126:11|fetch/<@resource://services-settings/Utils.sys.mjs:273:15|fetch@resource://services-settings/Utils.sys.mjs:224:12|_fetchAttachment@resource://services-settings/Attachments.sys.mjs:560:35|downloadAsBytes@resource://services-settings/Attachments.sys.mjs:537:35|
2026-06-19 12:55:06,226 - MainProcess[log-interceptor-4071502449]- selenium_firefox     - DEBUG   : BROWSER 4071502449: driver: - prototype Object
2026-06-19 12:55:06,226 - MainProcess[log-interceptor-4071502449]- selenium_firefox     - DEBUG   : BROWSER 4071502449: driver: console.error: RemoteSecuritySettings:
2026-06-19 12:55:06,227 - MainProcess[log-interceptor-4071502449]- selenium_firefox     - DEBUG   : BROWSER 4071502449: driver: failed to download CRLite filter
2026-06-19 12:55:06,227 - MainProcess[log-interceptor-4071502449]- selenium_firefox     - DEBUG   : BROWSER 4071502449: driver: Object
2026-06-19 12:55:06,227 - MainProcess[log-interceptor-4071502449]- selenium_firefox     - DEBUG   : BROWSER 4071502449: driver: - prototype Object
2026-06-19 12:55:06,228 - MainProcess[log-interceptor-4071502449]- selenium_firefox     - DEBUG   : BROWSER 4071502449: driver: - columnNumber = 11
2026-06-19 12:55:06,228 - MainProcess[log-interceptor-4071502449]- selenium_firefox     - DEBUG   : BROWSER 4071502449: driver: - data = null
2026-06-19 12:55:06,229 - MainProcess[log-interceptor-4071502449]- selenium_firefox     - DEBUG   : BROWSER 4071502449: driver: - filename = resource://gre/modules/ServiceRequest.sys.mjs
2026-06-19 12:55:06,229 - MainProcess[log-interceptor-4071502449]- selenium_firefox     - DEBUG   : BROWSER 4071502449: driver: - lineNumber = 126
2026-06-19 12:55:06,229 - MainProcess[log-interceptor-4071502449]- selenium_firefox     - DEBUG   : BROWSER 4071502449: driver: - location = {"name":"open","filename":"resource://gre/modules/ServiceRequest.sys.mjs","sourceId":25,"lineNumber":126,"columnNumber":11,"asyncCause":null,"asyncCaller":null,"caller":{"filename":"resource://services-settings/Utils.sys.mjs","name":"fetch/<","sourceId":24,"lineNumber":273,"columnNumber":15,"asyncCause":null,"asyncCaller":null,"caller":{"filename":"resource://services-settings/Utils.sys.mjs","name":"fetch","sourceId":24,"lineNumber":224,"columnNumber":12,"asyncCause":null,"asyncCaller":null,"caller":{"filename":"resource://services-settings/Attachments.sys.mjs","name":"_fetchAttachment","sourceId":23,"lineNumber":560,"columnNumber":35,"asyncCause":null,"asyncCaller":null,"caller":{"filename":"resource://services-settings/Attachments.sys.mjs","name":"downloadAsBytes","sourceId":23,"lineNumber":537,"columnNumber":35,"asyncCause":null,"asyncCaller":null,"caller":null,"formattedStack":"downloadAsBytes@resource://services-settings/Attachments.sys.mjs:537:35\n","nativeSavedFrame":{}},"formattedStack":"_fetchAttachment@resource://services-settings/Attachments.sys.mjs:560:35\ndownloadAsBytes@resource://services-settings/Attachments.sys.mjs:537:35\n","nativeSavedFrame":{}},"formattedStack":"fetch@resource://services-settings/Utils.sys.mjs:224:12\n_fetchAttachment@resource://services-settings/Attachments.sys.mjs:560:35\ndownloadAsBytes@resource://services-settings/Attachments.sys.mjs:537:35\n","nativeSavedFrame":{}},"formattedStack":"fetch/<@resource://services-settings/Utils.sys.mjs:273:15\nfetch@resource://services-settings/Utils.sys.mjs:224:12\n_fetchAttachment@resource://services-settings/Attachments.sys.mjs:560:35\ndownloadAsBytes@resource://services-settings/Attachments.sys.mjs:537:35\n","nativeSavedFrame":{}},"formattedStack":"open@resource://gre/modules/ServiceRequest.sys.mjs:126:11\nfetch/<@resource://services-settings/Utils.sys.mjs:273:15\nfetch@resource://services-settings/Utils.sys.mjs:224:12\n_fetchAttachment@resource://services-settings/Attachments.sys.mjs:560:35\ndownloadAsBytes@resource://services-settings/Attachments.sys.mjs:537:35\n","nativeSavedFrame":{}}
2026-06-19 12:55:06,230 - MainProcess[log-interceptor-4071502449]- selenium_firefox     - DEBUG   : BROWSER 4071502449: driver: - message =
2026-06-19 12:55:06,230 - MainProcess[log-interceptor-4071502449]- selenium_firefox     - DEBUG   : BROWSER 4071502449: driver: - name =
2026-06-19 12:55:06,231 - MainProcess[log-interceptor-4071502449]- selenium_firefox     - DEBUG   : BROWSER 4071502449: driver: - result = 2152071198
2026-06-19 12:55:06,231 - MainProcess[log-interceptor-4071502449]- selenium_firefox     - DEBUG   : BROWSER 4071502449: driver: - stack = open@resource://gre/modules/ServiceRequest.sys.mjs:126:11|fetch/<@resource://services-settings/Utils.sys.mjs:273:15|fetch@resource://services-settings/Utils.sys.mjs:224:12|_fetchAttachment@resource://services-settings/Attachments.sys.mjs:560:35|downloadAsBytes@resource://services-settings/Attachments.sys.mjs:537:35|
2026-06-19 12:55:06,231 - MainProcess[log-interceptor-4071502449]- selenium_firefox     - DEBUG   : BROWSER 4071502449: driver: - prototype Object
2026-06-19 12:55:06,232 - MainProcess[log-interceptor-4071502449]- selenium_firefox     - DEBUG   : BROWSER 4071502449: driver: console.error: RemoteSecuritySettings:
2026-06-19 12:55:06,232 - MainProcess[log-interceptor-4071502449]- selenium_firefox     - DEBUG   : BROWSER 4071502449: driver: failed to download CRLite filter
2026-06-19 12:55:06,232 - MainProcess[log-interceptor-4071502449]- selenium_firefox     - DEBUG   : BROWSER 4071502449: driver: Object
2026-06-19 12:55:06,233 - MainProcess[log-interceptor-4071502449]- selenium_firefox     - DEBUG   : BROWSER 4071502449: driver: - prototype Object
2026-06-19 12:55:06,233 - MainProcess[log-interceptor-4071502449]- selenium_firefox     - DEBUG   : BROWSER 4071502449: driver: - columnNumber = 11
2026-06-19 12:55:06,233 - MainProcess[log-interceptor-4071502449]- selenium_firefox     - DEBUG   : BROWSER 4071502449: driver: - data = null
2026-06-19 12:55:06,234 - MainProcess[log-interceptor-4071502449]- selenium_firefox     - DEBUG   : BROWSER 4071502449: driver: - filename = resource://gre/modules/ServiceRequest.sys.mjs
2026-06-19 12:55:06,234 - MainProcess[log-interceptor-4071502449]- selenium_firefox     - DEBUG   : BROWSER 4071502449: driver: - lineNumber = 126
2026-06-19 12:55:06,234 - MainProcess[log-interceptor-4071502449]- selenium_firefox     - DEBUG   : BROWSER 4071502449: driver: - location = {"name":"open","filename":"resource://gre/modules/ServiceRequest.sys.mjs","sourceId":25,"lineNumber":126,"columnNumber":11,"asyncCause":null,"asyncCaller":null,"caller":{"filename":"resource://services-settings/Utils.sys.mjs","name":"fetch/<","sourceId":24,"lineNumber":273,"columnNumber":15,"asyncCause":null,"asyncCaller":null,"caller":{"filename":"resource://services-settings/Utils.sys.mjs","name":"fetch","sourceId":24,"lineNumber":224,"columnNumber":12,"asyncCause":null,"asyncCaller":null,"caller":{"filename":"resource://services-settings/Attachments.sys.mjs","name":"_fetchAttachment","sourceId":23,"lineNumber":560,"columnNumber":35,"asyncCause":null,"asyncCaller":null,"caller":{"filename":"resource://services-settings/Attachments.sys.mjs","name":"downloadAsBytes","sourceId":23,"lineNumber":537,"columnNumber":35,"asyncCause":null,"asyncCaller":null,"caller":null,"formattedStack":"downloadAsBytes@resource://services-settings/Attachments.sys.mjs:537:35\n","nativeSavedFrame":{}},"formattedStack":"_fetchAttachment@resource://services-settings/Attachments.sys.mjs:560:35\ndownloadAsBytes@resource://services-settings/Attachments.sys.mjs:537:35\n","nativeSavedFrame":{}},"formattedStack":"fetch@resource://services-settings/Utils.sys.mjs:224:12\n_fetchAttachment@resource://services-settings/Attachments.sys.mjs:560:35\ndownloadAsBytes@resource://services-settings/Attachments.sys.mjs:537:35\n","nativeSavedFrame":{}},"formattedStack":"fetch/<@resource://services-settings/Utils.sys.mjs:273:15\nfetch@resource://services-settings/Utils.sys.mjs:224:12\n_fetchAttachment@resource://services-settings/Attachments.sys.mjs:560:35\ndownloadAsBytes@resource://services-settings/Attachments.sys.mjs:537:35\n","nativeSavedFrame":{}},"formattedStack":"open@resource://gre/modules/ServiceRequest.sys.mjs:126:11\nfetch/<@resource://services-settings/Utils.sys.mjs:273:15\nfetch@resource://services-settings/Utils.sys.mjs:224:12\n_fetchAttachment@resource://services-settings/Attachments.sys.mjs:560:35\ndownloadAsBytes@resource://services-settings/Attachments.sys.mjs:537:35\n","nativeSavedFrame":{}}
2026-06-19 12:55:06,235 - MainProcess[log-interceptor-4071502449]- selenium_firefox     - DEBUG   : BROWSER 4071502449: driver: - message =
2026-06-19 12:55:06,235 - MainProcess[log-interceptor-4071502449]- selenium_firefox     - DEBUG   : BROWSER 4071502449: driver: - name =
2026-06-19 12:55:06,236 - MainProcess[log-interceptor-4071502449]- selenium_firefox     - DEBUG   : BROWSER 4071502449: driver: - result = 2152071198
2026-06-19 12:55:06,236 - MainProcess[log-interceptor-4071502449]- selenium_firefox     - DEBUG   : BROWSER 4071502449: driver: - stack = open@resource://gre/modules/ServiceRequest.sys.mjs:126:11|fetch/<@resource://services-settings/Utils.sys.mjs:273:15|fetch@resource://services-settings/Utils.sys.mjs:224:12|_fetchAttachment@resource://services-settings/Attachments.sys.mjs:560:35|downloadAsBytes@resource://services-settings/Attachments.sys.mjs:537:35|
2026-06-19 12:55:06,237 - MainProcess[log-interceptor-4071502449]- selenium_firefox     - DEBUG   : BROWSER 4071502449: driver: - prototype Object
2026-06-19 12:55:06,238 - MainProcess[log-interceptor-4071502449]- selenium_firefox     - DEBUG   : BROWSER 4071502449: driver: console.error: RemoteSecuritySettings:
2026-06-19 12:55:06,238 - MainProcess[log-interceptor-4071502449]- selenium_firefox     - DEBUG   : BROWSER 4071502449: driver: failed to download CRLite filter
2026-06-19 12:55:06,238 - MainProcess[log-interceptor-4071502449]- selenium_firefox     - DEBUG   : BROWSER 4071502449: driver: Object
2026-06-19 12:55:06,239 - MainProcess[log-interceptor-4071502449]- selenium_firefox     - DEBUG   : BROWSER 4071502449: driver: - prototype Object
2026-06-19 12:55:06,239 - MainProcess[log-interceptor-4071502449]- selenium_firefox     - DEBUG   : BROWSER 4071502449: driver: - columnNumber = 11
2026-06-19 12:55:06,240 - MainProcess[log-interceptor-4071502449]- selenium_firefox     - DEBUG   : BROWSER 4071502449: driver: - data = null
2026-06-19 12:55:06,240 - MainProcess[log-interceptor-4071502449]- selenium_firefox     - DEBUG   : BROWSER 4071502449: driver: - filename = resource://gre/modules/ServiceRequest.sys.mjs
2026-06-19 12:55:06,240 - MainProcess[log-interceptor-4071502449]- selenium_firefox     - DEBUG   : BROWSER 4071502449: driver: - lineNumber = 126
2026-06-19 12:55:06,241 - MainProcess[log-interceptor-4071502449]- selenium_firefox     - DEBUG   : BROWSER 4071502449: driver: - location = {"name":"open","filename":"resource://gre/modules/ServiceRequest.sys.mjs","sourceId":25,"lineNumber":126,"columnNumber":11,"asyncCause":null,"asyncCaller":null,"caller":{"filename":"resource://services-settings/Utils.sys.mjs","name":"fetch/<","sourceId":24,"lineNumber":273,"columnNumber":15,"asyncCause":null,"asyncCaller":null,"caller":{"filename":"resource://services-settings/Utils.sys.mjs","name":"fetch","sourceId":24,"lineNumber":224,"columnNumber":12,"asyncCause":null,"asyncCaller":null,"caller":{"filename":"resource://services-settings/Attachments.sys.mjs","name":"_fetchAttachment","sourceId":23,"lineNumber":560,"columnNumber":35,"asyncCause":null,"asyncCaller":null,"caller":{"filename":"resource://services-settings/Attachments.sys.mjs","name":"downloadAsBytes","sourceId":23,"lineNumber":537,"columnNumber":35,"asyncCause":null,"asyncCaller":null,"caller":null,"formattedStack":"downloadAsBytes@resource://services-settings/Attachments.sys.mjs:537:35\n","nativeSavedFrame":{}},"formattedStack":"_fetchAttachment@resource://services-settings/Attachments.sys.mjs:560:35\ndownloadAsBytes@resource://services-settings/Attachments.sys.mjs:537:35\n","nativeSavedFrame":{}},"formattedStack":"fetch@resource://services-settings/Utils.sys.mjs:224:12\n_fetchAttachment@resource://services-settings/Attachments.sys.mjs:560:35\ndownloadAsBytes@resource://services-settings/Attachments.sys.mjs:537:35\n","nativeSavedFrame":{}},"formattedStack":"fetch/<@resource://services-settings/Utils.sys.mjs:273:15\nfetch@resource://services-settings/Utils.sys.mjs:224:12\n_fetchAttachment@resource://services-settings/Attachments.sys.mjs:560:35\ndownloadAsBytes@resource://services-settings/Attachments.sys.mjs:537:35\n","nativeSavedFrame":{}},"formattedStack":"open@resource://gre/modules/ServiceRequest.sys.mjs:126:11\nfetch/<@resource://services-settings/Utils.sys.mjs:273:15\nfetch@resource://services-settings/Utils.sys.mjs:224:12\n_fetchAttachment@resource://services-settings/Attachments.sys.mjs:560:35\ndownloadAsBytes@resource://services-settings/Attachments.sys.mjs:537:35\n","nativeSavedFrame":{}}
2026-06-19 12:55:06,241 - MainProcess[log-interceptor-4071502449]- selenium_firefox     - DEBUG   : BROWSER 4071502449: driver: - message =
2026-06-19 12:55:06,241 - MainProcess[log-interceptor-4071502449]- selenium_firefox     - DEBUG   : BROWSER 4071502449: driver: - name =
2026-06-19 12:55:06,241 - MainProcess[log-interceptor-4071502449]- selenium_firefox     - DEBUG   : BROWSER 4071502449: driver: - result = 2152071198
2026-06-19 12:55:06,242 - MainProcess[log-interceptor-4071502449]- selenium_firefox     - DEBUG   : BROWSER 4071502449: driver: - stack = open@resource://gre/modules/ServiceRequest.sys.mjs:126:11|fetch/<@resource://services-settings/Utils.sys.mjs:273:15|fetch@resource://services-settings/Utils.sys.mjs:224:12|_fetchAttachment@resource://services-settings/Attachments.sys.mjs:560:35|downloadAsBytes@resource://services-settings/Attachments.sys.mjs:537:35|
2026-06-19 12:55:06,242 - MainProcess[log-interceptor-4071502449]- selenium_firefox     - DEBUG   : BROWSER 4071502449: driver: - prototype Object
2026-06-19 12:55:06,242 - MainProcess[log-interceptor-4071502449]- selenium_firefox     - DEBUG   : BROWSER 4071502449: driver: console.error: RemoteSecuritySettings:
2026-06-19 12:55:06,243 - MainProcess[log-interceptor-4071502449]- selenium_firefox     - DEBUG   : BROWSER 4071502449: driver: failed to download CRLite filter
2026-06-19 12:55:06,243 - MainProcess[log-interceptor-4071502449]- selenium_firefox     - DEBUG   : BROWSER 4071502449: driver: Object
2026-06-19 12:55:06,243 - MainProcess[log-interceptor-4071502449]- selenium_firefox     - DEBUG   : BROWSER 4071502449: driver: - prototype Object
2026-06-19 12:55:06,243 - MainProcess[log-interceptor-4071502449]- selenium_firefox     - DEBUG   : BROWSER 4071502449: driver: - columnNumber = 11
2026-06-19 12:55:06,244 - MainProcess[log-interceptor-4071502449]- selenium_firefox     - DEBUG   : BROWSER 4071502449: driver: - data = null
2026-06-19 12:55:06,244 - MainProcess[log-interceptor-4071502449]- selenium_firefox     - DEBUG   : BROWSER 4071502449: driver: - filename = resource://gre/modules/ServiceRequest.sys.mjs
2026-06-19 12:55:06,245 - MainProcess[log-interceptor-4071502449]- selenium_firefox     - DEBUG   : BROWSER 4071502449: driver: - lineNumber = 126
2026-06-19 12:55:06,245 - MainProcess[log-interceptor-4071502449]- selenium_firefox     - DEBUG   : BROWSER 4071502449: driver: - location = {"name":"open","filename":"resource://gre/modules/ServiceRequest.sys.mjs","sourceId":25,"lineNumber":126,"columnNumber":11,"asyncCause":null,"asyncCaller":null,"caller":{"filename":"resource://services-settings/Utils.sys.mjs","name":"fetch/<","sourceId":24,"lineNumber":273,"columnNumber":15,"asyncCause":null,"asyncCaller":null,"caller":{"filename":"resource://services-settings/Utils.sys.mjs","name":"fetch","sourceId":24,"lineNumber":224,"columnNumber":12,"asyncCause":null,"asyncCaller":null,"caller":{"filename":"resource://services-settings/Attachments.sys.mjs","name":"_fetchAttachment","sourceId":23,"lineNumber":560,"columnNumber":35,"asyncCause":null,"asyncCaller":null,"caller":{"filename":"resource://services-settings/Attachments.sys.mjs","name":"downloadAsBytes","sourceId":23,"lineNumber":537,"columnNumber":35,"asyncCause":null,"asyncCaller":null,"caller":null,"formattedStack":"downloadAsBytes@resource://services-settings/Attachments.sys.mjs:537:35\n","nativeSavedFrame":{}},"formattedStack":"_fetchAttachment@resource://services-settings/Attachments.sys.mjs:560:35\ndownloadAsBytes@resource://services-settings/Attachments.sys.mjs:537:35\n","nativeSavedFrame":{}},"formattedStack":"fetch@resource://services-settings/Utils.sys.mjs:224:12\n_fetchAttachment@resource://services-settings/Attachments.sys.mjs:560:35\ndownloadAsBytes@resource://services-settings/Attachments.sys.mjs:537:35\n","nativeSavedFrame":{}},"formattedStack":"fetch/<@resource://services-settings/Utils.sys.mjs:273:15\nfetch@resource://services-settings/Utils.sys.mjs:224:12\n_fetchAttachment@resource://services-settings/Attachments.sys.mjs:560:35\ndownloadAsBytes@resource://services-settings/Attachments.sys.mjs:537:35\n","nativeSavedFrame":{}},"formattedStack":"open@resource://gre/modules/ServiceRequest.sys.mjs:126:11\nfetch/<@resource://services-settings/Utils.sys.mjs:273:15\nfetch@resource://services-settings/Utils.sys.mjs:224:12\n_fetchAttachment@resource://services-settings/Attachments.sys.mjs:560:35\ndownloadAsBytes@resource://services-settings/Attachments.sys.mjs:537:35\n","nativeSavedFrame":{}}
2026-06-19 12:55:06,245 - MainProcess[log-interceptor-4071502449]- selenium_firefox     - DEBUG   : BROWSER 4071502449: driver: - message =
2026-06-19 12:55:06,245 - MainProcess[log-interceptor-4071502449]- selenium_firefox     - DEBUG   : BROWSER 4071502449: driver: - name =
2026-06-19 12:55:06,246 - MainProcess[log-interceptor-4071502449]- selenium_firefox     - DEBUG   : BROWSER 4071502449: driver: - result = 2152071198
2026-06-19 12:55:06,246 - MainProcess[log-interceptor-4071502449]- selenium_firefox     - DEBUG   : BROWSER 4071502449: driver: - stack = open@resource://gre/modules/ServiceRequest.sys.mjs:126:11|fetch/<@resource://services-settings/Utils.sys.mjs:273:15|fetch@resource://services-settings/Utils.sys.mjs:224:12|_fetchAttachment@resource://services-settings/Attachments.sys.mjs:560:35|downloadAsBytes@resource://services-settings/Attachments.sys.mjs:537:35|
2026-06-19 12:55:06,246 - MainProcess[log-interceptor-4071502449]- selenium_firefox     - DEBUG   : BROWSER 4071502449: driver: - prototype Object
2026-06-19 12:55:06,246 - MainProcess[log-interceptor-4071502449]- selenium_firefox     - DEBUG   : BROWSER 4071502449: driver: console.error: RemoteSecuritySettings:
2026-06-19 12:55:06,246 - MainProcess[log-interceptor-4071502449]- selenium_firefox     - DEBUG   : BROWSER 4071502449: driver: failed to download CRLite filter
2026-06-19 12:55:06,247 - MainProcess[log-interceptor-4071502449]- selenium_firefox     - DEBUG   : BROWSER 4071502449: driver: Object
2026-06-19 12:55:06,247 - MainProcess[log-interceptor-4071502449]- selenium_firefox     - DEBUG   : BROWSER 4071502449: driver: - prototype Object
2026-06-19 12:55:06,247 - MainProcess[log-interceptor-4071502449]- selenium_firefox     - DEBUG   : BROWSER 4071502449: driver: - columnNumber = 11
2026-06-19 12:55:06,247 - MainProcess[log-interceptor-4071502449]- selenium_firefox     - DEBUG   : BROWSER 4071502449: driver: - data = null
2026-06-19 12:55:06,247 - MainProcess[log-interceptor-4071502449]- selenium_firefox     - DEBUG   : BROWSER 4071502449: driver: - filename = resource://gre/modules/ServiceRequest.sys.mjs
2026-06-19 12:55:06,248 - MainProcess[log-interceptor-4071502449]- selenium_firefox     - DEBUG   : BROWSER 4071502449: driver: - lineNumber = 126
2026-06-19 12:55:06,248 - MainProcess[log-interceptor-4071502449]- selenium_firefox     - DEBUG   : BROWSER 4071502449: driver: - location = {"name":"open","filename":"resource://gre/modules/ServiceRequest.sys.mjs","sourceId":25,"lineNumber":126,"columnNumber":11,"asyncCause":null,"asyncCaller":null,"caller":{"filename":"resource://services-settings/Utils.sys.mjs","name":"fetch/<","sourceId":24,"lineNumber":273,"columnNumber":15,"asyncCause":null,"asyncCaller":null,"caller":{"filename":"resource://services-settings/Utils.sys.mjs","name":"fetch","sourceId":24,"lineNumber":224,"columnNumber":12,"asyncCause":null,"asyncCaller":null,"caller":{"filename":"resource://services-settings/Attachments.sys.mjs","name":"_fetchAttachment","sourceId":23,"lineNumber":560,"columnNumber":35,"asyncCause":null,"asyncCaller":null,"caller":{"filename":"resource://services-settings/Attachments.sys.mjs","name":"downloadAsBytes","sourceId":23,"lineNumber":537,"columnNumber":35,"asyncCause":null,"asyncCaller":null,"caller":null,"formattedStack":"downloadAsBytes@resource://services-settings/Attachments.sys.mjs:537:35\n","nativeSavedFrame":{}},"formattedStack":"_fetchAttachment@resource://services-settings/Attachments.sys.mjs:560:35\ndownloadAsBytes@resource://services-settings/Attachments.sys.mjs:537:35\n","nativeSavedFrame":{}},"formattedStack":"fetch@resource://services-settings/Utils.sys.mjs:224:12\n_fetchAttachment@resource://services-settings/Attachments.sys.mjs:560:35\ndownloadAsBytes@resource://services-settings/Attachments.sys.mjs:537:35\n","nativeSavedFrame":{}},"formattedStack":"fetch/<@resource://services-settings/Utils.sys.mjs:273:15\nfetch@resource://services-settings/Utils.sys.mjs:224:12\n_fetchAttachment@resource://services-settings/Attachments.sys.mjs:560:35\ndownloadAsBytes@resource://services-settings/Attachments.sys.mjs:537:35\n","nativeSavedFrame":{}},"formattedStack":"open@resource://gre/modules/ServiceRequest.sys.mjs:126:11\nfetch/<@resource://services-settings/Utils.sys.mjs:273:15\nfetch@resource://services-settings/Utils.sys.mjs:224:12\n_fetchAttachment@resource://services-settings/Attachments.sys.mjs:560:35\ndownloadAsBytes@resource://services-settings/Attachments.sys.mjs:537:35\n","nativeSavedFrame":{}}
2026-06-19 12:55:06,248 - MainProcess[log-interceptor-4071502449]- selenium_firefox     - DEBUG   : BROWSER 4071502449: driver: - message =
2026-06-19 12:55:06,248 - MainProcess[log-interceptor-4071502449]- selenium_firefox     - DEBUG   : BROWSER 4071502449: driver: - name =
2026-06-19 12:55:06,249 - MainProcess[log-interceptor-4071502449]- selenium_firefox     - DEBUG   : BROWSER 4071502449: driver: - result = 2152071198
2026-06-19 12:55:06,249 - MainProcess[log-interceptor-4071502449]- selenium_firefox     - DEBUG   : BROWSER 4071502449: driver: - stack = open@resource://gre/modules/ServiceRequest.sys.mjs:126:11|fetch/<@resource://services-settings/Utils.sys.mjs:273:15|fetch@resource://services-settings/Utils.sys.mjs:224:12|_fetchAttachment@resource://services-settings/Attachments.sys.mjs:560:35|downloadAsBytes@resource://services-settings/Attachments.sys.mjs:537:35|
2026-06-19 12:55:06,249 - MainProcess[log-interceptor-4071502449]- selenium_firefox     - DEBUG   : BROWSER 4071502449: driver: - prototype Object
2026-06-19 12:55:06,258 - MainProcess[MainThread]- storage_controller   - INFO    : Terminating handler for Browser-4071502449, because the underlying socket closed
2026-06-19 12:55:06,258 - MainProcess[log-interceptor-4071502449]- selenium_firefox     - DEBUG   : BROWSER 4071502449: driver: console.error: WebExtensions:
2026-06-19 12:55:06,259 - MainProcess[log-interceptor-4071502449]- selenium_firefox     - DEBUG   : BROWSER 4071502449: driver: Message: [Exception... "Component returned failure code: 0x804b0010 (NS_ERROR_OFFLINE) [nsIInputStream.available]"  nsresult: "0x804b0010 (NS_ERROR_OFFLINE)"  location: "JS frame :: jar:file:///tmp/addon-260bc84f-df79-4026-b7ab-ee16a4aa993a.xpi!/privileged/sockets/api.js :: onInputStreamReady :: line 49"  data: no]
2026-06-19 12:55:06,260 - MainProcess[log-interceptor-4071502449]- selenium_firefox     - DEBUG   : BROWSER 4071502449: driver: Stack:
2026-06-19 12:55:06,260 - MainProcess[log-interceptor-4071502449]- selenium_firefox     - DEBUG   : BROWSER 4071502449: driver: onInputStreamReady@jar:file:///tmp/addon-260bc84f-df79-4026-b7ab-ee16a4aa993a.xpi!/privileged/sockets/api.js:49:33
2026-06-19 12:55:06,260 - MainProcess[log-interceptor-4071502449]- selenium_firefox     - DEBUG   : BROWSER 4071502449: driver: 
2026-06-19 12:55:06,419 - MainProcess[log-interceptor-4071502449]- selenium_firefox     - DEBUG   : BROWSER 4071502449: driver: JavaScript error: resource://services-settings/IDBHelpers.sys.mjs, line 16: Error: IndexedDB: security-state/cert-revocations importChanges() IndexedDB:  execute() The application is shutting down
2026-06-19 12:55:06,713 - MainProcess[MainThread]- browser_manager      - DEBUG   : BROWSER 4071502449: Browser manager closed successfully.
2026-06-19 12:55:06,714 - MainProcess[MainThread]- browser_manager      - DEBUG   : BROWSER 4071502449: during_init=False | profile_archive_dir=None
2026-06-19 12:55:06,783 - MainProcess[MainThread]- storage_controller   - DEBUG   : Sending the shutdown signal to the Storage Controller...
2026-06-19 12:55:06,783 - MainProcess[MainThread]- storage_controller   - INFO    : Terminating handler for TaskManager, because the underlying socket closed
2026-06-19 12:55:10,803 - MainProcess[MainThread]- storage_controller   - INFO    : Received shutdown signal!
2026-06-19 12:55:10,803 - MainProcess[MainThread]- storage_controller   - INFO    : Closing Server
2026-06-19 12:55:10,804 - MainProcess[MainThread]- storage_controller   - INFO    : Closed Server
2026-06-19 12:55:10,804 - MainProcess[MainThread]- storage_controller   - INFO    : Cancelling status_queue_update
2026-06-19 12:55:10,805 - MainProcess[MainThread]- storage_controller   - INFO    : Cancelled status_queue_update
2026-06-19 12:55:10,805 - MainProcess[MainThread]- storage_controller   - INFO    : Cancelling timeout_check
2026-06-19 12:55:10,805 - MainProcess[MainThread]- storage_controller   - INFO    : Cancelled timeout_check
2026-06-19 12:55:10,806 - MainProcess[MainThread]- storage_controller   - INFO    : Starting wait_closed
2026-06-19 12:55:10,806 - MainProcess[MainThread]- storage_controller   - INFO    : Completed wait_closed
2026-06-19 12:55:10,806 - MainProcess[MainThread]- storage_controller   - INFO    : Entering self.shutdown
2026-06-19 12:55:10,816 - MainProcess[MainThread]- storage_controller   - INFO    : structured_storage is shut down
2026-06-19 12:55:10,862 - MainProcess[MainThread]- storage_controller   - DEBUG   : StorageControllerHandle took 4.078045845031738 seconds to close.
