2026-06-19 12:58:26,154 - MainProcess[MainThread]- browser_manager      - INFO    : BROWSER 3394759766: Launching browser...
2026-06-19 12:58:26,156 - MainProcess[MainThread]- browser_manager      - DEBUG   : BROWSER 3394759766: Spawn attempt 0 
2026-06-19 12:58:26,160 - MainProcess[MainThread]- storage_controller   - INFO    : Initializing new handler for TaskManager
2026-06-19 12:58:26,167 - MainProcess[MainThread]- deploy_firefox       - DEBUG   : BROWSER 3394759766: Saved extension config file to: /tmp/firefox_profile__1xtn0gj/browser_params.json
2026-06-19 12:58:26,175 - MainProcess[log-interceptor-3394759766]- selenium_firefox     - DEBUG   : BROWSER 3394759766: driver: 1781866706175	geckodriver	INFO	Listening on 127.0.0.1:26197
2026-06-19 12:58:26,211 - MainProcess[log-interceptor-3394759766]- selenium_firefox     - DEBUG   : BROWSER 3394759766: driver: 1781866706211	mozrunner::runner	INFO	Running command: MOZ_CRASHREPORTER="1" MOZ_CRASHREPORTER_NO_REPORT="1" MOZ_CRASHREPORTER_SHUTDOWN="1" "/home/pedro/Escritorio ...  "--headless" "--width=1366" "--height=768" "--remote-debugging-port" "22195" "--remote-allow-hosts" "localhost" "-no-remote"
2026-06-19 12:58:26,265 - MainProcess[log-interceptor-3394759766]- selenium_firefox     - DEBUG   : BROWSER 3394759766: driver: *** You are running in headless mode.
2026-06-19 12:58:26,373 - MainProcess[log-interceptor-3394759766]- selenium_firefox     - DEBUG   : BROWSER 3394759766: driver: console.warn: services.settings: Ignoring preference override of remote settings server
2026-06-19 12:58:26,374 - MainProcess[log-interceptor-3394759766]- selenium_firefox     - DEBUG   : BROWSER 3394759766: driver: console.warn: services.settings: Allow by setting MOZ_REMOTE_SETTINGS_DEVTOOLS=1 in the environment
2026-06-19 12:58:27,018 - MainProcess[log-interceptor-3394759766]- selenium_firefox     - DEBUG   : BROWSER 3394759766: driver: 1781866707018	Marionette	INFO	Marionette enabled
2026-06-19 12:58:27,339 - MainProcess[log-interceptor-3394759766]- selenium_firefox     - DEBUG   : BROWSER 3394759766: driver: console.error: "Warning: unrecognized command line flag" "-width"
2026-06-19 12:58:27,340 - MainProcess[log-interceptor-3394759766]- selenium_firefox     - DEBUG   : BROWSER 3394759766: driver: console.error: "Warning: unrecognized command line flag" "-height"
2026-06-19 12:58:27,382 - MainProcess[log-interceptor-3394759766]- selenium_firefox     - DEBUG   : BROWSER 3394759766: driver: 1781866707381	Marionette	INFO	Listening on port 15431
2026-06-19 12:58:27,414 - MainProcess[log-interceptor-3394759766]- selenium_firefox     - DEBUG   : BROWSER 3394759766: driver: WebDriver BiDi listening on ws://127.0.0.1:22195
2026-06-19 12:58:27,416 - MainProcess[log-interceptor-3394759766]- selenium_firefox     - DEBUG   : BROWSER 3394759766: driver: Read port: 15431
2026-06-19 12:58:27,503 - MainProcess[log-interceptor-3394759766]- selenium_firefox     - DEBUG   : BROWSER 3394759766: driver: 1781866707503	RemoteAgent	WARN	TLS certificate errors will be ignored for this session
2026-06-19 12:58:30,480 - MainProcess[MainThread]- deploy_firefox       - DEBUG   : BROWSER 3394759766: OpenWPM Firefox extension loaded
2026-06-19 12:58:30,484 - MainProcess[MainThread]- browser_manager      - DEBUG   : BROWSER 3394759766: Looking for extension port information in /tmp/firefox_profile__1xtn0gj
2026-06-19 12:58:30,491 - MainProcess[MainThread]- storage_controller   - INFO    : Initializing new handler for Browser-3394759766
2026-06-19 12:58:30,494 - MainProcess[Thread-1 (_start_listener)]- FirefoxExtension     - DEBUG   : Navigation instrumentation enabled
2026-06-19 12:58:30,495 - MainProcess[log-interceptor-3394759766]- selenium_firefox     - DEBUG   : BROWSER 3394759766: driver: console.log: WebExtensions: Wrote to /tmp/firefox_profile__1xtn0gj/extension_port.txt
2026-06-19 12:58:30,495 - MainProcess[Thread-1 (_start_listener)]- FirefoxExtension     - DEBUG   : Cookie instrumentation enabled
2026-06-19 12:58:30,496 - MainProcess[Thread-1 (_start_listener)]- FirefoxExtension     - DEBUG   : Javascript instrumentation enabled
2026-06-19 12:58:30,517 - MainProcess[Thread-1 (_start_listener)]- FirefoxExtension     - DEBUG   : HTTP Instrumentation enabled
2026-06-19 12:58:30,519 - MainProcess[Thread-1 (_start_listener)]- FirefoxExtension     - DEBUG   : DNS instrumentation enabled
2026-06-19 12:58:30,520 - MainProcess[log-interceptor-3394759766]- selenium_firefox     - DEBUG   : BROWSER 3394759766: driver: console.log: WebExtensions: Wrote to /tmp/firefox_profile__1xtn0gj/OPENWPM_STARTUP_SUCCESS.txt
2026-06-19 12:58:30,585 - MainProcess[MainThread]- browser_manager      - DEBUG   : BROWSER 3394759766: Connecting to extension on port 22427
2026-06-19 12:58:30,586 - MainProcess[MainThread]- browser_manager      - DEBUG   : BROWSER 3394759766: BrowserManager ready.
2026-06-19 12:58:30,587 - MainProcess[MainThread]- browser_manager      - DEBUG   : BROWSER 3394759766: Browser spawn successful!
2026-06-19 12:58:30,649 - MainProcess[MainThread]- storage_controller   - INFO    : Initializing new handler for StorageControllerHandle
2026-06-19 12:58:30,655 - MainProcess[MainThread]- storage_controller   - INFO    : Awaiting all tasks for visit_id -1
2026-06-19 12:58:30,660 - MainProcess[MainThread]- task_manager         - INFO    : 

OpenWPM Version: b'v0.32.0'
Firefox Version: b'148.0'

========== Manager Configuration ==========
{
  "_failure_limit": null,
  "data_directory": "/home/pedro/Escritorio/UNI/CUARTO/tfg/Herramienta_Priv/output/api_tasks/6253af5cc62f/elpais.com_20260619_125821/openwpm",
  "log_path": "/home/pedro/Escritorio/UNI/CUARTO/tfg/Herramienta_Priv/output/api_tasks/6253af5cc62f/elpais.com_20260619_125821/openwpm/openwpm.log",
  "logger_address": [
    "127.0.0.1",
    29975
  ],
  "memory_watchdog": false,
  "num_browsers": 1,
  "process_watchdog": false,
  "screenshot_path": "/home/pedro/Escritorio/UNI/CUARTO/tfg/Herramienta_Priv/output/api_tasks/6253af5cc62f/elpais.com_20260619_125821/openwpm/screenshots",
  "source_dump_path": "/home/pedro/Escritorio/UNI/CUARTO/tfg/Herramienta_Priv/output/api_tasks/6253af5cc62f/elpais.com_20260619_125821/openwpm/sources",
  "storage_controller_address": [
    "127.0.0.1",
    14215
  ],
  "testing": false
}

========== Browser Configuration ==========
Keys:
{
  "browser_id": 0,
  "bot_mitigation": 1,
  "browser": 2,
  "callstack_instrument": 3,
  "cookie_instrument": 4,
  "custom_params": 5,
  "display_mode": 6,
  "dns_instrument": 7,
  "donottrack": 8,
  "http_instrument": 9,
  "js_instrument": 10,
  "js_instrument_settings": 11,
  "maximum_profile_size": 12,
  "navigation_instrument": 13,
  "prefs": 14,
  "profile_path": 15,
  "recovery_tar": 16,
  "save_content": 17,
  "tmp_profile_dir": 18,
  "tp_cookies": 19,
  "tracking_protection": 20
}

         0  1      2        3      4     5    6         7     8      9     10    11                             12    13    14    15    16    17     18    19      20
----------  -----  -------  -----  ----  ---  --------  ----  -----  ----  ----  -----------------------------  ----  ----  ----  ----  ----  -----  ----  ------  -----
3394759766  False  firefox  False  True  {}   headless  True  False  True  True  ['collection_fingerprinting']        True  {}                False  /tmp  always  False

========== JS Instrument Settings ==========
{"3394759766":[{"object":"window['ScriptProcessorNode'].prototype","instrumentedName":"ScriptProcessorNode","logSettings":{"propertiesToInstrument":[],"nonExistingPropertiesToInstrument":[],"excludedProperties":[],"logCallStack":false,"logFunctionsAsStrings":false,"logFunctionGets":false,"preventSets":false,"recursive":false,"depth":5}},{"object":"window['GainNode'].prototype","instrumentedName":"GainNode","logSettings":{"propertiesToInstrument":[],"nonExistingPropertiesToInstrument":[],"excludedProperties":[],"logCallStack":false,"logFunctionsAsStrings":false,"logFunctionGets":false,"preventSets":false,"recursive":false,"depth":5}},{"object":"window['AnalyserNode'].prototype","instrumentedName":"AnalyserNode","logSettings":{"propertiesToInstrument":[],"nonExistingPropertiesToInstrument":[],"excludedProperties":[],"logCallStack":false,"logFunctionsAsStrings":false,"logFunctionGets":false,"preventSets":false,"recursive":false,"depth":5}},{"object":"window['OscillatorNode'].prototype","instrumentedName":"OscillatorNode","logSettings":{"propertiesToInstrument":[],"nonExistingPropertiesToInstrument":[],"excludedProperties":[],"logCallStack":false,"logFunctionsAsStrings":false,"logFunctionGets":false,"preventSets":false,"recursive":false,"depth":5}},{"object":"window['OfflineAudioContext'].prototype","instrumentedName":"OfflineAudioContext","logSettings":{"propertiesToInstrument":[],"nonExistingPropertiesToInstrument":[],"excludedProperties":[],"logCallStack":false,"logFunctionsAsStrings":false,"logFunctionGets":false,"preventSets":false,"recursive":false,"depth":5}},{"object":"window['AudioContext'].prototype","instrumentedName":"AudioContext","logSettings":{"propertiesToInstrument":[],"nonExistingPropertiesToInstrument":[],"excludedProperties":[],"logCallStack":false,"logFunctionsAsStrings":false,"logFunctionGets":false,"preventSets":false,"recursive":false,"depth":5}},{"object":"window['RTCPeerConnection'].prototype","instrumentedName":"RTCPeerConnection","logSettings":{"propertiesToInstrument":[],"nonExistingPropertiesToInstrument":[],"excludedProperties":[],"logCallStack":false,"logFunctionsAsStrings":false,"logFunctionGets":false,"preventSets":false,"recursive":false,"depth":5}},{"object":"window['HTMLCanvasElement'].prototype","instrumentedName":"HTMLCanvasElement","logSettings":{"propertiesToInstrument":[],"nonExistingPropertiesToInstrument":[],"excludedProperties":[],"logCallStack":false,"logFunctionsAsStrings":false,"logFunctionGets":false,"preventSets":false,"recursive":false,"depth":5}},{"object":"window['Storage'].prototype","instrumentedName":"Storage","logSettings":{"propertiesToInstrument":[],"nonExistingPropertiesToInstrument":[],"excludedProperties":[],"logCallStack":false,"logFunctionsAsStrings":false,"logFunctionGets":false,"preventSets":false,"recursive":false,"depth":5}},{"object":"window.navigator","instrumentedName":"window.navigator","logSettings":{"propertiesToInstrument":[],"nonExistingPropertiesToInstrument":[],"excludedProperties":[],"logCallStack":false,"logFunctionsAsStrings":false,"logFunctionGets":false,"preventSets":false,"recursive":false,"depth":5}},{"object":"window['CanvasRenderingContext2D'].prototype","instrumentedName":"CanvasRenderingContext2D","logSettings":{"propertiesToInstrument":[],"nonExistingPropertiesToInstrument":[],"excludedProperties":["closePath","clearRect","beginPath","canvas","setTransform","transform","drawImage","moveTo","translate","quadraticCurveTo","lineTo","globalAlpha"],"logCallStack":false,"logFunctionsAsStrings":false,"logFunctionGets":false,"preventSets":false,"recursive":false,"depth":5}},{"object":"window","instrumentedName":"window","logSettings":{"propertiesToInstrument":["name","sessionStorage","localStorage"],"nonExistingPropertiesToInstrument":[],"excludedProperties":[],"logCallStack":false,"logFunctionsAsStrings":false,"logFunctionGets":false,"preventSets":false,"recursive":false,"depth":5}},{"object":"window.document","instrumentedName":"window.document","logSettings":{"propertiesToInstrument":["cookie","referrer"],"nonExistingPropertiesToInstrument":[],"excludedProperties":[],"logCallStack":true,"logFunctionsAsStrings":false,"logFunctionGets":false,"preventSets":false,"recursive":false,"depth":5}},{"object":"window.screen","instrumentedName":"window.screen","logSettings":{"propertiesToInstrument":["pixelDepth","colorDepth"],"nonExistingPropertiesToInstrument":[],"excludedProperties":[],"logCallStack":false,"logFunctionsAsStrings":false,"logFunctionGets":false,"preventSets":false,"recursive":false,"depth":5}}]}

========== Input profile tar files ==========
  No profile tar files specified

========== Output (archive) profile dirs ==========
  No profile archive directories specified


2026-06-19 12:58:30,656 - MainProcess[MainThread]- storage_controller   - DEBUG   : Awaited all tasks for visit_id -1 while finalizing
2026-06-19 12:58:30,668 - MainProcess[MainThread]- storage_controller   - INFO    : Terminating handler for StorageControllerHandle, because the underlying socket closed
2026-06-19 12:58:31,157 - MainProcess[MainThread]- storage_controller   - DEBUG   : StorageController status: There are currently 0 scheduled tasks for 0 visit_ids
2026-06-19 12:58:31,158 - MainProcess[MainThread]- task_manager         - DEBUG   : Checking command failure status indicator...
2026-06-19 12:58:31,160 - MainProcess[BrowserManagerHandle-3394759766]- browser_manager      - INFO    : Starting to work on CommandSequence with visit_id 7078328156668080 on browser with id 3394759766
2026-06-19 12:58:31,166 - MainProcess[MainThread]- browser_manager      - INFO    : BROWSER 3394759766: EXECUTING COMMAND: InitializeCommand()
2026-06-19 12:58:31,172 - MainProcess[MainThread]- browser_manager      - INFO    : BROWSER 3394759766: EXECUTING COMMAND: GetCommand(https://elpais.com/,15)
2026-06-19 12:58:31,213 - MainProcess[Thread-1 (_start_listener)]- FirefoxExtension     - DEBUG   : Setting visit_id the legacy way
2026-06-19 12:58:36,160 - MainProcess[MainThread]- storage_controller   - DEBUG   : StorageController status: There are currently 0 scheduled tasks for 1 visit_ids
2026-06-19 12:58:41,164 - MainProcess[MainThread]- storage_controller   - DEBUG   : StorageController status: There are currently 0 scheduled tasks for 1 visit_ids
2026-06-19 12:58:46,170 - MainProcess[MainThread]- storage_controller   - DEBUG   : StorageController status: There are currently 0 scheduled tasks for 1 visit_ids
2026-06-19 12:58:49,597 - MainProcess[MainThread]- browser_manager      - INFO    : BROWSER 3394759766: EXECUTING COMMAND: FinalizeCommand(5)
2026-06-19 12:58:51,173 - MainProcess[MainThread]- storage_controller   - DEBUG   : StorageController status: There are currently 0 scheduled tasks for 1 visit_ids
2026-06-19 12:58:54,808 - MainProcess[BrowserManagerHandle-3394759766]- browser_manager      - INFO    : Finished working on CommandSequence with visit_id 7078328156668080 on browser with id 3394759766
2026-06-19 12:58:54,810 - MainProcess[MainThread]- storage_controller   - INFO    : Awaiting all tasks for visit_id 7078328156668080
2026-06-19 12:58:54,810 - MainProcess[MainThread]- storage_controller   - DEBUG   : Awaited all tasks for visit_id 7078328156668080 while finalizing
2026-06-19 12:58:56,176 - MainProcess[MainThread]- storage_controller   - DEBUG   : StorageController status: There are currently 0 scheduled tasks for 0 visit_ids
2026-06-19 12:58:56,809 - MainProcess[MainThread]- browser_manager      - DEBUG   : BROWSER 3394759766: Closing browser manager...
2026-06-19 12:58:56,809 - MainProcess[MainThread]- browser_manager      - DEBUG   : BROWSER 3394759766: Closing browser...
2026-06-19 12:58:56,810 - MainProcess[MainThread]- browser_manager      - DEBUG   : BROWSER 3394759766: Joining command thread
2026-06-19 12:58:56,810 - MainProcess[MainThread]- browser_manager      - DEBUG   : BROWSER 3394759766: 0.000017 seconds to join command thread
2026-06-19 12:58:56,815 - MainProcess[log-interceptor-3394759766]- selenium_firefox     - DEBUG   : BROWSER 3394759766: driver: 1781866736815	Marionette	INFO	Stopped listening on port 15431
2026-06-19 12:58:57,464 - MainProcess[log-interceptor-3394759766]- selenium_firefox     - DEBUG   : BROWSER 3394759766: driver: console.warn: TopSitesFeed: Failed to fetch data from MARS server: NetworkError when attempting to fetch resource.
2026-06-19 12:58:57,487 - MainProcess[log-interceptor-3394759766]- selenium_firefox     - DEBUG   : BROWSER 3394759766: driver: console.error: (new Error("Polling for changes failed: .", "resource://services-settings/remote-settings.sys.mjs", 482))
2026-06-19 12:58:57,492 - MainProcess[log-interceptor-3394759766]- selenium_firefox     - DEBUG   : BROWSER 3394759766: driver: 1781866737492	addons.xpi	ERROR	System addon update list error [Exception... "<no message>"  nsresult: "0x8046001e (<unknown>)"  location: "JS frame :: resource://gre/modules/ServiceRequest.sys.mjs :: open :: line 126"  data: no]
2026-06-19 12:58:57,515 - MainProcess[log-interceptor-3394759766]- selenium_firefox     - DEBUG   : BROWSER 3394759766: driver: JavaScript error: resource://gre/modules/UpdateService.sys.mjs, line 5603:
2026-06-19 12:58:57,528 - MainProcess[log-interceptor-3394759766]- selenium_firefox     - DEBUG   : BROWSER 3394759766: driver: console.error: Region.sys.mjs: "Error fetching region" (new TypeError("NetworkError when attempting to fetch resource.", ""))
2026-06-19 12:58:57,528 - MainProcess[log-interceptor-3394759766]- selenium_firefox     - DEBUG   : BROWSER 3394759766: driver: console.error: Region.sys.mjs: "Failed to fetch region" (new Error("NO_RESULT", "resource://gre/modules/Region.sys.mjs", 396))
2026-06-19 12:58:57,529 - MainProcess[log-interceptor-3394759766]- selenium_firefox     - DEBUG   : BROWSER 3394759766: driver: console.error: WebExtensions:
2026-06-19 12:58:57,529 - MainProcess[MainThread]- storage_controller   - INFO    : Terminating handler for Browser-3394759766, because the underlying socket closed
2026-06-19 12:58:57,530 - MainProcess[log-interceptor-3394759766]- selenium_firefox     - DEBUG   : BROWSER 3394759766: driver: Message: [Exception... "Component returned failure code: 0x804b0010 (NS_ERROR_OFFLINE) [nsIInputStream.available]"  nsresult: "0x804b0010 (NS_ERROR_OFFLINE)"  location: "JS frame :: jar:file:///tmp/addon-4e44bff3-51fb-48bd-9db8-0c53b2432cce.xpi!/privileged/sockets/api.js :: onInputStreamReady :: line 49"  data: no]
2026-06-19 12:58:57,530 - MainProcess[log-interceptor-3394759766]- selenium_firefox     - DEBUG   : BROWSER 3394759766: driver: Stack:
2026-06-19 12:58:57,531 - MainProcess[log-interceptor-3394759766]- selenium_firefox     - DEBUG   : BROWSER 3394759766: driver: onInputStreamReady@jar:file:///tmp/addon-4e44bff3-51fb-48bd-9db8-0c53b2432cce.xpi!/privileged/sockets/api.js:49:33
2026-06-19 12:58:57,531 - MainProcess[log-interceptor-3394759766]- selenium_firefox     - DEBUG   : BROWSER 3394759766: driver: 
2026-06-19 12:58:57,902 - MainProcess[MainThread]- browser_manager      - DEBUG   : BROWSER 3394759766: Browser manager closed successfully.
2026-06-19 12:58:57,903 - MainProcess[MainThread]- browser_manager      - DEBUG   : BROWSER 3394759766: during_init=False | profile_archive_dir=None
2026-06-19 12:58:57,946 - MainProcess[MainThread]- storage_controller   - DEBUG   : Sending the shutdown signal to the Storage Controller...
2026-06-19 12:58:57,946 - MainProcess[MainThread]- storage_controller   - INFO    : Terminating handler for TaskManager, because the underlying socket closed
2026-06-19 12:59:01,177 - MainProcess[MainThread]- storage_controller   - INFO    : Received shutdown signal!
2026-06-19 12:59:01,177 - MainProcess[MainThread]- storage_controller   - INFO    : Closing Server
2026-06-19 12:59:01,178 - MainProcess[MainThread]- storage_controller   - INFO    : Closed Server
2026-06-19 12:59:01,178 - MainProcess[MainThread]- storage_controller   - INFO    : Cancelling status_queue_update
2026-06-19 12:59:01,179 - MainProcess[MainThread]- storage_controller   - INFO    : Cancelled status_queue_update
2026-06-19 12:59:01,180 - MainProcess[MainThread]- storage_controller   - INFO    : Cancelling timeout_check
2026-06-19 12:59:01,182 - MainProcess[MainThread]- storage_controller   - INFO    : Cancelled timeout_check
2026-06-19 12:59:01,182 - MainProcess[MainThread]- storage_controller   - INFO    : Starting wait_closed
2026-06-19 12:59:01,183 - MainProcess[MainThread]- storage_controller   - INFO    : Completed wait_closed
2026-06-19 12:59:01,185 - MainProcess[MainThread]- storage_controller   - INFO    : Entering self.shutdown
2026-06-19 12:59:01,186 - MainProcess[MainThread]- storage_controller   - INFO    : structured_storage is shut down
2026-06-19 12:59:01,191 - MainProcess[MainThread]- storage_controller   - DEBUG   : StorageControllerHandle took 3.2447586059570312 seconds to close.
